Archive member included to satisfy reference by file (symbol)

c:/stm32bluepill-mynewt-sensor/bin/targets/stm32l4_boot/app/hw/bsp/stm32l4/hw_bsp_stm32l4.a(startup_stm32l476xx.o)
                              (Reset_Handler)
c:/stm32bluepill-mynewt-sensor/bin/targets/stm32l4_boot/app/hw/bsp/stm32l4/hw_bsp_stm32l4.a(system_stm32l4xx.o)
                              c:/stm32bluepill-mynewt-sensor/bin/targets/stm32l4_boot/app/hw/bsp/stm32l4/hw_bsp_stm32l4.a(startup_stm32l476xx.o) (SystemInit)
c:/stm32bluepill-mynewt-sensor/bin/targets/stm32l4_boot/app/hw/cmsis-core/hw_cmsis-core.a(cmsis_nvic.o)
                              c:/stm32bluepill-mynewt-sensor/bin/targets/stm32l4_boot/app/hw/bsp/stm32l4/hw_bsp_stm32l4.a(system_stm32l4xx.o) (NVIC_Relocate)
c:/stm32bluepill-mynewt-sensor/bin/targets/stm32l4_boot/app/libc/baselibc/libc_baselibc.a(start.o)
                              c:/stm32bluepill-mynewt-sensor/bin/targets/stm32l4_boot/app/hw/bsp/stm32l4/hw_bsp_stm32l4.a(startup_stm32l476xx.o) (_start)
c:/stm32bluepill-mynewt-sensor/bin/targets/stm32l4_boot/app/apps/boot_stub/apps_boot_stub.a(boot.o)
                              c:/stm32bluepill-mynewt-sensor/bin/targets/stm32l4_boot/app/libc/baselibc/libc_baselibc.a(start.o) (main)
c:/stm32bluepill-mynewt-sensor/bin/targets/stm32l4_boot/app/hw/bsp/stm32l4/hw_bsp_stm32l4.a(hal_bsp.o)
                              c:/stm32bluepill-mynewt-sensor/bin/targets/stm32l4_boot/app/apps/boot_stub/apps_boot_stub.a(boot.o) (hal_bsp_init)
c:/stm32bluepill-mynewt-sensor/bin/targets/stm32l4_boot/app/hw/hal/hw_hal.a(hal_common.o)
                              c:/stm32bluepill-mynewt-sensor/bin/targets/stm32l4_boot/app/libc/baselibc/libc_baselibc.a(start.o) (_exit)
c:/stm32bluepill-mynewt-sensor/bin/targets/stm32l4_boot/app/hw/mcu/stm/stm32_common/hw_mcu_stm_stm32_common.a(hal_flash.o)
                              c:/stm32bluepill-mynewt-sensor/bin/targets/stm32l4_boot/app/hw/bsp/stm32l4/hw_bsp_stm32l4.a(hal_bsp.o) (stm32_flash_dev)
c:/stm32bluepill-mynewt-sensor/bin/targets/stm32l4_boot/app/hw/mcu/stm/stm32_common/hw_mcu_stm_stm32_common.a(hal_system.o)
                              c:/stm32bluepill-mynewt-sensor/bin/targets/stm32l4_boot/app/hw/hal/hw_hal.a(hal_common.o) (hal_system_reset)
c:/stm32bluepill-mynewt-sensor/bin/targets/stm32l4_boot/app/hw/mcu/stm/stm32_common/hw_mcu_stm_stm32_common.a(hal_system_start.o)
                              c:/stm32bluepill-mynewt-sensor/bin/targets/stm32l4_boot/app/apps/boot_stub/apps_boot_stub.a(boot.o) (hal_system_start)
c:/stm32bluepill-mynewt-sensor/bin/targets/stm32l4_boot/app/hw/mcu/stm/stm32_common/hw_mcu_stm_stm32_common.a(hal_timer.o)
                              c:/stm32bluepill-mynewt-sensor/bin/targets/stm32l4_boot/app/hw/bsp/stm32l4/hw_bsp_stm32l4.a(hal_bsp.o) (hal_timer_init)
c:/stm32bluepill-mynewt-sensor/bin/targets/stm32l4_boot/app/hw/mcu/stm/stm32_common/hw_mcu_stm_stm32_common.a(hal_watchdog.o)
                              c:/stm32bluepill-mynewt-sensor/bin/targets/stm32l4_boot/app/hw/mcu/stm/stm32_common/hw_mcu_stm_stm32_common.a(hal_flash.o) (hal_watchdog_tickle)
c:/stm32bluepill-mynewt-sensor/bin/targets/stm32l4_boot/app/hw/mcu/stm/stm32l4xx/hw_mcu_stm_stm32l4xx.a(stm32l4xx_hal_flash.o)
                              c:/stm32bluepill-mynewt-sensor/bin/targets/stm32l4_boot/app/hw/mcu/stm/stm32_common/hw_mcu_stm_stm32_common.a(hal_flash.o) (HAL_FLASH_Unlock)
c:/stm32bluepill-mynewt-sensor/bin/targets/stm32l4_boot/app/hw/mcu/stm/stm32l4xx/hw_mcu_stm_stm32l4xx.a(stm32l4xx_hal_flash_ex.o)
                              c:/stm32bluepill-mynewt-sensor/bin/targets/stm32l4_boot/app/hw/mcu/stm/stm32l4xx/hw_mcu_stm_stm32l4xx.a(stm32l4xx_hal_flash.o) (FLASH_PageErase)
c:/stm32bluepill-mynewt-sensor/bin/targets/stm32l4_boot/app/hw/mcu/stm/stm32l4xx/hw_mcu_stm_stm32l4xx.a(stm32l4xx_hal_iwdg.o)
                              c:/stm32bluepill-mynewt-sensor/bin/targets/stm32l4_boot/app/hw/mcu/stm/stm32_common/hw_mcu_stm_stm32_common.a(hal_watchdog.o) (HAL_IWDG_Init)
c:/stm32bluepill-mynewt-sensor/bin/targets/stm32l4_boot/app/hw/mcu/stm/stm32l4xx/hw_mcu_stm_stm32l4xx.a(stm32l4xx_hal_tim.o)
                              c:/stm32bluepill-mynewt-sensor/bin/targets/stm32l4_boot/app/hw/mcu/stm/stm32_common/hw_mcu_stm_stm32_common.a(hal_timer.o) (TIM_Base_SetConfig)
c:/stm32bluepill-mynewt-sensor/bin/targets/stm32l4_boot/app/hw/mcu/stm/stm32l4xx/hw_mcu_stm_stm32l4xx.a(stm32l4xx_hal_tim_ex.o)
                              c:/stm32bluepill-mynewt-sensor/bin/targets/stm32l4_boot/app/hw/mcu/stm/stm32l4xx/hw_mcu_stm_stm32l4xx.a(stm32l4xx_hal_tim.o) (TIMEx_DMACommutationCplt)
c:/stm32bluepill-mynewt-sensor/bin/targets/stm32l4_boot/app/hw/mcu/stm/stm32l4xx/hw_mcu_stm_stm32l4xx.a(hal_flash.o)
                              c:/stm32bluepill-mynewt-sensor/bin/targets/stm32l4_boot/app/hw/mcu/stm/stm32_common/hw_mcu_stm_stm32_common.a(hal_flash.o) (stm32_mcu_flash_erase_sector)
[...]
Memory Configuration

Name             Origin             Length             Attributes
FLASH            0x08000000         0x00004000         xr
RAM              0x20000000         0x00018000         xrw
*default*        0x00000000         0xffffffff

Linker script and memory map

START GROUP
LOAD c:/stm32bluepill-mynewt-sensor/bin/targets/stm32l4_boot/app/apps/boot_stub/apps_boot_stub.a
LOAD c:/stm32bluepill-mynewt-sensor/bin/targets/stm32l4_boot/app/hw/bsp/stm32l4/hw_bsp_stm32l4.a
LOAD c:/stm32bluepill-mynewt-sensor/bin/targets/stm32l4_boot/app/hw/cmsis-core/hw_cmsis-core.a
LOAD c:/stm32bluepill-mynewt-sensor/bin/targets/stm32l4_boot/app/hw/hal/hw_hal.a
LOAD c:/stm32bluepill-mynewt-sensor/bin/targets/stm32l4_boot/app/hw/mcu/stm/stm32_common/hw_mcu_stm_stm32_common.a
LOAD c:/stm32bluepill-mynewt-sensor/bin/targets/stm32l4_boot/app/hw/mcu/stm/stm32l4xx/hw_mcu_stm_stm32l4xx.a
LOAD c:/stm32bluepill-mynewt-sensor/bin/targets/stm32l4_boot/app/kernel/os/kernel_os.a
LOAD c:/stm32bluepill-mynewt-sensor/bin/targets/stm32l4_boot/app/libc/baselibc/libc_baselibc.a
LOAD c:/stm32bluepill-mynewt-sensor/bin/targets/stm32l4_boot/app/sys/flash_map/sys_flash_map.a
LOAD c:/stm32bluepill-mynewt-sensor/bin/targets/stm32l4_boot/app/sys/log/modlog/sys_log_modlog.a
LOAD c:/stm32bluepill-mynewt-sensor/bin/targets/stm32l4_boot/app/sys/log/stub/sys_log_stub.a
LOAD c:/stm32bluepill-mynewt-sensor/bin/targets/stm32l4_boot/app/sys/mfg/sys_mfg.a
LOAD c:/stm32bluepill-mynewt-sensor/bin/targets/stm32l4_boot/app/sys/sysdown/sys_sysdown.a
LOAD c:/stm32bluepill-mynewt-sensor/bin/targets/stm32l4_boot/app/sys/sysinit/sys_sysinit.a
LOAD c:/stm32bluepill-mynewt-sensor/bin/targets/stm32l4_boot/app/util/mem/util_mem.a
LOAD c:/stm32bluepill-mynewt-sensor/bin/targets/stm32l4_boot/app/util/rwlock/util_rwlock.a
LOAD c:/stm32bluepill-mynewt-sensor/bin/targets/stm32l4_boot/generated/bin/stm32l4_boot-sysinit-app.a
END GROUP
LOAD c:/program files (x86)/gnu tools arm embedded/7 2018-q2-update/bin/../lib/gcc/arm-none-eabi/7.3.1/thumb/v7e-m\libgcc.a
START GROUP
LOAD c:/program files (x86)/gnu tools arm embedded/7 2018-q2-update/bin/../lib/gcc/arm-none-eabi/7.3.1/thumb/v7e-m\libgcc.a
LOAD c:/program files (x86)/gnu tools arm embedded/7 2018-q2-update/bin/../lib/gcc/arm-none-eabi/7.3.1/../../../../arm-none-eabi/lib/thumb/v7e-m\libg.a
LOAD c:/program files (x86)/gnu tools arm embedded/7 2018-q2-update/bin/../lib/gcc/arm-none-eabi/7.3.1/../../../../arm-none-eabi/lib/thumb/v7e-m\libc.a
END GROUP
START GROUP
LOAD c:/program files (x86)/gnu tools arm embedded/7 2018-q2-update/bin/../lib/gcc/arm-none-eabi/7.3.1/thumb/v7e-m\libgcc.a
LOAD c:/program files (x86)/gnu tools arm embedded/7 2018-q2-update/bin/../lib/gcc/arm-none-eabi/7.3.1/../../../../arm-none-eabi/lib/thumb/v7e-m\libc.a
LOAD c:/program files (x86)/gnu tools arm embedded/7 2018-q2-update/bin/../lib/gcc/arm-none-eabi/7.3.1/../../../../arm-none-eabi/lib/thumb/v7e-m\libnosys.a
END GROUP
                0x00000000                _imghdr_size = 0x0
                0x20018000                _estack = (ORIGIN (RAM) + LENGTH (RAM))

.imghdr         0x08000000        0x0
                0x08000000                . = (. + _imghdr_size)

.text           0x08000000      0xb10
                0x08000000                . = ALIGN (0x8)
                0x08000000                __isr_vector_start = .
 *(.isr_vector)
 .isr_vector    0x08000000      0x188 c:/stm32bluepill-mynewt-sensor/bin/targets/stm32l4_boot/app/hw/bsp/stm32l4/hw_bsp_stm32l4.a(startup_stm32l476xx.o)
                0x08000000                g_pfnVectors
                0x08000000                __isr_vector
                0x08000188                __isr_vector_end = .
 *(.text*)
 .text.Reset_Handler
                0x08000188       0x64 c:/stm32bluepill-mynewt-sensor/bin/targets/stm32l4_boot/app/hw/bsp/stm32l4/hw_bsp_stm32l4.a(startup_stm32l476xx.o)
                0x08000188                Reset_Handler
 .text.Default_Handler
                0x080001ec        0x2 c:/stm32bluepill-mynewt-sensor/bin/targets/stm32l4_boot/app/hw/bsp/stm32l4/hw_bsp_stm32l4.a(startup_stm32l476xx.o)
                0x080001ec                RTC_Alarm_IRQHandler
                0x080001ec                EXTI2_IRQHandler
                0x080001ec                TIM8_TRG_COM_IRQHandler
                0x080001ec                TIM8_CC_IRQHandler
                0x080001ec                DebugMon_Handler
                0x080001ec                TIM1_CC_IRQHandler
                0x080001ec                TSC_IRQHandler
                0x080001ec                HardFault_Handler
                0x080001ec                TAMP_STAMP_IRQHandler
                0x080001ec                NMI_Handler
                0x080001ec                EXTI3_IRQHandler
                0x080001ec                LPTIM2_IRQHandler
                0x080001ec                DFSDM1_FLT1_IRQHandler
                0x080001ec                I2C3_ER_IRQHandler
                0x080001ec                DFSDM1_FLT2_IRQHandler
                0x080001ec                EXTI0_IRQHandler
                0x080001ec                I2C2_EV_IRQHandler
                0x080001ec                CAN1_RX0_IRQHandler
                0x080001ec                FPU_IRQHandler
                0x080001ec                TIM1_UP_TIM16_IRQHandler
                0x080001ec                UsageFault_Handler
                0x080001ec                ADC1_2_IRQHandler
                0x080001ec                SPI1_IRQHandler
                0x080001ec                TIM6_DAC_IRQHandler
                0x080001ec                TIM8_UP_IRQHandler
                0x080001ec                DMA2_Channel2_IRQHandler
                0x080001ec                DMA1_Channel4_IRQHandler
                0x080001ec                SAI2_IRQHandler
                0x080001ec                DFSDM1_FLT3_IRQHandler
                0x080001ec                USART3_IRQHandler
                0x080001ec                DMA1_Channel7_IRQHandler
                0x080001ec                CAN1_RX1_IRQHandler
                0x080001ec                LCD_IRQHandler
                0x080001ec                UART5_IRQHandler
                0x080001ec                ADC3_IRQHandler
                0x080001ec                TIM4_IRQHandler
                0x080001ec                DMA2_Channel1_IRQHandler
                0x080001ec                QUADSPI_IRQHandler
                0x080001ec                I2C1_EV_IRQHandler
                0x080001ec                DMA1_Channel6_IRQHandler
                0x080001ec                UART4_IRQHandler
                0x080001ec                DMA2_Channel4_IRQHandler
                0x080001ec                TIM3_IRQHandler
                0x080001ec                RCC_IRQHandler
                0x080001ec                DMA1_Channel1_IRQHandler
                0x080001ec                Default_Handler
                0x080001ec                DMA2_Channel7_IRQHandler
                0x080001ec                EXTI15_10_IRQHandler
                0x080001ec                TIM7_IRQHandler
                0x080001ec                SDMMC1_IRQHandler
                0x080001ec                TIM5_IRQHandler
                0x080001ec                I2C3_EV_IRQHandler
                0x080001ec                EXTI9_5_IRQHandler
                0x080001ec                RTC_WKUP_IRQHandler
                0x080001ec                PVD_PVM_IRQHandler
                0x080001ec                SPI2_IRQHandler
                0x080001ec                MemManage_Handler
                0x080001ec                CAN1_TX_IRQHandler
                0x080001ec                DMA2_Channel5_IRQHandler
                0x080001ec                DMA1_Channel5_IRQHandler
                0x080001ec                EXTI4_IRQHandler
                0x080001ec                RNG_IRQHandler
                0x080001ec                TIM1_TRG_COM_TIM17_IRQHandler
                0x080001ec                DMA1_Channel3_IRQHandler
                0x080001ec                COMP_IRQHandler
                0x080001ec                WWDG_IRQHandler
                0x080001ec                LPUART1_IRQHandler
                0x080001ec                DMA2_Channel6_IRQHandler
                0x080001ec                TIM2_IRQHandler
                0x080001ec                EXTI1_IRQHandler
                0x080001ec                USART2_IRQHandler
                0x080001ec                DFSDM1_FLT0_IRQHandler
                0x080001ec                I2C2_ER_IRQHandler
                0x080001ec                DMA1_Channel2_IRQHandler
                0x080001ec                TIM8_BRK_IRQHandler
                0x080001ec                CAN1_SCE_IRQHandler
                0x080001ec                FLASH_IRQHandler
                0x080001ec                BusFault_Handler
                0x080001ec                USART1_IRQHandler
                0x080001ec                OTG_FS_IRQHandler
                0x080001ec                SPI3_IRQHandler
                0x080001ec                I2C1_ER_IRQHandler
                0x080001ec                FMC_IRQHandler
                0x080001ec                SWPMI1_IRQHandler
                0x080001ec                LPTIM1_IRQHandler
                0x080001ec                SAI1_IRQHandler
                0x080001ec                DMA2_Channel3_IRQHandler
                0x080001ec                TIM1_BRK_TIM15_IRQHandler
 *fill*         0x080001ee        0x2 
 .text.SystemInit
                0x080001f0       0x38 c:/stm32bluepill-mynewt-sensor/bin/targets/stm32l4_boot/app/hw/bsp/stm32l4/hw_bsp_stm32l4.a(system_stm32l4xx.o)
                0x080001f0                SystemInit
 .text.NVIC_Relocate
                0x08000228       0x34 c:/stm32bluepill-mynewt-sensor/bin/targets/stm32l4_boot/app/hw/cmsis-core/hw_cmsis-core.a(cmsis_nvic.o)
                0x08000228                NVIC_Relocate
 .text._start   0x0800025c        0xe c:/stm32bluepill-mynewt-sensor/bin/targets/stm32l4_boot/app/libc/baselibc/libc_baselibc.a(start.o)
                0x0800025c                _start
 .text._init    0x0800026a        0x2 c:/stm32bluepill-mynewt-sensor/bin/targets/stm32l4_boot/app/libc/baselibc/libc_baselibc.a(start.o)
                0x0800026a                _init
 .text.main     0x0800026c       0x14 c:/stm32bluepill-mynewt-sensor/bin/targets/stm32l4_boot/app/apps/boot_stub/apps_boot_stub.a(boot.o)
                0x0800026c                main
 .text.hal_bsp_init
                0x08000280       0x28 c:/stm32bluepill-mynewt-sensor/bin/targets/stm32l4_boot/app/hw/bsp/stm32l4/hw_bsp_stm32l4.a(hal_bsp.o)
                0x08000280                hal_bsp_init
 .text._exit    0x080002a8        0x6 c:/stm32bluepill-mynewt-sensor/bin/targets/stm32l4_boot/app/hw/hal/hw_hal.a(hal_common.o)
                0x080002a8                _exit
 *fill*         0x080002ae        0x2 
 .text.hal_debugger_connected
                0x080002b0       0x10 c:/stm32bluepill-mynewt-sensor/bin/targets/stm32l4_boot/app/hw/mcu/stm/stm32_common/hw_mcu_stm_stm32_common.a(hal_system.o)
                0x080002b0                hal_debugger_connected
 .text.hal_system_reset
                0x080002c0       0x2c c:/stm32bluepill-mynewt-sensor/bin/targets/stm32l4_boot/app/hw/mcu/stm/stm32_common/hw_mcu_stm_stm32_common.a(hal_system.o)
                0x080002c0                hal_system_reset
 .text.hal_system_start
                0x080002ec       0x1c c:/stm32bluepill-mynewt-sensor/bin/targets/stm32l4_boot/app/hw/mcu/stm/stm32_common/hw_mcu_stm_stm32_common.a(hal_system_start.o)
                0x080002ec                hal_system_start
 .text.stm32_tmr_reg_irq
                0x08000308       0x50 c:/stm32bluepill-mynewt-sensor/bin/targets/stm32l4_boot/app/hw/mcu/stm/stm32_common/hw_mcu_stm_stm32_common.a(hal_timer.o)
 .text.hal_timer_cnt
                0x08000358       0x2e c:/stm32bluepill-mynewt-sensor/bin/targets/stm32l4_boot/app/hw/mcu/stm/stm32_common/hw_mcu_stm_stm32_common.a(hal_timer.o)
 *fill*         0x08000386        0x2 
 .text.stm32_hw_setup
                0x08000388      0x168 c:/stm32bluepill-mynewt-sensor/bin/targets/stm32l4_boot/app/hw/mcu/stm/stm32_common/hw_mcu_stm_stm32_common.a(hal_timer.o)
 .text.stm32_tmr_cbs
                0x080004f0       0x5a c:/stm32bluepill-mynewt-sensor/bin/targets/stm32l4_boot/app/hw/mcu/stm/stm32_common/hw_mcu_stm_stm32_common.a(hal_timer.o)
 .text.stm32_tmr_irq
                0x0800054a       0x36 c:/stm32bluepill-mynewt-sensor/bin/targets/stm32l4_boot/app/hw/mcu/stm/stm32_common/hw_mcu_stm_stm32_common.a(hal_timer.o)
 .text.stm32_tmr0_irq
                0x08000580       0x10 c:/stm32bluepill-mynewt-sensor/bin/targets/stm32l4_boot/app/hw/mcu/stm/stm32_common/hw_mcu_stm_stm32_common.a(hal_timer.o)
 .text.hal_timer_init
                0x08000590      0x134 c:/stm32bluepill-mynewt-sensor/bin/targets/stm32l4_boot/app/hw/mcu/stm/stm32_common/hw_mcu_stm_stm32_common.a(hal_timer.o)
                0x08000590                hal_timer_init
 .text.hal_timer_config
                0x080006c4       0xc4 c:/stm32bluepill-mynewt-sensor/bin/targets/stm32l4_boot/app/hw/mcu/stm/stm32_common/hw_mcu_stm_stm32_common.a(hal_timer.o)
                0x080006c4                hal_timer_config
 .text.TIM_Base_SetConfig
                0x08000788       0xc8 c:/stm32bluepill-mynewt-sensor/bin/targets/stm32l4_boot/app/hw/mcu/stm/stm32l4xx/hw_mcu_stm_stm32l4xx.a(stm32l4xx_hal_tim.o)
                0x08000788                TIM_Base_SetConfig
 .text.TIM_CCxChannelCmd
                0x08000850       0x20 c:/stm32bluepill-mynewt-sensor/bin/targets/stm32l4_boot/app/hw/mcu/stm/stm32l4xx/hw_mcu_stm_stm32l4xx.a(stm32l4xx_hal_tim.o)
                0x08000850                TIM_CCxChannelCmd
 .text.stm32_hal_timer_get_freq
                0x08000870       0x7c c:/stm32bluepill-mynewt-sensor/bin/targets/stm32l4_boot/app/hw/mcu/stm/stm32l4xx/hw_mcu_stm_stm32l4xx.a(hal_timer_freq.o)
                0x08000870                stm32_hal_timer_get_freq
 .text.HAL_RCC_GetHCLKFreq
                0x080008ec        0xc c:/stm32bluepill-mynewt-sensor/bin/targets/stm32l4_boot/app/hw/mcu/stm/stm32l4xx/hw_mcu_stm_stm32l4xx.a(stm32l4xx_hal_rcc.o)
                0x080008ec                HAL_RCC_GetHCLKFreq
 .text.HAL_RCC_GetPCLK1Freq
                0x080008f8       0x24 c:/stm32bluepill-mynewt-sensor/bin/targets/stm32l4_boot/app/hw/mcu/stm/stm32l4xx/hw_mcu_stm_stm32l4xx.a(stm32l4xx_hal_rcc.o)
                0x080008f8                HAL_RCC_GetPCLK1Freq
 .text.HAL_RCC_GetPCLK2Freq
                0x0800091c       0x24 c:/stm32bluepill-mynewt-sensor/bin/targets/stm32l4_boot/app/hw/mcu/stm/stm32l4xx/hw_mcu_stm_stm32l4xx.a(stm32l4xx_hal_rcc.o)
                0x0800091c                HAL_RCC_GetPCLK2Freq
 .text.HAL_RCC_GetClockConfig
                0x08000940       0x3c c:/stm32bluepill-mynewt-sensor/bin/targets/stm32l4_boot/app/hw/mcu/stm/stm32l4xx/hw_mcu_stm_stm32l4xx.a(stm32l4xx_hal_rcc.o)
                0x08000940                HAL_RCC_GetClockConfig
 .text.__assert_func
                0x0800097c       0x24 c:/stm32bluepill-mynewt-sensor/bin/targets/stm32l4_boot/app/kernel/os/kernel_os.a(os_fault.o)
                0x0800097c                __assert_func
 .text.os_default_irq
                0x080009a0       0x18 c:/stm32bluepill-mynewt-sensor/bin/targets/stm32l4_boot/app/kernel/os/kernel_os.a(os_fault.o)
                0x080009a0                os_default_irq
 .text.os_cputime_init
                0x080009b8        0xc c:/stm32bluepill-mynewt-sensor/bin/targets/stm32l4_boot/app/kernel/os/kernel_os.a(os_cputime.o)
                0x080009b8                os_cputime_init
 .text.os_time_advance
                0x080009c4       0x10 c:/stm32bluepill-mynewt-sensor/bin/targets/stm32l4_boot/app/kernel/os/kernel_os.a(os_time.o)
                0x080009c4                os_time_advance
 .text.timer_handler
                0x080009d4        0xa c:/stm32bluepill-mynewt-sensor/bin/targets/stm32l4_boot/app/kernel/os/kernel_os.a(os_arch_arm.o)
                0x080009d4                timer_handler
 .text.os_arch_save_sr
                0x080009de        0xc c:/stm32bluepill-mynewt-sensor/bin/targets/stm32l4_boot/app/kernel/os/kernel_os.a(os_arch_arm.o)
                0x080009de                os_arch_save_sr
 *fill*         0x080009ea        0x2 
 .text          0x080009ec       0xc8 c:/stm32bluepill-mynewt-sensor/bin/targets/stm32l4_boot/app/kernel/os/kernel_os.a(HAL_CM4.o)
                0x080009ec                os_set_env
                0x08000a00                os_arch_init_task_stack
                0x08000a06                SVC_Handler
                0x08000a4c                PendSV_Handler
                0x08000a76                SysTick_Handler
                0x08000a82                os_default_irq_asm
 *(.init)
 *(.fini)
 *crtbegin.o(.ctors)
 *crtbegin?.o(.ctors)
 *(EXCLUDE_FILE(*crtend.o *crtend?.o) .ctors)
 *(SORT_BY_NAME(.ctors.*))
 *(.ctors)
 *crtbegin.o(.dtors)
 *crtbegin?.o(.dtors)
 *(EXCLUDE_FILE(*crtend.o *crtend?.o) .dtors)
 *(SORT_BY_NAME(.dtors.*))
 *(.dtors)
 *(.rodata*)
 .rodata.APBPrescTable
                0x08000ab4        0x8 c:/stm32bluepill-mynewt-sensor/bin/targets/stm32l4_boot/app/hw/bsp/stm32l4/hw_bsp_stm32l4.a(system_stm32l4xx.o)
                0x08000ab4                APBPrescTable
 .rodata.stm32_tmr_devs
                0x08000abc        0xc c:/stm32bluepill-mynewt-sensor/bin/targets/stm32l4_boot/app/hw/mcu/stm/stm32_common/hw_mcu_stm_stm32_common.a(hal_timer.o)
 .rodata.sysflash_map_dflt
                0x08000ac8       0x48 c:/stm32bluepill-mynewt-sensor/bin/targets/stm32l4_boot/generated/bin/stm32l4_boot-sysinit-app.a(stm32l4_boot-sysflash.o)
                0x08000ac8                sysflash_map_dflt
 *(.eh_frame*)

.glue_7         0x08000b10        0x0
 .glue_7        0x08000b10        0x0 linker stubs

.glue_7t        0x08000b10        0x0
 .glue_7t       0x08000b10        0x0 linker stubs

.vfp11_veneer   0x08000b10        0x0
 .vfp11_veneer  0x08000b10        0x0 linker stubs

.v4_bx          0x08000b10        0x0
 .v4_bx         0x08000b10        0x0 linker stubs

.iplt           0x08000b10        0x0
 .iplt          0x08000b10        0x0 c:/stm32bluepill-mynewt-sensor/bin/targets/stm32l4_boot/app/hw/bsp/stm32l4/hw_bsp_stm32l4.a(startup_stm32l476xx.o)

.ARM.extab
 *(.ARM.extab* .gnu.linkonce.armextab.*)
                0x08000b10                __exidx_start = .

.ARM.exidx      0x08000b10       0x18
 *(.ARM.exidx* .gnu.linkonce.armexidx.*)
 .ARM.exidx     0x08000b10       0x18 c:/stm32bluepill-mynewt-sensor/bin/targets/stm32l4_boot/app/kernel/os/kernel_os.a(HAL_CM4.o)
                                 0x30 (size before relaxing)
                0x08000b28                __exidx_end = .
                0x08000b28                __etext = .

.rel.dyn        0x08000b28        0x0
 .rel.iplt      0x08000b28        0x0 c:/stm32bluepill-mynewt-sensor/bin/targets/stm32l4_boot/app/hw/bsp/stm32l4/hw_bsp_stm32l4.a(startup_stm32l476xx.o)

.vector_relocation
                0x20000000      0x188
                0x20000000                . = ALIGN (0x8)
                0x20000000                __vector_tbl_reloc__ = .
                0x20000188                . = (. + (__isr_vector_end - __isr_vector_start))
 *fill*         0x20000000      0x188 

.coredata       0x20000188        0x0 load address 0x08000b28
                0x20000188                . = ALIGN (0x8)
                0x20000188                __coredata_start__ = .
 *(.data.core)
                0x20000188                __coredata_end__ = .
                0x08000b28                __ecoredata = (__etext + SIZEOF (.coredata))
                0x08000b28                _sidata = LOADADDR (.data)

.data           0x20000188       0x10 load address 0x08000b28
                0x20000188                . = ALIGN (0x8)
                0x20000188                _sdata = .
                0x20000188                __data_start__ = _sdata
 *(vtable)
 *(.data*)
 .data.SystemCoreClock
                0x20000188        0x4 c:/stm32bluepill-mynewt-sensor/bin/targets/stm32l4_boot/app/hw/bsp/stm32l4/hw_bsp_stm32l4.a(system_stm32l4xx.o)
                0x20000188                SystemCoreClock
 .data.g_os_run_list
                0x2000018c        0x8 c:/stm32bluepill-mynewt-sensor/bin/targets/stm32l4_boot/app/kernel/os/kernel_os.a(os_sched.o)
                0x2000018c                g_os_run_list
 .data          0x20000194        0x0 c:/stm32bluepill-mynewt-sensor/bin/targets/stm32l4_boot/app/kernel/os/kernel_os.a(HAL_CM4.o)
                0x20000194                __aeabi_unwind_cpp_pr0
                [!provide]                PROVIDE (__preinit_array_start = .)
 *(.preinit_array)
                [!provide]                PROVIDE (__preinit_array_end = .)
                0x20000198                . = ALIGN (0x8)
 *fill*         0x20000194        0x4 
                [!provide]                PROVIDE (__init_array_start = .)
 *(SORT_BY_NAME(.init_array.*))
 *(.init_array)
                [!provide]                PROVIDE (__init_array_end = .)
                0x20000198                . = ALIGN (0x8)
                [!provide]                PROVIDE (__fini_array_start = .)
 *(SORT_BY_NAME(.fini_array.*))
 *(.fini_array)
                [!provide]                PROVIDE (__fini_array_end = .)
 *(.jcr*)
                0x20000198                . = ALIGN (0x8)
                0x20000198                _edata = .
                0x20000198                __data_end__ = _edata

.igot.plt       0x20000198        0x0 load address 0x08000b38
 .igot.plt      0x20000198        0x0 c:/stm32bluepill-mynewt-sensor/bin/targets/stm32l4_boot/app/hw/bsp/stm32l4/hw_bsp_stm32l4.a(startup_stm32l476xx.o)

.corebss        0x20000198        0x0 load address 0x08000b38
                0x20000198                . = ALIGN (0x4)
                0x20000198                __corebss_start__ = .
 *(.bss.core)
                0x20000198                . = ALIGN (0x4)
                0x20000198                __corebss_end__ = .
 *(.corebss*)
 *(.bss.core.nz)
                0x20000198                . = ALIGN (0x4)
                0x20000198                __ecorebss = .

.bss            0x20000198       0x20 load address 0x08000b38
                0x20000198                . = ALIGN (0x4)
                0x20000198                _sbss = .
                0x20000198                __bss_start__ = _sbss
 *(.bss*)
 .bss.os_flags  0x20000198        0x4 c:/stm32bluepill-mynewt-sensor/bin/targets/stm32l4_boot/app/kernel/os/kernel_os.a(os_arch_arm.o)
                0x20000198                os_flags
 *(COMMON)
 COMMON         0x2000019c       0x10 c:/stm32bluepill-mynewt-sensor/bin/targets/stm32l4_boot/app/hw/mcu/stm/stm32_common/hw_mcu_stm_stm32_common.a(hal_timer.o)
                0x2000019c                stm32_tmr0
 COMMON         0x200001ac        0x4 c:/stm32bluepill-mynewt-sensor/bin/targets/stm32l4_boot/app/kernel/os/kernel_os.a(os_time.o)
                0x200001ac                g_os_time
 COMMON         0x200001b0        0x8 c:/stm32bluepill-mynewt-sensor/bin/targets/stm32l4_boot/app/kernel/os/kernel_os.a(os_sched.o)
                0x200001b0                g_current_task
                0x200001b4                g_os_last_ctx_sw_time
                0x200001b8                . = ALIGN (0x4)
                0x200001b8                _ebss = .
                0x200001b8                __bss_end__ = _ebss
                0x200001b8                . = ALIGN (0x8)
                0x200001b8                __HeapBase = .
                0x20018000                __HeapLimit = (ORIGIN (RAM) + LENGTH (RAM))
                0x20000000                _ram_start = ORIGIN (RAM)

.stack_dummy    0x200001b8        0x0 load address 0x08000b38
 *(.stack*)
                0x20018000                __StackTop = (ORIGIN (RAM) + LENGTH (RAM))
                0x20018000                __StackLimit = (__StackTop - SIZEOF (.stack_dummy))
                [!provide]                PROVIDE (__stack = __StackTop)
OUTPUT(c:/stm32bluepill-mynewt-sensor/bin/targets/stm32l4_boot/app/apps/boot_stub/boot_stub.elf elf32-littlearm)

.ARM.attributes
                0x00000000       0x2f
 .ARM.attributes
                0x00000000       0x21 c:/stm32bluepill-mynewt-sensor/bin/targets/stm32l4_boot/app/hw/bsp/stm32l4/hw_bsp_stm32l4.a(startup_stm32l476xx.o)
 .ARM.attributes
                0x00000021       0x33 c:/stm32bluepill-mynewt-sensor/bin/targets/stm32l4_boot/app/hw/bsp/stm32l4/hw_bsp_stm32l4.a(system_stm32l4xx.o)
 .ARM.attributes
                0x00000054       0x33 c:/stm32bluepill-mynewt-sensor/bin/targets/stm32l4_boot/app/hw/cmsis-core/hw_cmsis-core.a(cmsis_nvic.o)
 .ARM.attributes
                0x00000087       0x33 c:/stm32bluepill-mynewt-sensor/bin/targets/stm32l4_boot/app/libc/baselibc/libc_baselibc.a(start.o)
 .ARM.attributes
                0x000000ba       0x33 c:/stm32bluepill-mynewt-sensor/bin/targets/stm32l4_boot/app/apps/boot_stub/apps_boot_stub.a(boot.o)
 .ARM.attributes
                0x000000ed       0x33 c:/stm32bluepill-mynewt-sensor/bin/targets/stm32l4_boot/app/hw/bsp/stm32l4/hw_bsp_stm32l4.a(hal_bsp.o)
 .ARM.attributes
                0x00000120       0x33 c:/stm32bluepill-mynewt-sensor/bin/targets/stm32l4_boot/app/hw/hal/hw_hal.a(hal_common.o)
 .ARM.attributes
                0x00000153       0x33 c:/stm32bluepill-mynewt-sensor/bin/targets/stm32l4_boot/app/hw/mcu/stm/stm32_common/hw_mcu_stm_stm32_common.a(hal_system.o)
 .ARM.attributes
                0x00000186       0x33 c:/stm32bluepill-mynewt-sensor/bin/targets/stm32l4_boot/app/hw/mcu/stm/stm32_common/hw_mcu_stm_stm32_common.a(hal_system_start.o)
 .ARM.attributes
                0x000001b9       0x33 c:/stm32bluepill-mynewt-sensor/bin/targets/stm32l4_boot/app/hw/mcu/stm/stm32_common/hw_mcu_stm_stm32_common.a(hal_timer.o)
 .ARM.attributes
                0x000001ec       0x33 c:/stm32bluepill-mynewt-sensor/bin/targets/stm32l4_boot/app/hw/mcu/stm/stm32l4xx/hw_mcu_stm_stm32l4xx.a(stm32l4xx_hal_tim.o)
 .ARM.attributes
                0x0000021f       0x33 c:/stm32bluepill-mynewt-sensor/bin/targets/stm32l4_boot/app/hw/mcu/stm/stm32l4xx/hw_mcu_stm_stm32l4xx.a(hal_timer_freq.o)
 .ARM.attributes
                0x00000252       0x33 c:/stm32bluepill-mynewt-sensor/bin/targets/stm32l4_boot/app/hw/mcu/stm/stm32l4xx/hw_mcu_stm_stm32l4xx.a(stm32l4xx_hal_rcc.o)
 .ARM.attributes
                0x00000285       0x33 c:/stm32bluepill-mynewt-sensor/bin/targets/stm32l4_boot/app/kernel/os/kernel_os.a(os_fault.o)
 .ARM.attributes
                0x000002b8       0x33 c:/stm32bluepill-mynewt-sensor/bin/targets/stm32l4_boot/app/kernel/os/kernel_os.a(os_cputime.o)
 .ARM.attributes
                0x000002eb       0x33 c:/stm32bluepill-mynewt-sensor/bin/targets/stm32l4_boot/app/kernel/os/kernel_os.a(os_time.o)
 .ARM.attributes
                0x0000031e       0x33 c:/stm32bluepill-mynewt-sensor/bin/targets/stm32l4_boot/app/kernel/os/kernel_os.a(os_arch_arm.o)
 .ARM.attributes
                0x00000351       0x33 c:/stm32bluepill-mynewt-sensor/bin/targets/stm32l4_boot/app/kernel/os/kernel_os.a(os_sched.o)
 .ARM.attributes
                0x00000384       0x21 c:/stm32bluepill-mynewt-sensor/bin/targets/stm32l4_boot/app/kernel/os/kernel_os.a(HAL_CM4.o)
 .ARM.attributes
                0x000003a5       0x33 c:/stm32bluepill-mynewt-sensor/bin/targets/stm32l4_boot/generated/bin/stm32l4_boot-sysinit-app.a(stm32l4_boot-sysflash.o)

.comment        0x00000000       0x7f
 .comment       0x00000000       0x7f c:/stm32bluepill-mynewt-sensor/bin/targets/stm32l4_boot/app/hw/bsp/stm32l4/hw_bsp_stm32l4.a(system_stm32l4xx.o)
                                 0x80 (size before relaxing)
 .comment       0x0000007f       0x80 c:/stm32bluepill-mynewt-sensor/bin/targets/stm32l4_boot/app/hw/cmsis-core/hw_cmsis-core.a(cmsis_nvic.o)
 .comment       0x0000007f       0x80 c:/stm32bluepill-mynewt-sensor/bin/targets/stm32l4_boot/app/libc/baselibc/libc_baselibc.a(start.o)
 .comment       0x0000007f       0x80 c:/stm32bluepill-mynewt-sensor/bin/targets/stm32l4_boot/app/apps/boot_stub/apps_boot_stub.a(boot.o)
 .comment       0x0000007f       0x80 c:/stm32bluepill-mynewt-sensor/bin/targets/stm32l4_boot/app/hw/bsp/stm32l4/hw_bsp_stm32l4.a(hal_bsp.o)
 .comment       0x0000007f       0x80 c:/stm32bluepill-mynewt-sensor/bin/targets/stm32l4_boot/app/hw/hal/hw_hal.a(hal_common.o)
 .comment       0x0000007f       0x80 c:/stm32bluepill-mynewt-sensor/bin/targets/stm32l4_boot/app/hw/mcu/stm/stm32_common/hw_mcu_stm_stm32_common.a(hal_system.o)
 .comment       0x0000007f       0x80 c:/stm32bluepill-mynewt-sensor/bin/targets/stm32l4_boot/app/hw/mcu/stm/stm32_common/hw_mcu_stm_stm32_common.a(hal_system_start.o)
 .comment       0x0000007f       0x80 c:/stm32bluepill-mynewt-sensor/bin/targets/stm32l4_boot/app/hw/mcu/stm/stm32_common/hw_mcu_stm_stm32_common.a(hal_timer.o)
 .comment       0x0000007f       0x80 c:/stm32bluepill-mynewt-sensor/bin/targets/stm32l4_boot/app/hw/mcu/stm/stm32l4xx/hw_mcu_stm_stm32l4xx.a(stm32l4xx_hal_tim.o)
 .comment       0x0000007f       0x80 c:/stm32bluepill-mynewt-sensor/bin/targets/stm32l4_boot/app/hw/mcu/stm/stm32l4xx/hw_mcu_stm_stm32l4xx.a(hal_timer_freq.o)
 .comment       0x0000007f       0x80 c:/stm32bluepill-mynewt-sensor/bin/targets/stm32l4_boot/app/hw/mcu/stm/stm32l4xx/hw_mcu_stm_stm32l4xx.a(stm32l4xx_hal_rcc.o)
 .comment       0x0000007f       0x80 c:/stm32bluepill-mynewt-sensor/bin/targets/stm32l4_boot/app/kernel/os/kernel_os.a(os_fault.o)
 .comment       0x0000007f       0x80 c:/stm32bluepill-mynewt-sensor/bin/targets/stm32l4_boot/app/kernel/os/kernel_os.a(os_cputime.o)
 .comment       0x0000007f       0x80 c:/stm32bluepill-mynewt-sensor/bin/targets/stm32l4_boot/app/kernel/os/kernel_os.a(os_time.o)
 .comment       0x0000007f       0x80 c:/stm32bluepill-mynewt-sensor/bin/targets/stm32l4_boot/app/kernel/os/kernel_os.a(os_arch_arm.o)
 .comment       0x0000007f       0x80 c:/stm32bluepill-mynewt-sensor/bin/targets/stm32l4_boot/app/kernel/os/kernel_os.a(os_sched.o)
 .comment       0x0000007f       0x80 c:/stm32bluepill-mynewt-sensor/bin/targets/stm32l4_boot/generated/bin/stm32l4_boot-sysinit-app.a(stm32l4_boot-sysflash.o)

.svc_table      0x00000000        0x4
 .svc_table     0x00000000        0x4 c:/stm32bluepill-mynewt-sensor/bin/targets/stm32l4_boot/app/kernel/os/kernel_os.a(SVC_Table.o)
                0x00000000                SVC_Table
                0x00000000                SVC_Count

.debug_line     0x00000000     0x6df6
 .debug_line    0x00000000       0xa1 c:/stm32bluepill-mynewt-sensor/bin/targets/stm32l4_boot/app/hw/bsp/stm32l4/hw_bsp_stm32l4.a(startup_stm32l476xx.o)
 .debug_line    0x000000a1      0x28f c:/stm32bluepill-mynewt-sensor/bin/targets/stm32l4_boot/app/hw/bsp/stm32l4/hw_bsp_stm32l4.a(system_stm32l4xx.o)
 .debug_line    0x00000330      0x208 c:/stm32bluepill-mynewt-sensor/bin/targets/stm32l4_boot/app/hw/cmsis-core/hw_cmsis-core.a(cmsis_nvic.o)
 .debug_line    0x00000538      0x47f c:/stm32bluepill-mynewt-sensor/bin/targets/stm32l4_boot/app/libc/baselibc/libc_baselibc.a(start.o)
 .debug_line    0x000009b7      0x4b6 c:/stm32bluepill-mynewt-sensor/bin/targets/stm32l4_boot/app/apps/boot_stub/apps_boot_stub.a(boot.o)
 .debug_line    0x00000e6d      0x639 c:/stm32bluepill-mynewt-sensor/bin/targets/stm32l4_boot/app/hw/bsp/stm32l4/hw_bsp_stm32l4.a(hal_bsp.o)
 .debug_line    0x000014a6      0x1af c:/stm32bluepill-mynewt-sensor/bin/targets/stm32l4_boot/app/hw/hal/hw_hal.a(hal_common.o)
 .debug_line    0x00001655      0x5c3 c:/stm32bluepill-mynewt-sensor/bin/targets/stm32l4_boot/app/hw/mcu/stm/stm32_common/hw_mcu_stm_stm32_common.a(hal_system.o)
 .debug_line    0x00001c18      0x336 c:/stm32bluepill-mynewt-sensor/bin/targets/stm32l4_boot/app/hw/mcu/stm/stm32_common/hw_mcu_stm_stm32_common.a(hal_system_start.o)
 .debug_line    0x00001f4e      0x9b3 c:/stm32bluepill-mynewt-sensor/bin/targets/stm32l4_boot/app/hw/mcu/stm/stm32_common/hw_mcu_stm_stm32_common.a(hal_timer.o)
 .debug_line    0x00002901     0x171f c:/stm32bluepill-mynewt-sensor/bin/targets/stm32l4_boot/app/hw/mcu/stm/stm32l4xx/hw_mcu_stm_stm32l4xx.a(stm32l4xx_hal_tim.o)
 .debug_line    0x00004020      0x5a3 c:/stm32bluepill-mynewt-sensor/bin/targets/stm32l4_boot/app/hw/mcu/stm/stm32l4xx/hw_mcu_stm_stm32l4xx.a(hal_timer_freq.o)
 .debug_line    0x000045c3      0x6b1 c:/stm32bluepill-mynewt-sensor/bin/targets/stm32l4_boot/app/hw/mcu/stm/stm32l4xx/hw_mcu_stm_stm32l4xx.a(stm32l4xx_hal_rcc.o)
 .debug_line    0x00004c74      0x5af c:/stm32bluepill-mynewt-sensor/bin/targets/stm32l4_boot/app/kernel/os/kernel_os.a(os_fault.o)
 .debug_line    0x00005223      0x562 c:/stm32bluepill-mynewt-sensor/bin/targets/stm32l4_boot/app/kernel/os/kernel_os.a(os_cputime.o)
 .debug_line    0x00005785      0x622 c:/stm32bluepill-mynewt-sensor/bin/targets/stm32l4_boot/app/kernel/os/kernel_os.a(os_time.o)
 .debug_line    0x00005da7      0x6db c:/stm32bluepill-mynewt-sensor/bin/targets/stm32l4_boot/app/kernel/os/kernel_os.a(os_arch_arm.o)
 .debug_line    0x00006482      0x6eb c:/stm32bluepill-mynewt-sensor/bin/targets/stm32l4_boot/app/kernel/os/kernel_os.a(os_sched.o)
 .debug_line    0x00006b6d       0xc9 c:/stm32bluepill-mynewt-sensor/bin/targets/stm32l4_boot/app/kernel/os/kernel_os.a(HAL_CM4.o)
 .debug_line    0x00006c36      0x1c0 c:/stm32bluepill-mynewt-sensor/bin/targets/stm32l4_boot/generated/bin/stm32l4_boot-sysinit-app.a(stm32l4_boot-sysflash.o)

.debug_info     0x00000000     0xe11e
 .debug_info    0x00000000       0x22 c:/stm32bluepill-mynewt-sensor/bin/targets/stm32l4_boot/app/hw/bsp/stm32l4/hw_bsp_stm32l4.a(startup_stm32l476xx.o)
 .debug_info    0x00000022      0x42b c:/stm32bluepill-mynewt-sensor/bin/targets/stm32l4_boot/app/hw/bsp/stm32l4/hw_bsp_stm32l4.a(system_stm32l4xx.o)
 .debug_info    0x0000044d      0x344 c:/stm32bluepill-mynewt-sensor/bin/targets/stm32l4_boot/app/hw/cmsis-core/hw_cmsis-core.a(cmsis_nvic.o)
 .debug_info    0x00000791      0x6b0 c:/stm32bluepill-mynewt-sensor/bin/targets/stm32l4_boot/app/libc/baselibc/libc_baselibc.a(start.o)
 .debug_info    0x00000e41      0x680 c:/stm32bluepill-mynewt-sensor/bin/targets/stm32l4_boot/app/apps/boot_stub/apps_boot_stub.a(boot.o)
 .debug_info    0x000014c1      0xc66 c:/stm32bluepill-mynewt-sensor/bin/targets/stm32l4_boot/app/hw/bsp/stm32l4/hw_bsp_stm32l4.a(hal_bsp.o)
 .debug_info    0x00002127      0x196 c:/stm32bluepill-mynewt-sensor/bin/targets/stm32l4_boot/app/hw/hal/hw_hal.a(hal_common.o)
 .debug_info    0x000022bd      0xad1 c:/stm32bluepill-mynewt-sensor/bin/targets/stm32l4_boot/app/hw/mcu/stm/stm32_common/hw_mcu_stm_stm32_common.a(hal_system.o)
 .debug_info    0x00002d8e      0x439 c:/stm32bluepill-mynewt-sensor/bin/targets/stm32l4_boot/app/hw/mcu/stm/stm32_common/hw_mcu_stm_stm32_common.a(hal_system_start.o)
 .debug_info    0x000031c7     0x1c54 c:/stm32bluepill-mynewt-sensor/bin/targets/stm32l4_boot/app/hw/mcu/stm/stm32_common/hw_mcu_stm_stm32_common.a(hal_timer.o)
 .debug_info    0x00004e1b     0x33db c:/stm32bluepill-mynewt-sensor/bin/targets/stm32l4_boot/app/hw/mcu/stm/stm32l4xx/hw_mcu_stm_stm32l4xx.a(stm32l4xx_hal_tim.o)
 .debug_info    0x000081f6      0xa51 c:/stm32bluepill-mynewt-sensor/bin/targets/stm32l4_boot/app/hw/mcu/stm/stm32l4xx/hw_mcu_stm_stm32l4xx.a(hal_timer_freq.o)
 .debug_info    0x00008c47      0xf26 c:/stm32bluepill-mynewt-sensor/bin/targets/stm32l4_boot/app/hw/mcu/stm/stm32l4xx/hw_mcu_stm_stm32l4xx.a(stm32l4xx_hal_rcc.o)
 .debug_info    0x00009b6d      0xb53 c:/stm32bluepill-mynewt-sensor/bin/targets/stm32l4_boot/app/kernel/os/kernel_os.a(os_fault.o)
 .debug_info    0x0000a6c0      0xa09 c:/stm32bluepill-mynewt-sensor/bin/targets/stm32l4_boot/app/kernel/os/kernel_os.a(os_cputime.o)
 .debug_info    0x0000b0c9      0xdc9 c:/stm32bluepill-mynewt-sensor/bin/targets/stm32l4_boot/app/kernel/os/kernel_os.a(os_time.o)
 .debug_info    0x0000be92     0x1460 c:/stm32bluepill-mynewt-sensor/bin/targets/stm32l4_boot/app/kernel/os/kernel_os.a(os_arch_arm.o)
 .debug_info    0x0000d2f2      0xcc2 c:/stm32bluepill-mynewt-sensor/bin/targets/stm32l4_boot/app/kernel/os/kernel_os.a(os_sched.o)
 .debug_info    0x0000dfb4       0x26 c:/stm32bluepill-mynewt-sensor/bin/targets/stm32l4_boot/app/kernel/os/kernel_os.a(HAL_CM4.o)
 .debug_info    0x0000dfda      0x144 c:/stm32bluepill-mynewt-sensor/bin/targets/stm32l4_boot/generated/bin/stm32l4_boot-sysinit-app.a(stm32l4_boot-sysflash.o)

.debug_abbrev   0x00000000     0x2396
 .debug_abbrev  0x00000000       0x12 c:/stm32bluepill-mynewt-sensor/bin/targets/stm32l4_boot/app/hw/bsp/stm32l4/hw_bsp_stm32l4.a(startup_stm32l476xx.o)
 .debug_abbrev  0x00000012      0x14f c:/stm32bluepill-mynewt-sensor/bin/targets/stm32l4_boot/app/hw/bsp/stm32l4/hw_bsp_stm32l4.a(system_stm32l4xx.o)
 .debug_abbrev  0x00000161       0xf5 c:/stm32bluepill-mynewt-sensor/bin/targets/stm32l4_boot/app/hw/cmsis-core/hw_cmsis-core.a(cmsis_nvic.o)
 .debug_abbrev  0x00000256      0x194 c:/stm32bluepill-mynewt-sensor/bin/targets/stm32l4_boot/app/libc/baselibc/libc_baselibc.a(start.o)
 .debug_abbrev  0x000003ea      0x13b c:/stm32bluepill-mynewt-sensor/bin/targets/stm32l4_boot/app/apps/boot_stub/apps_boot_stub.a(boot.o)
 .debug_abbrev  0x00000525      0x22a c:/stm32bluepill-mynewt-sensor/bin/targets/stm32l4_boot/app/hw/bsp/stm32l4/hw_bsp_stm32l4.a(hal_bsp.o)
 .debug_abbrev  0x0000074f       0xe5 c:/stm32bluepill-mynewt-sensor/bin/targets/stm32l4_boot/app/hw/hal/hw_hal.a(hal_common.o)
 .debug_abbrev  0x00000834      0x20c c:/stm32bluepill-mynewt-sensor/bin/targets/stm32l4_boot/app/hw/mcu/stm/stm32_common/hw_mcu_stm_stm32_common.a(hal_system.o)
 .debug_abbrev  0x00000a40      0x1b1 c:/stm32bluepill-mynewt-sensor/bin/targets/stm32l4_boot/app/hw/mcu/stm/stm32_common/hw_mcu_stm_stm32_common.a(hal_system_start.o)
 .debug_abbrev  0x00000bf1      0x407 c:/stm32bluepill-mynewt-sensor/bin/targets/stm32l4_boot/app/hw/mcu/stm/stm32_common/hw_mcu_stm_stm32_common.a(hal_timer.o)
 .debug_abbrev  0x00000ff8      0x223 c:/stm32bluepill-mynewt-sensor/bin/targets/stm32l4_boot/app/hw/mcu/stm/stm32l4xx/hw_mcu_stm_stm32l4xx.a(stm32l4xx_hal_tim.o)
 .debug_abbrev  0x0000121b      0x1da c:/stm32bluepill-mynewt-sensor/bin/targets/stm32l4_boot/app/hw/mcu/stm/stm32l4xx/hw_mcu_stm_stm32l4xx.a(hal_timer_freq.o)
 .debug_abbrev  0x000013f5      0x21c c:/stm32bluepill-mynewt-sensor/bin/targets/stm32l4_boot/app/hw/mcu/stm/stm32l4xx/hw_mcu_stm_stm32l4xx.a(stm32l4xx_hal_rcc.o)
 .debug_abbrev  0x00001611      0x1cd c:/stm32bluepill-mynewt-sensor/bin/targets/stm32l4_boot/app/kernel/os/kernel_os.a(os_fault.o)
 .debug_abbrev  0x000017de      0x1b3 c:/stm32bluepill-mynewt-sensor/bin/targets/stm32l4_boot/app/kernel/os/kernel_os.a(os_cputime.o)
 .debug_abbrev  0x00001991      0x306 c:/stm32bluepill-mynewt-sensor/bin/targets/stm32l4_boot/app/kernel/os/kernel_os.a(os_time.o)
 .debug_abbrev  0x00001c97      0x372 c:/stm32bluepill-mynewt-sensor/bin/targets/stm32l4_boot/app/kernel/os/kernel_os.a(os_arch_arm.o)
 .debug_abbrev  0x00002009      0x2e8 c:/stm32bluepill-mynewt-sensor/bin/targets/stm32l4_boot/app/kernel/os/kernel_os.a(os_sched.o)
 .debug_abbrev  0x000022f1       0x14 c:/stm32bluepill-mynewt-sensor/bin/targets/stm32l4_boot/app/kernel/os/kernel_os.a(HAL_CM4.o)
 .debug_abbrev  0x00002305       0x91 c:/stm32bluepill-mynewt-sensor/bin/targets/stm32l4_boot/generated/bin/stm32l4_boot-sysinit-app.a(stm32l4_boot-sysflash.o)

.debug_aranges  0x00000000      0x8b0
 .debug_aranges
                0x00000000       0x28 c:/stm32bluepill-mynewt-sensor/bin/targets/stm32l4_boot/app/hw/bsp/stm32l4/hw_bsp_stm32l4.a(startup_stm32l476xx.o)
 .debug_aranges
                0x00000028       0x28 c:/stm32bluepill-mynewt-sensor/bin/targets/stm32l4_boot/app/hw/bsp/stm32l4/hw_bsp_stm32l4.a(system_stm32l4xx.o)
 .debug_aranges
                0x00000050       0x20 c:/stm32bluepill-mynewt-sensor/bin/targets/stm32l4_boot/app/hw/cmsis-core/hw_cmsis-core.a(cmsis_nvic.o)
 .debug_aranges
                0x00000070       0x28 c:/stm32bluepill-mynewt-sensor/bin/targets/stm32l4_boot/app/libc/baselibc/libc_baselibc.a(start.o)
 .debug_aranges
                0x00000098       0x20 c:/stm32bluepill-mynewt-sensor/bin/targets/stm32l4_boot/app/apps/boot_stub/apps_boot_stub.a(boot.o)
 .debug_aranges
                0x000000b8       0x38 c:/stm32bluepill-mynewt-sensor/bin/targets/stm32l4_boot/app/hw/bsp/stm32l4/hw_bsp_stm32l4.a(hal_bsp.o)
 .debug_aranges
                0x000000f0       0x30 c:/stm32bluepill-mynewt-sensor/bin/targets/stm32l4_boot/app/hw/hal/hw_hal.a(hal_common.o)
 .debug_aranges
                0x00000120       0x38 c:/stm32bluepill-mynewt-sensor/bin/targets/stm32l4_boot/app/hw/mcu/stm/stm32_common/hw_mcu_stm_stm32_common.a(hal_system.o)
 .debug_aranges
                0x00000158       0x20 c:/stm32bluepill-mynewt-sensor/bin/targets/stm32l4_boot/app/hw/mcu/stm/stm32_common/hw_mcu_stm_stm32_common.a(hal_system_start.o)
 .debug_aranges
                0x00000178       0xa0 c:/stm32bluepill-mynewt-sensor/bin/targets/stm32l4_boot/app/hw/mcu/stm/stm32_common/hw_mcu_stm_stm32_common.a(hal_timer.o)
 .debug_aranges
                0x00000218      0x3b8 c:/stm32bluepill-mynewt-sensor/bin/targets/stm32l4_boot/app/hw/mcu/stm/stm32l4xx/hw_mcu_stm_stm32l4xx.a(stm32l4xx_hal_tim.o)
 .debug_aranges
                0x000005d0       0x20 c:/stm32bluepill-mynewt-sensor/bin/targets/stm32l4_boot/app/hw/mcu/stm/stm32l4xx/hw_mcu_stm_stm32l4xx.a(hal_timer_freq.o)
 .debug_aranges
                0x000005f0       0x88 c:/stm32bluepill-mynewt-sensor/bin/targets/stm32l4_boot/app/hw/mcu/stm/stm32l4xx/hw_mcu_stm_stm32l4xx.a(stm32l4xx_hal_rcc.o)
 .debug_aranges
                0x00000678       0x28 c:/stm32bluepill-mynewt-sensor/bin/targets/stm32l4_boot/app/kernel/os/kernel_os.a(os_fault.o)
 .debug_aranges
                0x000006a0       0x60 c:/stm32bluepill-mynewt-sensor/bin/targets/stm32l4_boot/app/kernel/os/kernel_os.a(os_cputime.o)
 .debug_aranges
                0x00000700       0x98 c:/stm32bluepill-mynewt-sensor/bin/targets/stm32l4_boot/app/kernel/os/kernel_os.a(os_time.o)
 .debug_aranges
                0x00000798       0x68 c:/stm32bluepill-mynewt-sensor/bin/targets/stm32l4_boot/app/kernel/os/kernel_os.a(os_arch_arm.o)
 .debug_aranges
                0x00000800       0x78 c:/stm32bluepill-mynewt-sensor/bin/targets/stm32l4_boot/app/kernel/os/kernel_os.a(os_sched.o)
 .debug_aranges
                0x00000878       0x20 c:/stm32bluepill-mynewt-sensor/bin/targets/stm32l4_boot/app/kernel/os/kernel_os.a(HAL_CM4.o)
 .debug_aranges
                0x00000898       0x18 c:/stm32bluepill-mynewt-sensor/bin/targets/stm32l4_boot/generated/bin/stm32l4_boot-sysinit-app.a(stm32l4_boot-sysflash.o)

.debug_str      0x00000000     0x37b0
 .debug_str     0x00000000       0x65 c:/stm32bluepill-mynewt-sensor/bin/targets/stm32l4_boot/app/hw/bsp/stm32l4/hw_bsp_stm32l4.a(startup_stm32l476xx.o)
 .debug_str     0x00000065      0x324 c:/stm32bluepill-mynewt-sensor/bin/targets/stm32l4_boot/app/hw/bsp/stm32l4/hw_bsp_stm32l4.a(system_stm32l4xx.o)
                                0x39b (size before relaxing)
 .debug_str     0x00000389       0xcc c:/stm32bluepill-mynewt-sensor/bin/targets/stm32l4_boot/app/hw/cmsis-core/hw_cmsis-core.a(cmsis_nvic.o)
                                0x2bc (size before relaxing)
 .debug_str     0x00000455      0x33e c:/stm32bluepill-mynewt-sensor/bin/targets/stm32l4_boot/app/libc/baselibc/libc_baselibc.a(start.o)
                                0x56c (size before relaxing)
 .debug_str     0x00000793       0x55 c:/stm32bluepill-mynewt-sensor/bin/targets/stm32l4_boot/app/apps/boot_stub/apps_boot_stub.a(boot.o)
                                0x576 (size before relaxing)
 .debug_str     0x000007e8      0x3e5 c:/stm32bluepill-mynewt-sensor/bin/targets/stm32l4_boot/app/hw/bsp/stm32l4/hw_bsp_stm32l4.a(hal_bsp.o)
                                0x921 (size before relaxing)
 .debug_str     0x00000bcd      0x130 c:/stm32bluepill-mynewt-sensor/bin/targets/stm32l4_boot/app/hw/hal/hw_hal.a(hal_common.o)
                                0x2b3 (size before relaxing)
 .debug_str     0x00000cfd      0x103 c:/stm32bluepill-mynewt-sensor/bin/targets/stm32l4_boot/app/hw/mcu/stm/stm32_common/hw_mcu_stm_stm32_common.a(hal_system.o)
                                0x8a9 (size before relaxing)
 .debug_str     0x00000e00       0xa9 c:/stm32bluepill-mynewt-sensor/bin/targets/stm32l4_boot/app/hw/mcu/stm/stm32_common/hw_mcu_stm_stm32_common.a(hal_system_start.o)
                                0x4c4 (size before relaxing)
 .debug_str     0x00000ea9      0x84c c:/stm32bluepill-mynewt-sensor/bin/targets/stm32l4_boot/app/hw/mcu/stm/stm32_common/hw_mcu_stm_stm32_common.a(hal_timer.o)
                               0x11d6 (size before relaxing)
 .debug_str     0x000016f5     0x1191 c:/stm32bluepill-mynewt-sensor/bin/targets/stm32l4_boot/app/hw/mcu/stm/stm32l4xx/hw_mcu_stm_stm32l4xx.a(stm32l4xx_hal_tim.o)
                               0x16c6 (size before relaxing)
 .debug_str     0x00002886       0xed c:/stm32bluepill-mynewt-sensor/bin/targets/stm32l4_boot/app/hw/mcu/stm/stm32l4xx/hw_mcu_stm_stm32l4xx.a(hal_timer_freq.o)
                                0x8a6 (size before relaxing)
 .debug_str     0x00002973      0x43f c:/stm32bluepill-mynewt-sensor/bin/targets/stm32l4_boot/app/hw/mcu/stm/stm32l4xx/hw_mcu_stm_stm32l4xx.a(stm32l4xx_hal_rcc.o)
                                0xa60 (size before relaxing)
 .debug_str     0x00002db2      0x17a c:/stm32bluepill-mynewt-sensor/bin/targets/stm32l4_boot/app/kernel/os/kernel_os.a(os_fault.o)
                                0x736 (size before relaxing)
 .debug_str     0x00002f2c      0x11d c:/stm32bluepill-mynewt-sensor/bin/targets/stm32l4_boot/app/kernel/os/kernel_os.a(os_cputime.o)
                                0x704 (size before relaxing)
 .debug_str     0x00003049      0x372 c:/stm32bluepill-mynewt-sensor/bin/targets/stm32l4_boot/app/kernel/os/kernel_os.a(os_time.o)
                                0x900 (size before relaxing)
 .debug_str     0x000033bb      0x1d2 c:/stm32bluepill-mynewt-sensor/bin/targets/stm32l4_boot/app/kernel/os/kernel_os.a(os_arch_arm.o)
                                0xeaa (size before relaxing)
 .debug_str     0x0000358d      0x1a1 c:/stm32bluepill-mynewt-sensor/bin/targets/stm32l4_boot/app/kernel/os/kernel_os.a(os_sched.o)
                                0x8db (size before relaxing)
 .debug_str     0x0000372e       0x43 c:/stm32bluepill-mynewt-sensor/bin/targets/stm32l4_boot/app/kernel/os/kernel_os.a(HAL_CM4.o)
                                 0x70 (size before relaxing)
 .debug_str     0x00003771       0x3f c:/stm32bluepill-mynewt-sensor/bin/targets/stm32l4_boot/generated/bin/stm32l4_boot-sysinit-app.a(stm32l4_boot-sysflash.o)
                                0x23a (size before relaxing)

.debug_ranges   0x00000000      0x7a8
 .debug_ranges  0x00000000       0x20 c:/stm32bluepill-mynewt-sensor/bin/targets/stm32l4_boot/app/hw/bsp/stm32l4/hw_bsp_stm32l4.a(startup_stm32l476xx.o)
 .debug_ranges  0x00000020       0x18 c:/stm32bluepill-mynewt-sensor/bin/targets/stm32l4_boot/app/hw/bsp/stm32l4/hw_bsp_stm32l4.a(system_stm32l4xx.o)
 .debug_ranges  0x00000038       0x10 c:/stm32bluepill-mynewt-sensor/bin/targets/stm32l4_boot/app/hw/cmsis-core/hw_cmsis-core.a(cmsis_nvic.o)
 .debug_ranges  0x00000048       0x18 c:/stm32bluepill-mynewt-sensor/bin/targets/stm32l4_boot/app/libc/baselibc/libc_baselibc.a(start.o)
 .debug_ranges  0x00000060       0x10 c:/stm32bluepill-mynewt-sensor/bin/targets/stm32l4_boot/app/apps/boot_stub/apps_boot_stub.a(boot.o)
 .debug_ranges  0x00000070       0x28 c:/stm32bluepill-mynewt-sensor/bin/targets/stm32l4_boot/app/hw/bsp/stm32l4/hw_bsp_stm32l4.a(hal_bsp.o)
 .debug_ranges  0x00000098       0x20 c:/stm32bluepill-mynewt-sensor/bin/targets/stm32l4_boot/app/hw/hal/hw_hal.a(hal_common.o)
 .debug_ranges  0x000000b8       0x28 c:/stm32bluepill-mynewt-sensor/bin/targets/stm32l4_boot/app/hw/mcu/stm/stm32_common/hw_mcu_stm_stm32_common.a(hal_system.o)
 .debug_ranges  0x000000e0       0x10 c:/stm32bluepill-mynewt-sensor/bin/targets/stm32l4_boot/app/hw/mcu/stm/stm32_common/hw_mcu_stm_stm32_common.a(hal_system_start.o)
 .debug_ranges  0x000000f0       0xa8 c:/stm32bluepill-mynewt-sensor/bin/targets/stm32l4_boot/app/hw/mcu/stm/stm32_common/hw_mcu_stm_stm32_common.a(hal_timer.o)
 .debug_ranges  0x00000198      0x3a8 c:/stm32bluepill-mynewt-sensor/bin/targets/stm32l4_boot/app/hw/mcu/stm/stm32l4xx/hw_mcu_stm_stm32l4xx.a(stm32l4xx_hal_tim.o)
 .debug_ranges  0x00000540       0x10 c:/stm32bluepill-mynewt-sensor/bin/targets/stm32l4_boot/app/hw/mcu/stm/stm32l4xx/hw_mcu_stm_stm32l4xx.a(hal_timer_freq.o)
 .debug_ranges  0x00000550       0x90 c:/stm32bluepill-mynewt-sensor/bin/targets/stm32l4_boot/app/hw/mcu/stm/stm32l4xx/hw_mcu_stm_stm32l4xx.a(stm32l4xx_hal_rcc.o)
 .debug_ranges  0x000005e0       0x18 c:/stm32bluepill-mynewt-sensor/bin/targets/stm32l4_boot/app/kernel/os/kernel_os.a(os_fault.o)
 .debug_ranges  0x000005f8       0x50 c:/stm32bluepill-mynewt-sensor/bin/targets/stm32l4_boot/app/kernel/os/kernel_os.a(os_cputime.o)
 .debug_ranges  0x00000648       0x88 c:/stm32bluepill-mynewt-sensor/bin/targets/stm32l4_boot/app/kernel/os/kernel_os.a(os_time.o)
 .debug_ranges  0x000006d0       0x58 c:/stm32bluepill-mynewt-sensor/bin/targets/stm32l4_boot/app/kernel/os/kernel_os.a(os_arch_arm.o)
 .debug_ranges  0x00000728       0x80 c:/stm32bluepill-mynewt-sensor/bin/targets/stm32l4_boot/app/kernel/os/kernel_os.a(os_sched.o)

.debug_loc      0x00000000     0x5d85
 .debug_loc     0x00000000      0x1b8 c:/stm32bluepill-mynewt-sensor/bin/targets/stm32l4_boot/app/hw/bsp/stm32l4/hw_bsp_stm32l4.a(system_stm32l4xx.o)
 .debug_loc     0x000001b8       0x13 c:/stm32bluepill-mynewt-sensor/bin/targets/stm32l4_boot/app/hw/cmsis-core/hw_cmsis-core.a(cmsis_nvic.o)
 .debug_loc     0x000001cb       0x13 c:/stm32bluepill-mynewt-sensor/bin/targets/stm32l4_boot/app/libc/baselibc/libc_baselibc.a(start.o)
 .debug_loc     0x000001de       0x20 c:/stm32bluepill-mynewt-sensor/bin/targets/stm32l4_boot/app/apps/boot_stub/apps_boot_stub.a(boot.o)
 .debug_loc     0x000001fe       0x8f c:/stm32bluepill-mynewt-sensor/bin/targets/stm32l4_boot/app/hw/bsp/stm32l4/hw_bsp_stm32l4.a(hal_bsp.o)
 .debug_loc     0x0000028d       0xb9 c:/stm32bluepill-mynewt-sensor/bin/targets/stm32l4_boot/app/hw/hal/hw_hal.a(hal_common.o)
 .debug_loc     0x00000346       0x21 c:/stm32bluepill-mynewt-sensor/bin/targets/stm32l4_boot/app/hw/mcu/stm/stm32_common/hw_mcu_stm_stm32_common.a(hal_system.o)
 .debug_loc     0x00000367       0x47 c:/stm32bluepill-mynewt-sensor/bin/targets/stm32l4_boot/app/hw/mcu/stm/stm32_common/hw_mcu_stm_stm32_common.a(hal_system_start.o)
 .debug_loc     0x000003ae      0x97a c:/stm32bluepill-mynewt-sensor/bin/targets/stm32l4_boot/app/hw/mcu/stm/stm32_common/hw_mcu_stm_stm32_common.a(hal_timer.o)
 .debug_loc     0x00000d28     0x3b2d c:/stm32bluepill-mynewt-sensor/bin/targets/stm32l4_boot/app/hw/mcu/stm/stm32l4xx/hw_mcu_stm_stm32l4xx.a(stm32l4xx_hal_tim.o)
 .debug_loc     0x00004855       0x3c c:/stm32bluepill-mynewt-sensor/bin/targets/stm32l4_boot/app/hw/mcu/stm/stm32l4xx/hw_mcu_stm_stm32l4xx.a(hal_timer_freq.o)
 .debug_loc     0x00004891      0x63a c:/stm32bluepill-mynewt-sensor/bin/targets/stm32l4_boot/app/hw/mcu/stm/stm32l4xx/hw_mcu_stm_stm32l4xx.a(stm32l4xx_hal_rcc.o)
 .debug_loc     0x00004ecb       0xa5 c:/stm32bluepill-mynewt-sensor/bin/targets/stm32l4_boot/app/kernel/os/kernel_os.a(os_fault.o)
 .debug_loc     0x00004f70      0x2ef c:/stm32bluepill-mynewt-sensor/bin/targets/stm32l4_boot/app/kernel/os/kernel_os.a(os_cputime.o)
 .debug_loc     0x0000525f      0x474 c:/stm32bluepill-mynewt-sensor/bin/targets/stm32l4_boot/app/kernel/os/kernel_os.a(os_time.o)
 .debug_loc     0x000056d3      0x263 c:/stm32bluepill-mynewt-sensor/bin/targets/stm32l4_boot/app/kernel/os/kernel_os.a(os_arch_arm.o)
 .debug_loc     0x00005936      0x44f c:/stm32bluepill-mynewt-sensor/bin/targets/stm32l4_boot/app/kernel/os/kernel_os.a(os_sched.o)

.debug_frame    0x00000000     0x1550
 .debug_frame   0x00000000       0x38 c:/stm32bluepill-mynewt-sensor/bin/targets/stm32l4_boot/app/hw/bsp/stm32l4/hw_bsp_stm32l4.a(system_stm32l4xx.o)
 .debug_frame   0x00000038       0x20 c:/stm32bluepill-mynewt-sensor/bin/targets/stm32l4_boot/app/hw/cmsis-core/hw_cmsis-core.a(cmsis_nvic.o)
 .debug_frame   0x00000058       0x38 c:/stm32bluepill-mynewt-sensor/bin/targets/stm32l4_boot/app/libc/baselibc/libc_baselibc.a(start.o)
 .debug_frame   0x00000090       0x28 c:/stm32bluepill-mynewt-sensor/bin/targets/stm32l4_boot/app/apps/boot_stub/apps_boot_stub.a(boot.o)
 .debug_frame   0x000000b8       0x58 c:/stm32bluepill-mynewt-sensor/bin/targets/stm32l4_boot/app/hw/bsp/stm32l4/hw_bsp_stm32l4.a(hal_bsp.o)
 .debug_frame   0x00000110       0x50 c:/stm32bluepill-mynewt-sensor/bin/targets/stm32l4_boot/app/hw/hal/hw_hal.a(hal_common.o)
 .debug_frame   0x00000160       0x60 c:/stm32bluepill-mynewt-sensor/bin/targets/stm32l4_boot/app/hw/mcu/stm/stm32_common/hw_mcu_stm_stm32_common.a(hal_system.o)
 .debug_frame   0x000001c0       0x28 c:/stm32bluepill-mynewt-sensor/bin/targets/stm32l4_boot/app/hw/mcu/stm/stm32_common/hw_mcu_stm_stm32_common.a(hal_system_start.o)
 .debug_frame   0x000001e8      0x210 c:/stm32bluepill-mynewt-sensor/bin/targets/stm32l4_boot/app/hw/mcu/stm/stm32_common/hw_mcu_stm_stm32_common.a(hal_timer.o)
 .debug_frame   0x000003f8      0xac0 c:/stm32bluepill-mynewt-sensor/bin/targets/stm32l4_boot/app/hw/mcu/stm/stm32l4xx/hw_mcu_stm_stm32l4xx.a(stm32l4xx_hal_tim.o)
 .debug_frame   0x00000eb8       0x30 c:/stm32bluepill-mynewt-sensor/bin/targets/stm32l4_boot/app/hw/mcu/stm/stm32l4xx/hw_mcu_stm_stm32l4xx.a(hal_timer_freq.o)
 .debug_frame   0x00000ee8      0x18c c:/stm32bluepill-mynewt-sensor/bin/targets/stm32l4_boot/app/hw/mcu/stm/stm32l4xx/hw_mcu_stm_stm32l4xx.a(stm32l4xx_hal_rcc.o)
 .debug_frame   0x00001074       0x40 c:/stm32bluepill-mynewt-sensor/bin/targets/stm32l4_boot/app/kernel/os/kernel_os.a(os_fault.o)
 .debug_frame   0x000010b4       0xec c:/stm32bluepill-mynewt-sensor/bin/targets/stm32l4_boot/app/kernel/os/kernel_os.a(os_cputime.o)
 .debug_frame   0x000011a0      0x19c c:/stm32bluepill-mynewt-sensor/bin/targets/stm32l4_boot/app/kernel/os/kernel_os.a(os_time.o)
 .debug_frame   0x0000133c       0xf4 c:/stm32bluepill-mynewt-sensor/bin/targets/stm32l4_boot/app/kernel/os/kernel_os.a(os_arch_arm.o)
 .debug_frame   0x00001430      0x120 c:/stm32bluepill-mynewt-sensor/bin/targets/stm32l4_boot/app/kernel/os/kernel_os.a(os_sched.o)
