Archive member included to satisfy reference by file (symbol)

/Users/Luppy/mynewt/stm32bluepill-mynewt-sensor/bin/targets/gd32vf103c-start_my_sensor/app/hw/mcu/gigadevice/gd32vf103/hw_mcu_gigadevice_gd32vf103.a(start.o)
                              (_reset_handler)
/Users/Luppy/mynewt/stm32bluepill-mynewt-sensor/bin/targets/gd32vf103c-start_my_sensor/app/hw/mcu/gigadevice/gd32vf103/hw_mcu_gigadevice_gd32vf103.a(system_gd32vf103.o)
                              /Users/Luppy/mynewt/stm32bluepill-mynewt-sensor/bin/targets/gd32vf103c-start_my_sensor/app/hw/mcu/gigadevice/gd32vf103/hw_mcu_gigadevice_gd32vf103.a(start.o) (SystemInit)
/Users/Luppy/mynewt/stm32bluepill-mynewt-sensor/bin/targets/gd32vf103c-start_my_sensor/app/hw/mcu/gigadevice/gd32vf103/hw_mcu_gigadevice_gd32vf103.a(fini.o)
                              /Users/Luppy/mynewt/stm32bluepill-mynewt-sensor/bin/targets/gd32vf103c-start_my_sensor/app/hw/mcu/gigadevice/gd32vf103/hw_mcu_gigadevice_gd32vf103.a(start.o) (_fini)
/Users/Luppy/mynewt/stm32bluepill-mynewt-sensor/bin/targets/gd32vf103c-start_my_sensor/app/hw/mcu/gigadevice/gd32vf103/hw_mcu_gigadevice_gd32vf103.a(entry.o)
                              /Users/Luppy/mynewt/stm32bluepill-mynewt-sensor/bin/targets/gd32vf103c-start_my_sensor/app/hw/mcu/gigadevice/gd32vf103/hw_mcu_gigadevice_gd32vf103.a(start.o) (trap_entry)
/Users/Luppy/mynewt/stm32bluepill-mynewt-sensor/bin/targets/gd32vf103c-start_my_sensor/app/kernel/os/kernel_os.a(os_fault.o)
                              /Users/Luppy/mynewt/stm32bluepill-mynewt-sensor/bin/targets/gd32vf103c-start_my_sensor/app/hw/mcu/gigadevice/gd32vf103/hw_mcu_gigadevice_gd32vf103.a(entry.o) (handle_trap)
/Users/Luppy/mynewt/stm32bluepill-mynewt-sensor/bin/targets/gd32vf103c-start_my_sensor/app/libc/baselibc/libc_baselibc.a(inline.o)
                              /Users/Luppy/mynewt/stm32bluepill-mynewt-sensor/bin/targets/gd32vf103c-start_my_sensor/app/hw/mcu/gigadevice/gd32vf103/hw_mcu_gigadevice_gd32vf103.a(start.o) (exit)
/Users/Luppy/mynewt/stm32bluepill-mynewt-sensor/bin/targets/gd32vf103c-start_my_sensor/app/libc/baselibc/libc_baselibc.a(lrand48.o)
                              /Users/Luppy/mynewt/stm32bluepill-mynewt-sensor/bin/targets/gd32vf103c-start_my_sensor/app/libc/baselibc/libc_baselibc.a(inline.o) (lrand48)
/Users/Luppy/mynewt/stm32bluepill-mynewt-sensor/bin/targets/gd32vf103c-start_my_sensor/app/libc/baselibc/libc_baselibc.a(mynewt.o)
                              /Users/Luppy/mynewt/stm32bluepill-mynewt-sensor/bin/targets/gd32vf103c-start_my_sensor/app/libc/baselibc/libc_baselibc.a(inline.o) (stdout)
/Users/Luppy/mynewt/stm32bluepill-mynewt-sensor/bin/targets/gd32vf103c-start_my_sensor/app/libc/baselibc/libc_baselibc.a(srand48.o)
                              /Users/Luppy/mynewt/stm32bluepill-mynewt-sensor/bin/targets/gd32vf103c-start_my_sensor/app/libc/baselibc/libc_baselibc.a(inline.o) (srand48)
/Users/Luppy/mynewt/stm32bluepill-mynewt-sensor/bin/targets/gd32vf103c-start_my_sensor/app/libc/baselibc/libc_baselibc.a(start.o)
                              /Users/Luppy/mynewt/stm32bluepill-mynewt-sensor/bin/targets/gd32vf103c-start_my_sensor/app/hw/mcu/gigadevice/gd32vf103/hw_mcu_gigadevice_gd32vf103.a(start.o) (_start)
/Users/Luppy/mynewt/stm32bluepill-mynewt-sensor/bin/targets/gd32vf103c-start_my_sensor/app/libc/baselibc/libc_baselibc.a(strlen.o)
                              /Users/Luppy/mynewt/stm32bluepill-mynewt-sensor/bin/targets/gd32vf103c-start_my_sensor/app/libc/baselibc/libc_baselibc.a(inline.o) (strlen)
/Users/Luppy/mynewt/stm32bluepill-mynewt-sensor/bin/targets/gd32vf103c-start_my_sensor/app/libc/baselibc/libc_baselibc.a(jrand48.o)
                              /Users/Luppy/mynewt/stm32bluepill-mynewt-sensor/bin/targets/gd32vf103c-start_my_sensor/app/libc/baselibc/libc_baselibc.a(lrand48.o) (jrand48)
/Users/Luppy/mynewt/stm32bluepill-mynewt-sensor/bin/targets/gd32vf103c-start_my_sensor/app/libs/semihosting_console/libs_semihosting_console.a(console.o)
                              /Users/Luppy/mynewt/stm32bluepill-mynewt-sensor/bin/targets/gd32vf103c-start_my_sensor/app/libc/baselibc/libc_baselibc.a(mynewt.o) (console_write)
/Users/Luppy/mynewt/stm32bluepill-mynewt-sensor/bin/targets/gd32vf103c-start_my_sensor/app/libs/semihosting_console/libs_semihosting_console.a(console_fmt.o)
                              /Users/Luppy/mynewt/stm32bluepill-mynewt-sensor/bin/targets/gd32vf103c-start_my_sensor/app/kernel/os/kernel_os.a(os_fault.o) (console_printf)
/Users/Luppy/mynewt/stm32bluepill-mynewt-sensor/bin/targets/gd32vf103c-start_my_sensor/app/libs/semihosting_console/libs_semihosting_console.a(semihosting_console.o)
                              /Users/Luppy/mynewt/stm32bluepill-mynewt-sensor/bin/targets/gd32vf103c-start_my_sensor/app/libs/semihosting_console/libs_semihosting_console.a(console.o) (enable_buffer)
[...]
Memory Configuration

Name             Origin             Length             Attributes
flash            0x0000000008001000 0x000000000000f000 axrl !w
ram              0x0000000020000000 0x0000000000005000 axw !rl
*default*        0x0000000000000000 0xffffffffffffffff

Linker script and memory map

START GROUP
LOAD /Users/Luppy/mynewt/stm32bluepill-mynewt-sensor/bin/targets/gd32vf103c-start_my_sensor/app/apps/my_sensor_app/apps_my_sensor_app.a
LOAD /Users/Luppy/mynewt/stm32bluepill-mynewt-sensor/bin/targets/gd32vf103c-start_my_sensor/app/encoding/cborattr/encoding_cborattr.a
LOAD /Users/Luppy/mynewt/stm32bluepill-mynewt-sensor/bin/targets/gd32vf103c-start_my_sensor/app/encoding/json/encoding_json.a
LOAD /Users/Luppy/mynewt/stm32bluepill-mynewt-sensor/bin/targets/gd32vf103c-start_my_sensor/app/encoding/tinycbor/encoding_tinycbor.a
LOAD /Users/Luppy/mynewt/stm32bluepill-mynewt-sensor/bin/targets/gd32vf103c-start_my_sensor/app/hw/bsp/gd32vf103c-start/hw_bsp_gd32vf103c-start.a
LOAD /Users/Luppy/mynewt/stm32bluepill-mynewt-sensor/bin/targets/gd32vf103c-start_my_sensor/app/hw/hal/hw_hal.a
LOAD /Users/Luppy/mynewt/stm32bluepill-mynewt-sensor/bin/targets/gd32vf103c-start_my_sensor/app/hw/mcu/gigadevice/gd32vf103/hw_mcu_gigadevice_gd32vf103.a
LOAD /Users/Luppy/mynewt/stm32bluepill-mynewt-sensor/bin/targets/gd32vf103c-start_my_sensor/app/hw/sensor/creator/hw_sensor_creator.a
LOAD /Users/Luppy/mynewt/stm32bluepill-mynewt-sensor/bin/targets/gd32vf103c-start_my_sensor/app/hw/sensor/hw_sensor.a
LOAD /Users/Luppy/mynewt/stm32bluepill-mynewt-sensor/bin/targets/gd32vf103c-start_my_sensor/app/kernel/os/kernel_os.a
LOAD /Users/Luppy/mynewt/stm32bluepill-mynewt-sensor/bin/targets/gd32vf103c-start_my_sensor/app/libc/baselibc/libc_baselibc.a
LOAD /Users/Luppy/mynewt/stm32bluepill-mynewt-sensor/bin/targets/gd32vf103c-start_my_sensor/app/libs/mynewt_rust/libs_mynewt_rust.a
LOAD /Users/Luppy/mynewt/stm32bluepill-mynewt-sensor/bin/targets/gd32vf103c-start_my_sensor/app/libs/rust_app/libs_rust_app.a
LOAD /Users/Luppy/mynewt/stm32bluepill-mynewt-sensor/bin/targets/gd32vf103c-start_my_sensor/app/libs/rust_libcore/libs_rust_libcore.a
LOAD /Users/Luppy/mynewt/stm32bluepill-mynewt-sensor/bin/targets/gd32vf103c-start_my_sensor/app/libs/semihosting_console/libs_semihosting_console.a
LOAD /Users/Luppy/mynewt/stm32bluepill-mynewt-sensor/bin/targets/gd32vf103c-start_my_sensor/app/libs/sensor_coap/libs_sensor_coap.a
LOAD /Users/Luppy/mynewt/stm32bluepill-mynewt-sensor/bin/targets/gd32vf103c-start_my_sensor/app/libs/sensor_network/libs_sensor_network.a
LOAD /Users/Luppy/mynewt/stm32bluepill-mynewt-sensor/bin/targets/gd32vf103c-start_my_sensor/app/libs/temp_stub/libs_temp_stub.a
LOAD /Users/Luppy/mynewt/stm32bluepill-mynewt-sensor/bin/targets/gd32vf103c-start_my_sensor/app/net/oic/net_oic.a
LOAD /Users/Luppy/mynewt/stm32bluepill-mynewt-sensor/bin/targets/gd32vf103c-start_my_sensor/app/sys/flash_map/sys_flash_map.a
LOAD /Users/Luppy/mynewt/stm32bluepill-mynewt-sensor/bin/targets/gd32vf103c-start_my_sensor/app/sys/log/modlog/sys_log_modlog.a
LOAD /Users/Luppy/mynewt/stm32bluepill-mynewt-sensor/bin/targets/gd32vf103c-start_my_sensor/app/sys/log/stub/sys_log_stub.a
LOAD /Users/Luppy/mynewt/stm32bluepill-mynewt-sensor/bin/targets/gd32vf103c-start_my_sensor/app/sys/mfg/sys_mfg.a
LOAD /Users/Luppy/mynewt/stm32bluepill-mynewt-sensor/bin/targets/gd32vf103c-start_my_sensor/app/sys/sysdown/sys_sysdown.a
LOAD /Users/Luppy/mynewt/stm32bluepill-mynewt-sensor/bin/targets/gd32vf103c-start_my_sensor/app/sys/sysinit/sys_sysinit.a
LOAD /Users/Luppy/mynewt/stm32bluepill-mynewt-sensor/bin/targets/gd32vf103c-start_my_sensor/app/util/mem/util_mem.a
LOAD /Users/Luppy/mynewt/stm32bluepill-mynewt-sensor/bin/targets/gd32vf103c-start_my_sensor/app/util/rwlock/util_rwlock.a
LOAD /Users/Luppy/mynewt/stm32bluepill-mynewt-sensor/bin/targets/gd32vf103c-start_my_sensor/generated/bin/gd32vf103c-start_my_sensor-sysinit-app.a
END GROUP
LOAD /Users/Luppy/mynewt/stm32bluepill-mynewt-sensor/xPacks/riscv-none-embed-gcc/8.2.0-3.1/bin/../lib/gcc/riscv-none-embed/8.2.0/rv32imac/ilp32/libgcc.a
START GROUP
LOAD /Users/Luppy/mynewt/stm32bluepill-mynewt-sensor/xPacks/riscv-none-embed-gcc/8.2.0-3.1/bin/../lib/gcc/riscv-none-embed/8.2.0/rv32imac/ilp32/libgcc.a
LOAD /Users/Luppy/mynewt/stm32bluepill-mynewt-sensor/xPacks/riscv-none-embed-gcc/8.2.0-3.1/bin/../lib/gcc/riscv-none-embed/8.2.0/../../../../riscv-none-embed/lib/rv32imac/ilp32/libg.a
LOAD /Users/Luppy/mynewt/stm32bluepill-mynewt-sensor/xPacks/riscv-none-embed-gcc/8.2.0-3.1/bin/../lib/gcc/riscv-none-embed/8.2.0/../../../../riscv-none-embed/lib/rv32imac/ilp32/libc.a
END GROUP
LOAD /Users/Luppy/mynewt/stm32bluepill-mynewt-sensor/xPacks/riscv-none-embed-gcc/8.2.0-3.1/bin/../lib/gcc/riscv-none-embed/8.2.0/rv32imac/ilp32/libgcc.a
START GROUP
LOAD /Users/Luppy/mynewt/stm32bluepill-mynewt-sensor/xPacks/riscv-none-embed-gcc/8.2.0-3.1/bin/../lib/gcc/riscv-none-embed/8.2.0/rv32imac/ilp32/libgcc.a
LOAD /Users/Luppy/mynewt/stm32bluepill-mynewt-sensor/xPacks/riscv-none-embed-gcc/8.2.0-3.1/bin/../lib/gcc/riscv-none-embed/8.2.0/../../../../riscv-none-embed/lib/rv32imac/ilp32/libc.a
LOAD /Users/Luppy/mynewt/stm32bluepill-mynewt-sensor/xPacks/riscv-none-embed-gcc/8.2.0-3.1/bin/../lib/gcc/riscv-none-embed/8.2.0/../../../../riscv-none-embed/lib/rv32imac/ilp32/libnosys.a
END GROUP
                0x0000000000000020                _imghdr_size = 0x20
                0x0000000000000800                __stack_size = DEFINED (__stack_size)?__stack_size:0x800

.imghdr         0x0000000008001000       0x20
                0x0000000008001020                . = (. + _imghdr_size)
 *fill*         0x0000000008001000       0x20 
                0x0000000008001020                __text = .

.init           0x0000000008001020      0x228
 *(SORT_NONE(.init))
 .init          0x0000000008001020      0x228 /Users/Luppy/mynewt/stm32bluepill-mynewt-sensor/bin/targets/gd32vf103c-start_my_sensor/app/hw/mcu/gigadevice/gd32vf103/hw_mcu_gigadevice_gd32vf103.a(start.o)
                0x000000000800117c                _reset_handler
                0x000000000800123a                disable_mcycle_minstret
                0x0000000008001240                enable_mcycle_minstret

.text           0x0000000008001280     0x4698
 *(.text.unlikely .text.unlikely.*)
 *(.text.startup .text.startup.*)
 *(.text .text.*)
 .text.system_clock_108m_hxtal
                0x0000000008001280       0xe2 /Users/Luppy/mynewt/stm32bluepill-mynewt-sensor/bin/targets/gd32vf103c-start_my_sensor/app/hw/mcu/gigadevice/gd32vf103/hw_mcu_gigadevice_gd32vf103.a(system_gd32vf103.o)
 .text.system_clock_config
                0x0000000008001362        0xc /Users/Luppy/mynewt/stm32bluepill-mynewt-sensor/bin/targets/gd32vf103c-start_my_sensor/app/hw/mcu/gigadevice/gd32vf103/hw_mcu_gigadevice_gd32vf103.a(system_gd32vf103.o)
 .text.SystemInit
                0x000000000800136e       0x5e /Users/Luppy/mynewt/stm32bluepill-mynewt-sensor/bin/targets/gd32vf103c-start_my_sensor/app/hw/mcu/gigadevice/gd32vf103/hw_mcu_gigadevice_gd32vf103.a(system_gd32vf103.o)
                0x000000000800136e                SystemInit
 .text._fini    0x00000000080013cc        0x2 /Users/Luppy/mynewt/stm32bluepill-mynewt-sensor/bin/targets/gd32vf103c-start_my_sensor/app/hw/mcu/gigadevice/gd32vf103/hw_mcu_gigadevice_gd32vf103.a(fini.o)
                0x00000000080013cc                _fini
 *fill*         0x00000000080013ce       0x32 
 .text.trap     0x0000000008001400       0x7c /Users/Luppy/mynewt/stm32bluepill-mynewt-sensor/bin/targets/gd32vf103c-start_my_sensor/app/hw/mcu/gigadevice/gd32vf103/hw_mcu_gigadevice_gd32vf103.a(entry.o)
                0x0000000008001400                trap_entry
 *fill*         0x000000000800147c        0x0 
 .text.irq      0x000000000800147c       0x72 /Users/Luppy/mynewt/stm32bluepill-mynewt-sensor/bin/targets/gd32vf103c-start_my_sensor/app/hw/mcu/gigadevice/gd32vf103/hw_mcu_gigadevice_gd32vf103.a(entry.o)
                0x000000000800147c                irq_entry
 .text.__assert_func
                0x00000000080014ee       0x28 /Users/Luppy/mynewt/stm32bluepill-mynewt-sensor/bin/targets/gd32vf103c-start_my_sensor/app/kernel/os/kernel_os.a(os_fault.o)
                0x00000000080014ee                __assert_func
 .text.handle_trap
                0x0000000008001516        0x6 /Users/Luppy/mynewt/stm32bluepill-mynewt-sensor/bin/targets/gd32vf103c-start_my_sensor/app/kernel/os/kernel_os.a(os_fault.o)
                0x0000000008001516                handle_trap
 .text.plic_default_isr
                0x000000000800151c        0x2 /Users/Luppy/mynewt/stm32bluepill-mynewt-sensor/bin/targets/gd32vf103c-start_my_sensor/app/kernel/os/kernel_os.a(os_fault.o)
                0x000000000800151c                plic_default_isr
 .text.exit     0x000000000800151e        0x6 /Users/Luppy/mynewt/stm32bluepill-mynewt-sensor/bin/targets/gd32vf103c-start_my_sensor/app/libc/baselibc/libc_baselibc.a(inline.o)
                0x000000000800151e                exit
 .text.stdin_read
                0x0000000008001524        0x4 /Users/Luppy/mynewt/stm32bluepill-mynewt-sensor/bin/targets/gd32vf103c-start_my_sensor/app/libc/baselibc/libc_baselibc.a(mynewt.o)
 .text.stdout_write
                0x0000000008001528       0x18 /Users/Luppy/mynewt/stm32bluepill-mynewt-sensor/bin/targets/gd32vf103c-start_my_sensor/app/libc/baselibc/libc_baselibc.a(mynewt.o)
 .text._start   0x0000000008001540       0x16 /Users/Luppy/mynewt/stm32bluepill-mynewt-sensor/bin/targets/gd32vf103c-start_my_sensor/app/libc/baselibc/libc_baselibc.a(start.o)
                0x0000000008001540                _start
 .text._init    0x0000000008001556        0x2 /Users/Luppy/mynewt/stm32bluepill-mynewt-sensor/bin/targets/gd32vf103c-start_my_sensor/app/libc/baselibc/libc_baselibc.a(start.o)
                0x0000000008001556                _init
 .text.console_write
                0x0000000008001558       0x34 /Users/Luppy/mynewt/stm32bluepill-mynewt-sensor/bin/targets/gd32vf103c-start_my_sensor/app/libs/semihosting_console/libs_semihosting_console.a(console.o)
                0x0000000008001558                console_write
 .text.console_pkg_init
                0x000000000800158c       0x46 /Users/Luppy/mynewt/stm32bluepill-mynewt-sensor/bin/targets/gd32vf103c-start_my_sensor/app/libs/semihosting_console/libs_semihosting_console.a(console.o)
                0x000000000800158c                console_pkg_init
 .text.console_printf
                0x00000000080015d2       0x58 /Users/Luppy/mynewt/stm32bluepill-mynewt-sensor/bin/targets/gd32vf103c-start_my_sensor/app/libs/semihosting_console/libs_semihosting_console.a(console_fmt.o)
                0x00000000080015d2                console_printf
 .text.console_flush
                0x000000000800162a       0x30 /Users/Luppy/mynewt/stm32bluepill-mynewt-sensor/bin/targets/gd32vf103c-start_my_sensor/app/libs/semihosting_console/libs_semihosting_console.a(semihosting_console.o)
                0x000000000800162a                console_flush
 .text.console_printhex
                0x000000000800165a       0x16 /Users/Luppy/mynewt/stm32bluepill-mynewt-sensor/bin/targets/gd32vf103c-start_my_sensor/app/libs/semihosting_console/libs_semihosting_console.a(semihosting_console.o)
                0x000000000800165a                console_printhex
 .text.console_dump
                0x0000000008001670       0x34 /Users/Luppy/mynewt/stm32bluepill-mynewt-sensor/bin/targets/gd32vf103c-start_my_sensor/app/libs/semihosting_console/libs_semihosting_console.a(semihosting_console.o)
                0x0000000008001670                console_dump
 .text.console_out_nolock
                0x00000000080016a4       0x30 /Users/Luppy/mynewt/stm32bluepill-mynewt-sensor/bin/targets/gd32vf103c-start_my_sensor/app/libs/semihosting_console/libs_semihosting_console.a(semihosting_console.o)
                0x00000000080016a4                console_out_nolock
 .text.semihosting_console_init
                0x00000000080016d4        0x4 /Users/Luppy/mynewt/stm32bluepill-mynewt-sensor/bin/targets/gd32vf103c-start_my_sensor/app/libs/semihosting_console/libs_semihosting_console.a(semihosting_console.o)
                0x00000000080016d4                semihosting_console_init
 .text.console_get_ticks
                0x00000000080016d8        0xa /Users/Luppy/mynewt/stm32bluepill-mynewt-sensor/bin/targets/gd32vf103c-start_my_sensor/app/libs/semihosting_console/libs_semihosting_console.a(ticks.o)
                0x00000000080016d8                console_get_ticks
 .text.sysinit_dflt_panic_cb
                0x00000000080016e2        0x6 /Users/Luppy/mynewt/stm32bluepill-mynewt-sensor/bin/targets/gd32vf103c-start_my_sensor/app/sys/sysinit/sys_sysinit.a(sysinit.o)
 .text.sysinit_start
                0x00000000080016e8        0xc /Users/Luppy/mynewt/stm32bluepill-mynewt-sensor/bin/targets/gd32vf103c-start_my_sensor/app/sys/sysinit/sys_sysinit.a(sysinit.o)
                0x00000000080016e8                sysinit_start
 .text.sysinit_end
                0x00000000080016f4        0xa /Users/Luppy/mynewt/stm32bluepill-mynewt-sensor/bin/targets/gd32vf103c-start_my_sensor/app/sys/sysinit/sys_sysinit.a(sysinit.o)
                0x00000000080016f4                sysinit_end
 .text.main     0x00000000080016fe       0x28 /Users/Luppy/mynewt/stm32bluepill-mynewt-sensor/bin/targets/gd32vf103c-start_my_sensor/app/apps/my_sensor_app/apps_my_sensor_app.a(main.o)
                0x00000000080016fe                main
 .text._exit    0x0000000008001726        0x6 /Users/Luppy/mynewt/stm32bluepill-mynewt-sensor/bin/targets/gd32vf103c-start_my_sensor/app/hw/hal/hw_hal.a(hal_common.o)
                0x0000000008001726                _exit
 .text.hal_debugger_connected
                0x000000000800172c        0x4 /Users/Luppy/mynewt/stm32bluepill-mynewt-sensor/bin/targets/gd32vf103c-start_my_sensor/app/hw/mcu/gigadevice/gd32vf103/hw_mcu_gigadevice_gd32vf103.a(hal_system.o)
                0x000000000800172c                hal_debugger_connected
 .text.hal_system_reset
                0x0000000008001730        0xc /Users/Luppy/mynewt/stm32bluepill-mynewt-sensor/bin/targets/gd32vf103c-start_my_sensor/app/hw/mcu/gigadevice/gd32vf103/hw_mcu_gigadevice_gd32vf103.a(hal_system.o)
                0x0000000008001730                hal_system_reset
 .text.os_idle_task
                0x000000000800173c       0x90 /Users/Luppy/mynewt/stm32bluepill-mynewt-sensor/bin/targets/gd32vf103c-start_my_sensor/app/kernel/os/kernel_os.a(os.o)
                0x000000000800173c                os_idle_task
 .text.os_main  0x00000000080017cc       0x16 /Users/Luppy/mynewt/stm32bluepill-mynewt-sensor/bin/targets/gd32vf103c-start_my_sensor/app/kernel/os/kernel_os.a(os.o)
 .text.os_started
                0x00000000080017e2        0xa /Users/Luppy/mynewt/stm32bluepill-mynewt-sensor/bin/targets/gd32vf103c-start_my_sensor/app/kernel/os/kernel_os.a(os.o)
                0x00000000080017e2                os_started
 .text.os_init_idle_task
                0x00000000080017ec       0x68 /Users/Luppy/mynewt/stm32bluepill-mynewt-sensor/bin/targets/gd32vf103c-start_my_sensor/app/kernel/os/kernel_os.a(os.o)
                0x00000000080017ec                os_init_idle_task
 .text.os_init  0x0000000008001854       0xa4 /Users/Luppy/mynewt/stm32bluepill-mynewt-sensor/bin/targets/gd32vf103c-start_my_sensor/app/kernel/os/kernel_os.a(os.o)
                0x0000000008001854                os_init
 .text.os_start
                0x00000000080018f8       0x1e /Users/Luppy/mynewt/stm32bluepill-mynewt-sensor/bin/targets/gd32vf103c-start_my_sensor/app/kernel/os/kernel_os.a(os.o)
                0x00000000080018f8                os_start
 .text.os_pkg_init
                0x0000000008001916       0x36 /Users/Luppy/mynewt/stm32bluepill-mynewt-sensor/bin/targets/gd32vf103c-start_my_sensor/app/kernel/os/kernel_os.a(os.o)
                0x0000000008001916                os_pkg_init
 .text.os_callout_init
                0x000000000800194c       0x36 /Users/Luppy/mynewt/stm32bluepill-mynewt-sensor/bin/targets/gd32vf103c-start_my_sensor/app/kernel/os/kernel_os.a(os_callout.o)
                0x000000000800194c                os_callout_init
 .text.os_callout_stop
                0x0000000008001982       0x48 /Users/Luppy/mynewt/stm32bluepill-mynewt-sensor/bin/targets/gd32vf103c-start_my_sensor/app/kernel/os/kernel_os.a(os_callout.o)
                0x0000000008001982                os_callout_stop
 .text.os_callout_reset
                0x00000000080019ca       0x8e /Users/Luppy/mynewt/stm32bluepill-mynewt-sensor/bin/targets/gd32vf103c-start_my_sensor/app/kernel/os/kernel_os.a(os_callout.o)
                0x00000000080019ca                os_callout_reset
 .text.os_callout_tick
                0x0000000008001a58       0x6c /Users/Luppy/mynewt/stm32bluepill-mynewt-sensor/bin/targets/gd32vf103c-start_my_sensor/app/kernel/os/kernel_os.a(os_callout.o)
                0x0000000008001a58                os_callout_tick
 .text.os_callout_wakeup_ticks
                0x0000000008001ac4       0x38 /Users/Luppy/mynewt/stm32bluepill-mynewt-sensor/bin/targets/gd32vf103c-start_my_sensor/app/kernel/os/kernel_os.a(os_callout.o)
                0x0000000008001ac4                os_callout_wakeup_ticks
 .text.os_dev_add
                0x0000000008001afc       0x6c /Users/Luppy/mynewt/stm32bluepill-mynewt-sensor/bin/targets/gd32vf103c-start_my_sensor/app/kernel/os/kernel_os.a(os_dev.o)
 .text.os_dev_initialize
                0x0000000008001b68       0x30 /Users/Luppy/mynewt/stm32bluepill-mynewt-sensor/bin/targets/gd32vf103c-start_my_sensor/app/kernel/os/kernel_os.a(os_dev.o)
 .text.os_dev_init
                0x0000000008001b98       0x2a /Users/Luppy/mynewt/stm32bluepill-mynewt-sensor/bin/targets/gd32vf103c-start_my_sensor/app/kernel/os/kernel_os.a(os_dev.o)
 .text.os_dev_create
                0x0000000008001bc2       0x2a /Users/Luppy/mynewt/stm32bluepill-mynewt-sensor/bin/targets/gd32vf103c-start_my_sensor/app/kernel/os/kernel_os.a(os_dev.o)
                0x0000000008001bc2                os_dev_create
 .text.os_dev_initialize_all
                0x0000000008001bec       0x32 /Users/Luppy/mynewt/stm32bluepill-mynewt-sensor/bin/targets/gd32vf103c-start_my_sensor/app/kernel/os/kernel_os.a(os_dev.o)
                0x0000000008001bec                os_dev_initialize_all
 .text.os_dev_lookup
                0x0000000008001c1e       0x2e /Users/Luppy/mynewt/stm32bluepill-mynewt-sensor/bin/targets/gd32vf103c-start_my_sensor/app/kernel/os/kernel_os.a(os_dev.o)
                0x0000000008001c1e                os_dev_lookup
 .text.os_dev_open
                0x0000000008001c4c       0x5c /Users/Luppy/mynewt/stm32bluepill-mynewt-sensor/bin/targets/gd32vf103c-start_my_sensor/app/kernel/os/kernel_os.a(os_dev.o)
                0x0000000008001c4c                os_dev_open
 .text.os_dev_close
                0x0000000008001ca8       0x42 /Users/Luppy/mynewt/stm32bluepill-mynewt-sensor/bin/targets/gd32vf103c-start_my_sensor/app/kernel/os/kernel_os.a(os_dev.o)
                0x0000000008001ca8                os_dev_close
 .text.os_dev_reset
                0x0000000008001cea       0x10 /Users/Luppy/mynewt/stm32bluepill-mynewt-sensor/bin/targets/gd32vf103c-start_my_sensor/app/kernel/os/kernel_os.a(os_dev.o)
                0x0000000008001cea                os_dev_reset
 .text.os_eventq_init
                0x0000000008001cfa       0x2c /Users/Luppy/mynewt/stm32bluepill-mynewt-sensor/bin/targets/gd32vf103c-start_my_sensor/app/kernel/os/kernel_os.a(os_eventq.o)
                0x0000000008001cfa                os_eventq_init
 .text.os_eventq_inited
                0x0000000008001d26        0x8 /Users/Luppy/mynewt/stm32bluepill-mynewt-sensor/bin/targets/gd32vf103c-start_my_sensor/app/kernel/os/kernel_os.a(os_eventq.o)
                0x0000000008001d26                os_eventq_inited
 .text.os_eventq_put
                0x0000000008001d2e       0x80 /Users/Luppy/mynewt/stm32bluepill-mynewt-sensor/bin/targets/gd32vf103c-start_my_sensor/app/kernel/os/kernel_os.a(os_eventq.o)
                0x0000000008001d2e                os_eventq_put
 .text.os_eventq_get
                0x0000000008001dae       0x9a /Users/Luppy/mynewt/stm32bluepill-mynewt-sensor/bin/targets/gd32vf103c-start_my_sensor/app/kernel/os/kernel_os.a(os_eventq.o)
                0x0000000008001dae                os_eventq_get
 .text.os_eventq_run
                0x0000000008001e48       0x1e /Users/Luppy/mynewt/stm32bluepill-mynewt-sensor/bin/targets/gd32vf103c-start_my_sensor/app/kernel/os/kernel_os.a(os_eventq.o)
                0x0000000008001e48                os_eventq_run
 .text.os_eventq_remove
                0x0000000008001e66       0x50 /Users/Luppy/mynewt/stm32bluepill-mynewt-sensor/bin/targets/gd32vf103c-start_my_sensor/app/kernel/os/kernel_os.a(os_eventq.o)
                0x0000000008001e66                os_eventq_remove
 .text.os_eventq_dflt_get
                0x0000000008001eb6        0xa /Users/Luppy/mynewt/stm32bluepill-mynewt-sensor/bin/targets/gd32vf103c-start_my_sensor/app/kernel/os/kernel_os.a(os_eventq.o)
                0x0000000008001eb6                os_eventq_dflt_get
 .text.os_mqueue_init
                0x0000000008001ec0       0x34 /Users/Luppy/mynewt/stm32bluepill-mynewt-sensor/bin/targets/gd32vf103c-start_my_sensor/app/kernel/os/kernel_os.a(os_mbuf.o)
                0x0000000008001ec0                os_mqueue_init
 .text.os_mqueue_get
                0x0000000008001ef4       0x34 /Users/Luppy/mynewt/stm32bluepill-mynewt-sensor/bin/targets/gd32vf103c-start_my_sensor/app/kernel/os/kernel_os.a(os_mbuf.o)
                0x0000000008001ef4                os_mqueue_get
 .text.os_mbuf_pool_init
                0x0000000008001f28        0xc /Users/Luppy/mynewt/stm32bluepill-mynewt-sensor/bin/targets/gd32vf103c-start_my_sensor/app/kernel/os/kernel_os.a(os_mbuf.o)
                0x0000000008001f28                os_mbuf_pool_init
 .text.os_mbuf_get
                0x0000000008001f34       0x42 /Users/Luppy/mynewt/stm32bluepill-mynewt-sensor/bin/targets/gd32vf103c-start_my_sensor/app/kernel/os/kernel_os.a(os_mbuf.o)
                0x0000000008001f34                os_mbuf_get
 .text.os_mbuf_free
                0x0000000008001f76       0x18 /Users/Luppy/mynewt/stm32bluepill-mynewt-sensor/bin/targets/gd32vf103c-start_my_sensor/app/kernel/os/kernel_os.a(os_mbuf.o)
                0x0000000008001f76                os_mbuf_free
 .text.os_mbuf_free_chain
                0x0000000008001f8e       0x28 /Users/Luppy/mynewt/stm32bluepill-mynewt-sensor/bin/targets/gd32vf103c-start_my_sensor/app/kernel/os/kernel_os.a(os_mbuf.o)
                0x0000000008001f8e                os_mbuf_free_chain
 .text.os_mbuf_dup
                0x0000000008001fb6       0xee /Users/Luppy/mynewt/stm32bluepill-mynewt-sensor/bin/targets/gd32vf103c-start_my_sensor/app/kernel/os/kernel_os.a(os_mbuf.o)
                0x0000000008001fb6                os_mbuf_dup
 .text.os_mempool_init_internal
                0x00000000080020a4       0x74 /Users/Luppy/mynewt/stm32bluepill-mynewt-sensor/bin/targets/gd32vf103c-start_my_sensor/app/kernel/os/kernel_os.a(os_mempool.o)
 .text.os_mempool_init
                0x0000000008002118        0xe /Users/Luppy/mynewt/stm32bluepill-mynewt-sensor/bin/targets/gd32vf103c-start_my_sensor/app/kernel/os/kernel_os.a(os_mempool.o)
                0x0000000008002118                os_mempool_init
 .text.os_memblock_get
                0x0000000008002126       0x4a /Users/Luppy/mynewt/stm32bluepill-mynewt-sensor/bin/targets/gd32vf103c-start_my_sensor/app/kernel/os/kernel_os.a(os_mempool.o)
                0x0000000008002126                os_memblock_get
 .text.os_memblock_put_from_cb
                0x0000000008002170       0x30 /Users/Luppy/mynewt/stm32bluepill-mynewt-sensor/bin/targets/gd32vf103c-start_my_sensor/app/kernel/os/kernel_os.a(os_mempool.o)
                0x0000000008002170                os_memblock_put_from_cb
 .text.os_memblock_put
                0x00000000080021a0       0x2a /Users/Luppy/mynewt/stm32bluepill-mynewt-sensor/bin/targets/gd32vf103c-start_my_sensor/app/kernel/os/kernel_os.a(os_mempool.o)
                0x00000000080021a0                os_memblock_put
 .text.os_mempool_module_init
                0x00000000080021ca       0x10 /Users/Luppy/mynewt/stm32bluepill-mynewt-sensor/bin/targets/gd32vf103c-start_my_sensor/app/kernel/os/kernel_os.a(os_mempool.o)
                0x00000000080021ca                os_mempool_module_init
 .text.os_msys_register
                0x00000000080021da       0x5c /Users/Luppy/mynewt/stm32bluepill-mynewt-sensor/bin/targets/gd32vf103c-start_my_sensor/app/kernel/os/kernel_os.a(os_msys.o)
                0x00000000080021da                os_msys_register
 .text.os_msys_init_once
                0x0000000008002236       0x44 /Users/Luppy/mynewt/stm32bluepill-mynewt-sensor/bin/targets/gd32vf103c-start_my_sensor/app/kernel/os/kernel_os.a(os_msys.o)
 .text.os_msys_reset
                0x000000000800227a       0x10 /Users/Luppy/mynewt/stm32bluepill-mynewt-sensor/bin/targets/gd32vf103c-start_my_sensor/app/kernel/os/kernel_os.a(os_msys.o)
                0x000000000800227a                os_msys_reset
 .text.os_msys_init
                0x000000000800228a       0x34 /Users/Luppy/mynewt/stm32bluepill-mynewt-sensor/bin/targets/gd32vf103c-start_my_sensor/app/kernel/os/kernel_os.a(os_msys.o)
                0x000000000800228a                os_msys_init
 .text.os_mutex_init
                0x00000000080022be       0x1a /Users/Luppy/mynewt/stm32bluepill-mynewt-sensor/bin/targets/gd32vf103c-start_my_sensor/app/kernel/os/kernel_os.a(os_mutex.o)
                0x00000000080022be                os_mutex_init
 .text.os_mutex_release
                0x00000000080022d8       0xe6 /Users/Luppy/mynewt/stm32bluepill-mynewt-sensor/bin/targets/gd32vf103c-start_my_sensor/app/kernel/os/kernel_os.a(os_mutex.o)
                0x00000000080022d8                os_mutex_release
 .text.os_mutex_pend
                0x00000000080023be      0x10a /Users/Luppy/mynewt/stm32bluepill-mynewt-sensor/bin/targets/gd32vf103c-start_my_sensor/app/kernel/os/kernel_os.a(os_mutex.o)
                0x00000000080023be                os_mutex_pend
 .text.os_sanity_check_list_lock
                0x00000000080024c8       0x22 /Users/Luppy/mynewt/stm32bluepill-mynewt-sensor/bin/targets/gd32vf103c-start_my_sensor/app/kernel/os/kernel_os.a(os_sanity.o)
 .text.os_sanity_check_list_unlock
                0x00000000080024ea       0x20 /Users/Luppy/mynewt/stm32bluepill-mynewt-sensor/bin/targets/gd32vf103c-start_my_sensor/app/kernel/os/kernel_os.a(os_sanity.o)
 .text.os_sanity_check_init
                0x000000000800250a       0x14 /Users/Luppy/mynewt/stm32bluepill-mynewt-sensor/bin/targets/gd32vf103c-start_my_sensor/app/kernel/os/kernel_os.a(os_sanity.o)
                0x000000000800250a                os_sanity_check_init
 .text.os_sanity_check_register
                0x000000000800251e       0x22 /Users/Luppy/mynewt/stm32bluepill-mynewt-sensor/bin/targets/gd32vf103c-start_my_sensor/app/kernel/os/kernel_os.a(os_sanity.o)
                0x000000000800251e                os_sanity_check_register
 .text.os_sanity_run
                0x0000000008002540       0x64 /Users/Luppy/mynewt/stm32bluepill-mynewt-sensor/bin/targets/gd32vf103c-start_my_sensor/app/kernel/os/kernel_os.a(os_sanity.o)
                0x0000000008002540                os_sanity_run
 .text.os_sanity_init
                0x00000000080025a4       0x14 /Users/Luppy/mynewt/stm32bluepill-mynewt-sensor/bin/targets/gd32vf103c-start_my_sensor/app/kernel/os/kernel_os.a(os_sanity.o)
                0x00000000080025a4                os_sanity_init
 .text.os_sched_insert
                0x00000000080025b8       0x6a /Users/Luppy/mynewt/stm32bluepill-mynewt-sensor/bin/targets/gd32vf103c-start_my_sensor/app/kernel/os/kernel_os.a(os_sched.o)
                0x00000000080025b8                os_sched_insert
 .text.os_sched_ctx_sw_hook
                0x0000000008002622       0x2e /Users/Luppy/mynewt/stm32bluepill-mynewt-sensor/bin/targets/gd32vf103c-start_my_sensor/app/kernel/os/kernel_os.a(os_sched.o)
                0x0000000008002622                os_sched_ctx_sw_hook
 .text.os_sched_get_current_task
                0x0000000008002650        0xa /Users/Luppy/mynewt/stm32bluepill-mynewt-sensor/bin/targets/gd32vf103c-start_my_sensor/app/kernel/os/kernel_os.a(os_sched.o)
                0x0000000008002650                os_sched_get_current_task
 .text.os_sched_set_current_task
                0x000000000800265a        0xa /Users/Luppy/mynewt/stm32bluepill-mynewt-sensor/bin/targets/gd32vf103c-start_my_sensor/app/kernel/os/kernel_os.a(os_sched.o)
                0x000000000800265a                os_sched_set_current_task
 .text.os_sched_sleep
                0x0000000008002664       0xb6 /Users/Luppy/mynewt/stm32bluepill-mynewt-sensor/bin/targets/gd32vf103c-start_my_sensor/app/kernel/os/kernel_os.a(os_sched.o)
                0x0000000008002664                os_sched_sleep
 .text.os_sched_wakeup
                0x000000000800271a       0x86 /Users/Luppy/mynewt/stm32bluepill-mynewt-sensor/bin/targets/gd32vf103c-start_my_sensor/app/kernel/os/kernel_os.a(os_sched.o)
                0x000000000800271a                os_sched_wakeup
 .text.os_sched_os_timer_exp
                0x00000000080027a0       0x46 /Users/Luppy/mynewt/stm32bluepill-mynewt-sensor/bin/targets/gd32vf103c-start_my_sensor/app/kernel/os/kernel_os.a(os_sched.o)
                0x00000000080027a0                os_sched_os_timer_exp
 .text.os_sched_wakeup_ticks
                0x00000000080027e6       0x44 /Users/Luppy/mynewt/stm32bluepill-mynewt-sensor/bin/targets/gd32vf103c-start_my_sensor/app/kernel/os/kernel_os.a(os_sched.o)
                0x00000000080027e6                os_sched_wakeup_ticks
 .text.os_sched_next_task
                0x000000000800282a        0xa /Users/Luppy/mynewt/stm32bluepill-mynewt-sensor/bin/targets/gd32vf103c-start_my_sensor/app/kernel/os/kernel_os.a(os_sched.o)
                0x000000000800282a                os_sched_next_task
 .text.os_sched
                0x0000000008002834       0x28 /Users/Luppy/mynewt/stm32bluepill-mynewt-sensor/bin/targets/gd32vf103c-start_my_sensor/app/kernel/os/kernel_os.a(os_sched.o)
                0x0000000008002834                os_sched
 .text.os_sched_resort
                0x000000000800285c       0x34 /Users/Luppy/mynewt/stm32bluepill-mynewt-sensor/bin/targets/gd32vf103c-start_my_sensor/app/kernel/os/kernel_os.a(os_sched.o)
                0x000000000800285c                os_sched_resort
 .text._clear_stack
                0x0000000008002890       0x1c /Users/Luppy/mynewt/stm32bluepill-mynewt-sensor/bin/targets/gd32vf103c-start_my_sensor/app/kernel/os/kernel_os.a(os_task.o)
 .text.os_task_init
                0x00000000080028ac      0x100 /Users/Luppy/mynewt/stm32bluepill-mynewt-sensor/bin/targets/gd32vf103c-start_my_sensor/app/kernel/os/kernel_os.a(os_task.o)
                0x00000000080028ac                os_task_init
 .text.os_deltatime
                0x00000000080029ac       0x50 /Users/Luppy/mynewt/stm32bluepill-mynewt-sensor/bin/targets/gd32vf103c-start_my_sensor/app/kernel/os/kernel_os.a(os_time.o)
 .text.os_time_tick
                0x00000000080029fc       0x78 /Users/Luppy/mynewt/stm32bluepill-mynewt-sensor/bin/targets/gd32vf103c-start_my_sensor/app/kernel/os/kernel_os.a(os_time.o)
 .text.os_time_get
                0x0000000008002a74        0xa /Users/Luppy/mynewt/stm32bluepill-mynewt-sensor/bin/targets/gd32vf103c-start_my_sensor/app/kernel/os/kernel_os.a(os_time.o)
                0x0000000008002a74                os_time_get
 .text.os_time_advance
                0x0000000008002a7e       0x4a /Users/Luppy/mynewt/stm32bluepill-mynewt-sensor/bin/targets/gd32vf103c-start_my_sensor/app/kernel/os/kernel_os.a(os_time.o)
                0x0000000008002a7e                os_time_advance
 .text.os_gettimeofday
                0x0000000008002ac8       0x54 /Users/Luppy/mynewt/stm32bluepill-mynewt-sensor/bin/targets/gd32vf103c-start_my_sensor/app/kernel/os/kernel_os.a(os_time.o)
                0x0000000008002ac8                os_gettimeofday
 .text.os_time_ms_to_ticks
                0x0000000008002b1c       0x26 /Users/Luppy/mynewt/stm32bluepill-mynewt-sensor/bin/targets/gd32vf103c-start_my_sensor/app/kernel/os/kernel_os.a(os_time.o)
                0x0000000008002b1c                os_time_ms_to_ticks
 .text.os_in_isr
                0x0000000008002b42        0x4 /Users/Luppy/mynewt/stm32bluepill-mynewt-sensor/bin/targets/gd32vf103c-start_my_sensor/app/kernel/os/kernel_os.a(os_arch_rv32imac.o)
 .text.os_arch_ctx_sw
                0x0000000008002b46       0x28 /Users/Luppy/mynewt/stm32bluepill-mynewt-sensor/bin/targets/gd32vf103c-start_my_sensor/app/kernel/os/kernel_os.a(os_arch_rv32imac.o)
                0x0000000008002b46                os_arch_ctx_sw
 .text.os_arch_save_sr
                0x0000000008002b6e        0x8 /Users/Luppy/mynewt/stm32bluepill-mynewt-sensor/bin/targets/gd32vf103c-start_my_sensor/app/kernel/os/kernel_os.a(os_arch_rv32imac.o)
                0x0000000008002b6e                os_arch_save_sr
 .text.os_arch_restore_sr
                0x0000000008002b76        0x8 /Users/Luppy/mynewt/stm32bluepill-mynewt-sensor/bin/targets/gd32vf103c-start_my_sensor/app/kernel/os/kernel_os.a(os_arch_rv32imac.o)
                0x0000000008002b76                os_arch_restore_sr
 .text.os_arch_in_critical
                0x0000000008002b7e        0xc /Users/Luppy/mynewt/stm32bluepill-mynewt-sensor/bin/targets/gd32vf103c-start_my_sensor/app/kernel/os/kernel_os.a(os_arch_rv32imac.o)
                0x0000000008002b7e                os_arch_in_critical
 .text.os_arch_task_stack_init
                0x0000000008002b8a       0x28 /Users/Luppy/mynewt/stm32bluepill-mynewt-sensor/bin/targets/gd32vf103c-start_my_sensor/app/kernel/os/kernel_os.a(os_arch_rv32imac.o)
                0x0000000008002b8a                os_arch_task_stack_init
 .text.os_arch_init
                0x0000000008002bb2        0xe /Users/Luppy/mynewt/stm32bluepill-mynewt-sensor/bin/targets/gd32vf103c-start_my_sensor/app/kernel/os/kernel_os.a(os_arch_rv32imac.o)
                0x0000000008002bb2                os_arch_init
 .text.os_arch_start
                0x0000000008002bc0       0x4c /Users/Luppy/mynewt/stm32bluepill-mynewt-sensor/bin/targets/gd32vf103c-start_my_sensor/app/kernel/os/kernel_os.a(os_arch_rv32imac.o)
                0x0000000008002bc0                os_arch_start
 .text.os_arch_os_start
                0x0000000008002c0c       0x16 /Users/Luppy/mynewt/stm32bluepill-mynewt-sensor/bin/targets/gd32vf103c-start_my_sensor/app/kernel/os/kernel_os.a(os_arch_rv32imac.o)
                0x0000000008002c0c                os_arch_os_start
 .text.memcmp   0x0000000008002c22       0x28 /Users/Luppy/mynewt/stm32bluepill-mynewt-sensor/bin/targets/gd32vf103c-start_my_sensor/app/libc/baselibc/libc_baselibc.a(memcmp.o)
                0x0000000008002c22                memcmp
 .text.memcpy   0x0000000008002c4a       0x1a /Users/Luppy/mynewt/stm32bluepill-mynewt-sensor/bin/targets/gd32vf103c-start_my_sensor/app/libc/baselibc/libc_baselibc.a(memcpy.o)
                0x0000000008002c4a                memcpy
 .text.memset   0x0000000008002c64       0x14 /Users/Luppy/mynewt/stm32bluepill-mynewt-sensor/bin/targets/gd32vf103c-start_my_sensor/app/libc/baselibc/libc_baselibc.a(memset.o)
                0x0000000008002c64                memset
 .text.strcmp   0x0000000008002c78       0x20 /Users/Luppy/mynewt/stm32bluepill-mynewt-sensor/bin/targets/gd32vf103c-start_my_sensor/app/libc/baselibc/libc_baselibc.a(strcmp.o)
                0x0000000008002c78                strcmp
 .text.ui2a     0x0000000008002c98      0x104 /Users/Luppy/mynewt/stm32bluepill-mynewt-sensor/bin/targets/gd32vf103c-start_my_sensor/app/libc/baselibc/libc_baselibc.a(tinyprintf.o)
 .text.i2a      0x0000000008002d9c       0x2e /Users/Luppy/mynewt/stm32bluepill-mynewt-sensor/bin/targets/gd32vf103c-start_my_sensor/app/libc/baselibc/libc_baselibc.a(tinyprintf.o)
 .text.a2d      0x0000000008002dca       0x40 /Users/Luppy/mynewt/stm32bluepill-mynewt-sensor/bin/targets/gd32vf103c-start_my_sensor/app/libc/baselibc/libc_baselibc.a(tinyprintf.o)
 .text.a2i      0x0000000008002e0a       0x52 /Users/Luppy/mynewt/stm32bluepill-mynewt-sensor/bin/targets/gd32vf103c-start_my_sensor/app/libc/baselibc/libc_baselibc.a(tinyprintf.o)
 .text.putf     0x0000000008002e5c       0x28 /Users/Luppy/mynewt/stm32bluepill-mynewt-sensor/bin/targets/gd32vf103c-start_my_sensor/app/libc/baselibc/libc_baselibc.a(tinyprintf.o)
 .text.putchw   0x0000000008002e84      0x144 /Users/Luppy/mynewt/stm32bluepill-mynewt-sensor/bin/targets/gd32vf103c-start_my_sensor/app/libc/baselibc/libc_baselibc.a(tinyprintf.o)
 .text.intarg   0x0000000008002fc8       0x6e /Users/Luppy/mynewt/stm32bluepill-mynewt-sensor/bin/targets/gd32vf103c-start_my_sensor/app/libc/baselibc/libc_baselibc.a(tinyprintf.o)
 .text.tfp_format
                0x0000000008003036      0x2b8 /Users/Luppy/mynewt/stm32bluepill-mynewt-sensor/bin/targets/gd32vf103c-start_my_sensor/app/libc/baselibc/libc_baselibc.a(tinyprintf.o)
                0x0000000008003036                tfp_format
 .text.vfprintf
                0x00000000080032ee        0xc /Users/Luppy/mynewt/stm32bluepill-mynewt-sensor/bin/targets/gd32vf103c-start_my_sensor/app/libc/baselibc/libc_baselibc.a(tinyprintf.o)
                0x00000000080032ee                vfprintf
 .text.printf   0x00000000080032fa       0x28 /Users/Luppy/mynewt/stm32bluepill-mynewt-sensor/bin/targets/gd32vf103c-start_my_sensor/app/libc/baselibc/libc_baselibc.a(tinyprintf.o)
                0x00000000080032fa                printf
 .text.vsnprintf
                0x0000000008003322       0x4c /Users/Luppy/mynewt/stm32bluepill-mynewt-sensor/bin/targets/gd32vf103c-start_my_sensor/app/libc/baselibc/libc_baselibc.a(tinyprintf.o)
                0x0000000008003322                vsnprintf
 .text.vprintf  0x000000000800336e       0x18 /Users/Luppy/mynewt/stm32bluepill-mynewt-sensor/bin/targets/gd32vf103c-start_my_sensor/app/libc/baselibc/libc_baselibc.a(vprintf.o)
                0x000000000800336e                vprintf
 .text.memfile_write
                0x0000000008003386       0x32 /Users/Luppy/mynewt/stm32bluepill-mynewt-sensor/bin/targets/gd32vf103c-start_my_sensor/app/libc/baselibc/libc_baselibc.a(memfile.o)
                0x0000000008003386                memfile_write
 .text.fmemopen_w
                0x00000000080033b8       0x14 /Users/Luppy/mynewt/stm32bluepill-mynewt-sensor/bin/targets/gd32vf103c-start_my_sensor/app/libc/baselibc/libc_baselibc.a(memfile.o)
                0x00000000080033b8                fmemopen_w
 .text.sensor_network_register_transport
                0x00000000080033cc      0x112 /Users/Luppy/mynewt/stm32bluepill-mynewt-sensor/bin/targets/gd32vf103c-start_my_sensor/app/libs/sensor_network/libs_sensor_network.a(sensor_network.o)
                0x00000000080033cc                sensor_network_register_transport
 .text.sensor_network_start_transport
                0x00000000080034de       0x8c /Users/Luppy/mynewt/stm32bluepill-mynewt-sensor/bin/targets/gd32vf103c-start_my_sensor/app/libs/sensor_network/libs_sensor_network.a(sensor_network.o)
                0x00000000080034de                sensor_network_start_transport
 .text.start_server_transport
                0x000000000800356a       0x1c /Users/Luppy/mynewt/stm32bluepill-mynewt-sensor/bin/targets/gd32vf103c-start_my_sensor/app/libs/sensor_network/libs_sensor_network.a(sensor_network.o)
                0x000000000800356a                start_server_transport
 .text.start_transport_callback
                0x0000000008003586       0x30 /Users/Luppy/mynewt/stm32bluepill-mynewt-sensor/bin/targets/gd32vf103c-start_my_sensor/app/libs/sensor_network/libs_sensor_network.a(sensor_network.o)
 .text.is_sensor_node
                0x00000000080035b6       0x16 /Users/Luppy/mynewt/stm32bluepill-mynewt-sensor/bin/targets/gd32vf103c-start_my_sensor/app/libs/sensor_network/libs_sensor_network.a(sensor_network.o)
                0x00000000080035b6                is_sensor_node
 .text.get_hardware_id
                0x00000000080035cc       0x8a /Users/Luppy/mynewt/stm32bluepill-mynewt-sensor/bin/targets/gd32vf103c-start_my_sensor/app/libs/sensor_network/libs_sensor_network.a(sensor_network.o)
                0x00000000080035cc                get_hardware_id
 .text.is_collector_node
                0x0000000008003656       0x22 /Users/Luppy/mynewt/stm32bluepill-mynewt-sensor/bin/targets/gd32vf103c-start_my_sensor/app/libs/sensor_network/libs_sensor_network.a(sensor_network.o)
                0x0000000008003656                is_collector_node
 .text.is_standalone_node
                0x0000000008003678       0x20 /Users/Luppy/mynewt/stm32bluepill-mynewt-sensor/bin/targets/gd32vf103c-start_my_sensor/app/libs/sensor_network/libs_sensor_network.a(sensor_network.o)
                0x0000000008003678                is_standalone_node
 .text.sensor_network_init
                0x0000000008003698      0x108 /Users/Luppy/mynewt/stm32bluepill-mynewt-sensor/bin/targets/gd32vf103c-start_my_sensor/app/libs/sensor_network/libs_sensor_network.a(sensor_network.o)
                0x0000000008003698                sensor_network_init
 .text.mem_init_mbuf_pool
                0x00000000080037a0       0x4a /Users/Luppy/mynewt/stm32bluepill-mynewt-sensor/bin/targets/gd32vf103c-start_my_sensor/app/util/mem/util_mem.a(mem.o)
                0x00000000080037a0                mem_init_mbuf_pool
 .text.sysinit_app
                0x00000000080037ea       0x48 /Users/Luppy/mynewt/stm32bluepill-mynewt-sensor/bin/targets/gd32vf103c-start_my_sensor/generated/bin/gd32vf103c-start_my_sensor-sysinit-app.a(gd32vf103c-start_my_sensor-sysinit-app.o)
                0x00000000080037ea                sysinit_app
 .text.power_standby_wakeup
                0x0000000008003832        0x4 /Users/Luppy/mynewt/stm32bluepill-mynewt-sensor/bin/targets/gd32vf103c-start_my_sensor/app/apps/my_sensor_app/apps_my_sensor_app.a(low_power.o)
                0x0000000008003832                power_standby_wakeup
 .text.hal_bsp_flash_dev
                0x0000000008003836        0x4 /Users/Luppy/mynewt/stm32bluepill-mynewt-sensor/bin/targets/gd32vf103c-start_my_sensor/app/hw/bsp/gd32vf103c-start/hw_bsp_gd32vf103c-start.a(hal_bsp.o)
                0x0000000008003836                hal_bsp_flash_dev
 .text.hal_bsp_init
                0x000000000800383a        0xc /Users/Luppy/mynewt/stm32bluepill-mynewt-sensor/bin/targets/gd32vf103c-start_my_sensor/app/hw/bsp/gd32vf103c-start/hw_bsp_gd32vf103c-start.a(hal_bsp.o)
                0x000000000800383a                hal_bsp_init
 .text.gd32vf103_periph_create_timers
                0x0000000008003846       0x36 /Users/Luppy/mynewt/stm32bluepill-mynewt-sensor/bin/targets/gd32vf103c-start_my_sensor/app/hw/mcu/gigadevice/gd32vf103/hw_mcu_gigadevice_gd32vf103.a(gd32vf103_periph.o)
 .text.gd32vf103_periph_create
                0x000000000800387c        0xc /Users/Luppy/mynewt/stm32bluepill-mynewt-sensor/bin/targets/gd32vf103c-start_my_sensor/app/hw/mcu/gigadevice/gd32vf103/hw_mcu_gigadevice_gd32vf103.a(gd32vf103_periph.o)
                0x000000000800387c                gd32vf103_periph_create
 .text.hal_bsp_hw_id_len
                0x0000000008003888        0x4 /Users/Luppy/mynewt/stm32bluepill-mynewt-sensor/bin/targets/gd32vf103c-start_my_sensor/app/hw/mcu/gigadevice/gd32vf103/hw_mcu_gigadevice_gd32vf103.a(hal_hw_id.o)
                0x0000000008003888                hal_bsp_hw_id_len
 .text.hal_bsp_hw_id
                0x000000000800388c       0x28 /Users/Luppy/mynewt/stm32bluepill-mynewt-sensor/bin/targets/gd32vf103c-start_my_sensor/app/hw/mcu/gigadevice/gd32vf103/hw_mcu_gigadevice_gd32vf103.a(hal_hw_id.o)
                0x000000000800388c                hal_bsp_hw_id
 .text.set_mtimecmp
                0x00000000080038b4        0xe /Users/Luppy/mynewt/stm32bluepill-mynewt-sensor/bin/targets/gd32vf103c-start_my_sensor/app/hw/mcu/gigadevice/gd32vf103/hw_mcu_gigadevice_gd32vf103.a(hal_os_tick.o)
                0x00000000080038b4                set_mtimecmp
 .text.os_tick_init
                0x00000000080038c2       0x3a /Users/Luppy/mynewt/stm32bluepill-mynewt-sensor/bin/targets/gd32vf103c-start_my_sensor/app/hw/mcu/gigadevice/gd32vf103/hw_mcu_gigadevice_gd32vf103.a(hal_os_tick.o)
                0x00000000080038c2                os_tick_init
 .text.timer_interrupt_handler
                0x00000000080038fc       0x44 /Users/Luppy/mynewt/stm32bluepill-mynewt-sensor/bin/targets/gd32vf103c-start_my_sensor/app/hw/mcu/gigadevice/gd32vf103/hw_mcu_gigadevice_gd32vf103.a(hal_os_tick.o)
                0x00000000080038fc                timer_interrupt_handler
 .text.os_tick_idle
                0x0000000008003940       0x40 /Users/Luppy/mynewt/stm32bluepill-mynewt-sensor/bin/targets/gd32vf103c-start_my_sensor/app/hw/mcu/gigadevice/gd32vf103/hw_mcu_gigadevice_gd32vf103.a(hal_os_tick.o)
                0x0000000008003940                os_tick_idle
 .text.hal_timer_cnt
                0x0000000008003980       0x1e /Users/Luppy/mynewt/stm32bluepill-mynewt-sensor/bin/targets/gd32vf103c-start_my_sensor/app/hw/mcu/gigadevice/gd32vf103/hw_mcu_gigadevice_gd32vf103.a(hal_timer.o)
 .text.hal_timer_init
                0x000000000800399e       0x24 /Users/Luppy/mynewt/stm32bluepill-mynewt-sensor/bin/targets/gd32vf103c-start_my_sensor/app/hw/mcu/gigadevice/gd32vf103/hw_mcu_gigadevice_gd32vf103.a(hal_timer.o)
                0x000000000800399e                hal_timer_init
 .text.hal_timer_config
                0x00000000080039c2       0xcc /Users/Luppy/mynewt/stm32bluepill-mynewt-sensor/bin/targets/gd32vf103c-start_my_sensor/app/hw/mcu/gigadevice/gd32vf103/hw_mcu_gigadevice_gd32vf103.a(hal_timer.o)
                0x00000000080039c2                hal_timer_config
 .text.hal_timer_read
                0x0000000008003a8e       0x2e /Users/Luppy/mynewt/stm32bluepill-mynewt-sensor/bin/targets/gd32vf103c-start_my_sensor/app/hw/mcu/gigadevice/gd32vf103/hw_mcu_gigadevice_gd32vf103.a(hal_timer.o)
                0x0000000008003a8e                hal_timer_read
 .text.hal_watchdog_init
                0x0000000008003abc        0x4 /Users/Luppy/mynewt/stm32bluepill-mynewt-sensor/bin/targets/gd32vf103c-start_my_sensor/app/hw/mcu/gigadevice/gd32vf103/hw_mcu_gigadevice_gd32vf103.a(hal_watchdog.o)
                0x0000000008003abc                hal_watchdog_init
 .text.hal_watchdog_enable
                0x0000000008003ac0        0x2 /Users/Luppy/mynewt/stm32bluepill-mynewt-sensor/bin/targets/gd32vf103c-start_my_sensor/app/hw/mcu/gigadevice/gd32vf103/hw_mcu_gigadevice_gd32vf103.a(hal_watchdog.o)
                0x0000000008003ac0                hal_watchdog_enable
 .text.hal_watchdog_tickle
                0x0000000008003ac2        0x2 /Users/Luppy/mynewt/stm32bluepill-mynewt-sensor/bin/targets/gd32vf103c-start_my_sensor/app/hw/mcu/gigadevice/gd32vf103/hw_mcu_gigadevice_gd32vf103.a(hal_watchdog.o)
                0x0000000008003ac2                hal_watchdog_tickle
 .text.os_arch_os_init
                0x0000000008003ac4       0x70 /Users/Luppy/mynewt/stm32bluepill-mynewt-sensor/bin/targets/gd32vf103c-start_my_sensor/app/hw/mcu/gigadevice/gd32vf103/hw_mcu_gigadevice_gd32vf103.a(os_arch_rv32imac_patch.o)
                0x0000000008003ac4                os_arch_os_init
 .text.eclic_global_interrupt_enable
                0x0000000008003b34        0x6 /Users/Luppy/mynewt/stm32bluepill-mynewt-sensor/bin/targets/gd32vf103c-start_my_sensor/app/hw/mcu/gigadevice/gd32vf103/hw_mcu_gigadevice_gd32vf103.a(gd32vf103_eclic.o)
                0x0000000008003b34                eclic_global_interrupt_enable
 .text.eclic_irq_enable
                0x0000000008003b3a       0x2a /Users/Luppy/mynewt/stm32bluepill-mynewt-sensor/bin/targets/gd32vf103c-start_my_sensor/app/hw/mcu/gigadevice/gd32vf103/hw_mcu_gigadevice_gd32vf103.a(gd32vf103_eclic.o)
                0x0000000008003b3a                eclic_irq_enable
 .text.rcu_periph_clock_enable
                0x0000000008003b64       0x18 /Users/Luppy/mynewt/stm32bluepill-mynewt-sensor/bin/targets/gd32vf103c-start_my_sensor/app/hw/mcu/gigadevice/gd32vf103/hw_mcu_gigadevice_gd32vf103.a(gd32vf103_rcu.o)
                0x0000000008003b64                rcu_periph_clock_enable
 .text.rcu_periph_reset_enable
                0x0000000008003b7c       0x18 /Users/Luppy/mynewt/stm32bluepill-mynewt-sensor/bin/targets/gd32vf103c-start_my_sensor/app/hw/mcu/gigadevice/gd32vf103/hw_mcu_gigadevice_gd32vf103.a(gd32vf103_rcu.o)
                0x0000000008003b7c                rcu_periph_reset_enable
 .text.rcu_periph_reset_disable
                0x0000000008003b94       0x1c /Users/Luppy/mynewt/stm32bluepill-mynewt-sensor/bin/targets/gd32vf103c-start_my_sensor/app/hw/mcu/gigadevice/gd32vf103/hw_mcu_gigadevice_gd32vf103.a(gd32vf103_rcu.o)
                0x0000000008003b94                rcu_periph_reset_disable
 .text.timer_deinit
                0x0000000008003bb0       0xd2 /Users/Luppy/mynewt/stm32bluepill-mynewt-sensor/bin/targets/gd32vf103c-start_my_sensor/app/hw/mcu/gigadevice/gd32vf103/hw_mcu_gigadevice_gd32vf103.a(gd32vf103_timer.o)
                0x0000000008003bb0                timer_deinit
 .text.timer_struct_para_init
                0x0000000008003c82       0x1c /Users/Luppy/mynewt/stm32bluepill-mynewt-sensor/bin/targets/gd32vf103c-start_my_sensor/app/hw/mcu/gigadevice/gd32vf103/hw_mcu_gigadevice_gd32vf103.a(gd32vf103_timer.o)
                0x0000000008003c82                timer_struct_para_init
 .text.timer_init
                0x0000000008003c9e       0xb8 /Users/Luppy/mynewt/stm32bluepill-mynewt-sensor/bin/targets/gd32vf103c-start_my_sensor/app/hw/mcu/gigadevice/gd32vf103/hw_mcu_gigadevice_gd32vf103.a(gd32vf103_timer.o)
                0x0000000008003c9e                timer_init
 .text.timer_enable
                0x0000000008003d56        0xa /Users/Luppy/mynewt/stm32bluepill-mynewt-sensor/bin/targets/gd32vf103c-start_my_sensor/app/hw/mcu/gigadevice/gd32vf103/hw_mcu_gigadevice_gd32vf103.a(gd32vf103_timer.o)
                0x0000000008003d56                timer_enable
 .text.timer_counter_read
                0x0000000008003d60        0x4 /Users/Luppy/mynewt/stm32bluepill-mynewt-sensor/bin/targets/gd32vf103c-start_my_sensor/app/hw/mcu/gigadevice/gd32vf103/hw_mcu_gigadevice_gd32vf103.a(gd32vf103_timer.o)
                0x0000000008003d60                timer_counter_read
 .text.timer_channel_output_struct_para_init
                0x0000000008003d64       0x1a /Users/Luppy/mynewt/stm32bluepill-mynewt-sensor/bin/targets/gd32vf103c-start_my_sensor/app/hw/mcu/gigadevice/gd32vf103/hw_mcu_gigadevice_gd32vf103.a(gd32vf103_timer.o)
                0x0000000008003d64                timer_channel_output_struct_para_init
 .text.timer_channel_output_config
                0x0000000008003d7e      0x216 /Users/Luppy/mynewt/stm32bluepill-mynewt-sensor/bin/targets/gd32vf103c-start_my_sensor/app/hw/mcu/gigadevice/gd32vf103/hw_mcu_gigadevice_gd32vf103.a(gd32vf103_timer.o)
                0x0000000008003d7e                timer_channel_output_config
 .text.timer_channel_output_mode_config
                0x0000000008003f94       0x64 /Users/Luppy/mynewt/stm32bluepill-mynewt-sensor/bin/targets/gd32vf103c-start_my_sensor/app/hw/mcu/gigadevice/gd32vf103/hw_mcu_gigadevice_gd32vf103.a(gd32vf103_timer.o)
                0x0000000008003f94                timer_channel_output_mode_config
 .text.timer_channel_output_pulse_value_config
                0x0000000008003ff8       0x2c /Users/Luppy/mynewt/stm32bluepill-mynewt-sensor/bin/targets/gd32vf103c-start_my_sensor/app/hw/mcu/gigadevice/gd32vf103/hw_mcu_gigadevice_gd32vf103.a(gd32vf103_timer.o)
                0x0000000008003ff8                timer_channel_output_pulse_value_config
 .text.timer_channel_output_shadow_config
                0x0000000008004024       0x64 /Users/Luppy/mynewt/stm32bluepill-mynewt-sensor/bin/targets/gd32vf103c-start_my_sensor/app/hw/mcu/gigadevice/gd32vf103/hw_mcu_gigadevice_gd32vf103.a(gd32vf103_timer.o)
                0x0000000008004024                timer_channel_output_shadow_config
 .text.timer_interrupt_enable
                0x0000000008004088        0x8 /Users/Luppy/mynewt/stm32bluepill-mynewt-sensor/bin/targets/gd32vf103c-start_my_sensor/app/hw/mcu/gigadevice/gd32vf103/hw_mcu_gigadevice_gd32vf103.a(gd32vf103_timer.o)
                0x0000000008004088                timer_interrupt_enable
 .text.mtime_lo
                0x0000000008004090        0x8 /Users/Luppy/mynewt/stm32bluepill-mynewt-sensor/bin/targets/gd32vf103c-start_my_sensor/app/hw/mcu/gigadevice/gd32vf103/hw_mcu_gigadevice_gd32vf103.a(n200_func.o)
                0x0000000008004090                mtime_lo
 .text.mtime_hi
                0x0000000008004098        0x8 /Users/Luppy/mynewt/stm32bluepill-mynewt-sensor/bin/targets/gd32vf103c-start_my_sensor/app/hw/mcu/gigadevice/gd32vf103/hw_mcu_gigadevice_gd32vf103.a(n200_func.o)
                0x0000000008004098                mtime_hi
 .text.get_timer_value
                0x00000000080040a0       0x24 /Users/Luppy/mynewt/stm32bluepill-mynewt-sensor/bin/targets/gd32vf103c-start_my_sensor/app/hw/mcu/gigadevice/gd32vf103/hw_mcu_gigadevice_gd32vf103.a(n200_func.o)
                0x00000000080040a0                get_timer_value
 .text.eclic_init
                0x00000000080040c4       0x22 /Users/Luppy/mynewt/stm32bluepill-mynewt-sensor/bin/targets/gd32vf103c-start_my_sensor/app/hw/mcu/gigadevice/gd32vf103/hw_mcu_gigadevice_gd32vf103.a(n200_func.o)
                0x00000000080040c4                eclic_init
 .text.eclic_enable_interrupt
                0x00000000080040e6       0x12 /Users/Luppy/mynewt/stm32bluepill-mynewt-sensor/bin/targets/gd32vf103c-start_my_sensor/app/hw/mcu/gigadevice/gd32vf103/hw_mcu_gigadevice_gd32vf103.a(n200_func.o)
                0x00000000080040e6                eclic_enable_interrupt
 .text.eclic_disable_interrupt
                0x00000000080040f8       0x10 /Users/Luppy/mynewt/stm32bluepill-mynewt-sensor/bin/targets/gd32vf103c-start_my_sensor/app/hw/mcu/gigadevice/gd32vf103/hw_mcu_gigadevice_gd32vf103.a(n200_func.o)
                0x00000000080040f8                eclic_disable_interrupt
 .text.eclic_set_intctrl
                0x0000000008004108       0x10 /Users/Luppy/mynewt/stm32bluepill-mynewt-sensor/bin/targets/gd32vf103c-start_my_sensor/app/hw/mcu/gigadevice/gd32vf103/hw_mcu_gigadevice_gd32vf103.a(n200_func.o)
                0x0000000008004108                eclic_set_intctrl
 .text.eclic_get_intctrl
                0x0000000008004118       0x10 /Users/Luppy/mynewt/stm32bluepill-mynewt-sensor/bin/targets/gd32vf103c-start_my_sensor/app/hw/mcu/gigadevice/gd32vf103/hw_mcu_gigadevice_gd32vf103.a(n200_func.o)
                0x0000000008004118                eclic_get_intctrl
 .text.eclic_set_cliccfg
                0x0000000008004128        0xa /Users/Luppy/mynewt/stm32bluepill-mynewt-sensor/bin/targets/gd32vf103c-start_my_sensor/app/hw/mcu/gigadevice/gd32vf103/hw_mcu_gigadevice_gd32vf103.a(n200_func.o)
                0x0000000008004128                eclic_set_cliccfg
 .text.eclic_get_cliccfg
                0x0000000008004132        0xa /Users/Luppy/mynewt/stm32bluepill-mynewt-sensor/bin/targets/gd32vf103c-start_my_sensor/app/hw/mcu/gigadevice/gd32vf103/hw_mcu_gigadevice_gd32vf103.a(n200_func.o)
                0x0000000008004132                eclic_get_cliccfg
 .text.eclic_set_mth
                0x000000000800413c        0xa /Users/Luppy/mynewt/stm32bluepill-mynewt-sensor/bin/targets/gd32vf103c-start_my_sensor/app/hw/mcu/gigadevice/gd32vf103/hw_mcu_gigadevice_gd32vf103.a(n200_func.o)
                0x000000000800413c                eclic_set_mth
 .text.eclic_set_nlbits
                0x0000000008004146       0x20 /Users/Luppy/mynewt/stm32bluepill-mynewt-sensor/bin/targets/gd32vf103c-start_my_sensor/app/hw/mcu/gigadevice/gd32vf103/hw_mcu_gigadevice_gd32vf103.a(n200_func.o)
                0x0000000008004146                eclic_set_nlbits
 .text.eclic_get_nlbits
                0x0000000008004166       0x10 /Users/Luppy/mynewt/stm32bluepill-mynewt-sensor/bin/targets/gd32vf103c-start_my_sensor/app/hw/mcu/gigadevice/gd32vf103/hw_mcu_gigadevice_gd32vf103.a(n200_func.o)
                0x0000000008004166                eclic_get_nlbits
 .text.eclic_set_irq_lvl_abs
                0x0000000008004176       0x50 /Users/Luppy/mynewt/stm32bluepill-mynewt-sensor/bin/targets/gd32vf103c-start_my_sensor/app/hw/mcu/gigadevice/gd32vf103/hw_mcu_gigadevice_gd32vf103.a(n200_func.o)
                0x0000000008004176                eclic_set_irq_lvl_abs
 .text.eclic_set_irq_priority
                0x00000000080041c6       0x56 /Users/Luppy/mynewt/stm32bluepill-mynewt-sensor/bin/targets/gd32vf103c-start_my_sensor/app/hw/mcu/gigadevice/gd32vf103/hw_mcu_gigadevice_gd32vf103.a(n200_func.o)
                0x00000000080041c6                eclic_set_irq_priority
 .text.eclic_mode_enable
                0x000000000800421c       0x12 /Users/Luppy/mynewt/stm32bluepill-mynewt-sensor/bin/targets/gd32vf103c-start_my_sensor/app/hw/mcu/gigadevice/gd32vf103/hw_mcu_gigadevice_gd32vf103.a(n200_func.o)
                0x000000000800421c                eclic_mode_enable
 .text.sensor_dev_create
                0x000000000800422e        0x2 /Users/Luppy/mynewt/stm32bluepill-mynewt-sensor/bin/targets/gd32vf103c-start_my_sensor/app/hw/sensor/creator/hw_sensor_creator.a(sensor_creator.o)
                0x000000000800422e                sensor_dev_create
 .text.sensor_mgr_remove
                0x0000000008004230       0x32 /Users/Luppy/mynewt/stm32bluepill-mynewt-sensor/bin/targets/gd32vf103c-start_my_sensor/app/hw/sensor/hw_sensor.a(sensor.o)
 .text.sensor_mgr_insert
                0x0000000008004262       0x60 /Users/Luppy/mynewt/stm32bluepill-mynewt-sensor/bin/targets/gd32vf103c-start_my_sensor/app/hw/sensor/hw_sensor.a(sensor.o)
 .text.sensor_type_traits_empty
                0x00000000080042c2        0x8 /Users/Luppy/mynewt/stm32bluepill-mynewt-sensor/bin/targets/gd32vf103c-start_my_sensor/app/hw/sensor/hw_sensor.a(sensor.o)
 .text.sensor_mgr_evq_set
                0x00000000080042ca        0xc /Users/Luppy/mynewt/stm32bluepill-mynewt-sensor/bin/targets/gd32vf103c-start_my_sensor/app/hw/sensor/hw_sensor.a(sensor.o)
 .text.sensor_mgr_match_bytype
                0x00000000080042d6       0x1c /Users/Luppy/mynewt/stm32bluepill-mynewt-sensor/bin/targets/gd32vf103c-start_my_sensor/app/hw/sensor/hw_sensor.a(sensor.o)
                0x00000000080042d6                sensor_mgr_match_bytype
 .text.sensor_read_data_func
                0x00000000080042f2       0x76 /Users/Luppy/mynewt/stm32bluepill-mynewt-sensor/bin/targets/gd32vf103c-start_my_sensor/app/hw/sensor/hw_sensor.a(sensor.o)
 .text.sensor_base_ts_update_event
                0x0000000008004368       0x66 /Users/Luppy/mynewt/stm32bluepill-mynewt-sensor/bin/targets/gd32vf103c-start_my_sensor/app/hw/sensor/hw_sensor.a(sensor.o)
 .text.sensor_up_timestamp
                0x00000000080043ce       0x58 /Users/Luppy/mynewt/stm32bluepill-mynewt-sensor/bin/targets/gd32vf103c-start_my_sensor/app/hw/sensor/hw_sensor.a(sensor.o)
 .text.sensor_mgr_lock
                0x0000000008004426       0x28 /Users/Luppy/mynewt/stm32bluepill-mynewt-sensor/bin/targets/gd32vf103c-start_my_sensor/app/hw/sensor/hw_sensor.a(sensor.o)
                0x0000000008004426                sensor_mgr_lock
 .text.sensor_mgr_unlock
                0x000000000800444e       0x16 /Users/Luppy/mynewt/stm32bluepill-mynewt-sensor/bin/targets/gd32vf103c-start_my_sensor/app/hw/sensor/hw_sensor.a(sensor.o)
                0x000000000800444e                sensor_mgr_unlock
 .text.sensor_mgr_evq_get
                0x0000000008004464        0xc /Users/Luppy/mynewt/stm32bluepill-mynewt-sensor/bin/targets/gd32vf103c-start_my_sensor/app/hw/sensor/hw_sensor.a(sensor.o)
                0x0000000008004464                sensor_mgr_evq_get
 .text.sensor_mgr_init
                0x0000000008004470       0xbe /Users/Luppy/mynewt/stm32bluepill-mynewt-sensor/bin/targets/gd32vf103c-start_my_sensor/app/hw/sensor/hw_sensor.a(sensor.o)
 .text.sensor_pkg_init
                0x000000000800452e        0xe /Users/Luppy/mynewt/stm32bluepill-mynewt-sensor/bin/targets/gd32vf103c-start_my_sensor/app/hw/sensor/hw_sensor.a(sensor.o)
                0x000000000800452e                sensor_pkg_init
 .text.sensor_lock
                0x000000000800453c       0x22 /Users/Luppy/mynewt/stm32bluepill-mynewt-sensor/bin/targets/gd32vf103c-start_my_sensor/app/hw/sensor/hw_sensor.a(sensor.o)
                0x000000000800453c                sensor_lock
 .text.sensor_unlock
                0x000000000800455e       0x10 /Users/Luppy/mynewt/stm32bluepill-mynewt-sensor/bin/targets/gd32vf103c-start_my_sensor/app/hw/sensor/hw_sensor.a(sensor.o)
                0x000000000800455e                sensor_unlock
 .text.sensor_update_nextrun
                0x000000000800456e       0x3c /Users/Luppy/mynewt/stm32bluepill-mynewt-sensor/bin/targets/gd32vf103c-start_my_sensor/app/hw/sensor/hw_sensor.a(sensor.o)
 .text.sensor_calc_nextrun_delta
                0x00000000080045aa       0x34 /Users/Luppy/mynewt/stm32bluepill-mynewt-sensor/bin/targets/gd32vf103c-start_my_sensor/app/hw/sensor/hw_sensor.a(sensor.o)
 .text.sensor_find_min_nextrun_sensor
                0x00000000080045de       0x38 /Users/Luppy/mynewt/stm32bluepill-mynewt-sensor/bin/targets/gd32vf103c-start_my_sensor/app/hw/sensor/hw_sensor.a(sensor.o)
 .text.sensor_mgr_register
                0x0000000008004616       0x3a /Users/Luppy/mynewt/stm32bluepill-mynewt-sensor/bin/targets/gd32vf103c-start_my_sensor/app/hw/sensor/hw_sensor.a(sensor.o)
                0x0000000008004616                sensor_mgr_register
 .text.sensor_init
                0x0000000008004650       0x2c /Users/Luppy/mynewt/stm32bluepill-mynewt-sensor/bin/targets/gd32vf103c-start_my_sensor/app/hw/sensor/hw_sensor.a(sensor.o)
                0x0000000008004650                sensor_init
 .text.sensor_read
                0x000000000800467c       0x7e /Users/Luppy/mynewt/stm32bluepill-mynewt-sensor/bin/targets/gd32vf103c-start_my_sensor/app/hw/sensor/hw_sensor.a(sensor.o)
                0x000000000800467c                sensor_read
 .text.sensor_mgr_poll_bytype
                0x00000000080046fa       0x50 /Users/Luppy/mynewt/stm32bluepill-mynewt-sensor/bin/targets/gd32vf103c-start_my_sensor/app/hw/sensor/hw_sensor.a(sensor.o)
 .text.sensor_poll_per_type_trait
                0x000000000800474a       0x3a /Users/Luppy/mynewt/stm32bluepill-mynewt-sensor/bin/targets/gd32vf103c-start_my_sensor/app/hw/sensor/hw_sensor.a(sensor.o)
 .text.sensor_mgr_wakeup_event
                0x0000000008004784       0x88 /Users/Luppy/mynewt/stm32bluepill-mynewt-sensor/bin/targets/gd32vf103c-start_my_sensor/app/hw/sensor/hw_sensor.a(sensor.o)
 .text.os_cputime_init
                0x000000000800480c       0x12 /Users/Luppy/mynewt/stm32bluepill-mynewt-sensor/bin/targets/gd32vf103c-start_my_sensor/app/kernel/os/kernel_os.a(os_cputime.o)
                0x000000000800480c                os_cputime_init
 .text.os_cputime_get32
                0x000000000800481e       0x10 /Users/Luppy/mynewt/stm32bluepill-mynewt-sensor/bin/targets/gd32vf103c-start_my_sensor/app/kernel/os/kernel_os.a(os_cputime.o)
                0x000000000800481e                os_cputime_get32
 .text.sprintf  0x000000000800482e       0x28 /Users/Luppy/mynewt/stm32bluepill-mynewt-sensor/bin/targets/gd32vf103c-start_my_sensor/app/libc/baselibc/libc_baselibc.a(sprintf.o)
                0x000000000800482e                sprintf
 .text.init_sensor_coap
                0x0000000008004856       0x28 /Users/Luppy/mynewt/stm32bluepill-mynewt-sensor/bin/targets/gd32vf103c-start_my_sensor/app/libs/sensor_coap/libs_sensor_coap.a(sensor_coap.o)
                0x0000000008004856                init_sensor_coap
 .text.config_device
                0x000000000800487e       0x54 /Users/Luppy/mynewt/stm32bluepill-mynewt-sensor/bin/targets/gd32vf103c-start_my_sensor/app/libs/temp_stub/libs_temp_stub.a(creator.o)
 .text.temp_stub_create
                0x00000000080048d2       0x66 /Users/Luppy/mynewt/stm32bluepill-mynewt-sensor/bin/targets/gd32vf103c-start_my_sensor/app/libs/temp_stub/libs_temp_stub.a(creator.o)
                0x00000000080048d2                temp_stub_create
 .text.temp_stub_close
                0x0000000008004938        0x4 /Users/Luppy/mynewt/stm32bluepill-mynewt-sensor/bin/targets/gd32vf103c-start_my_sensor/app/libs/temp_stub/libs_temp_stub.a(temp_stub.o)
 .text.temp_stub_sensor_get_config
                0x000000000800493c       0x16 /Users/Luppy/mynewt/stm32bluepill-mynewt-sensor/bin/targets/gd32vf103c-start_my_sensor/app/libs/temp_stub/libs_temp_stub.a(temp_stub.o)
 .text.temp_stub_open
                0x0000000008004952       0x28 /Users/Luppy/mynewt/stm32bluepill-mynewt-sensor/bin/targets/gd32vf103c-start_my_sensor/app/libs/temp_stub/libs_temp_stub.a(temp_stub.o)
 .text.temp_stub_default_cfg
                0x000000000800497a        0xc /Users/Luppy/mynewt/stm32bluepill-mynewt-sensor/bin/targets/gd32vf103c-start_my_sensor/app/libs/temp_stub/libs_temp_stub.a(temp_stub.o)
                0x000000000800497a                temp_stub_default_cfg
 .text.temp_stub_init
                0x0000000008004986       0x7c /Users/Luppy/mynewt/stm32bluepill-mynewt-sensor/bin/targets/gd32vf103c-start_my_sensor/app/libs/temp_stub/libs_temp_stub.a(temp_stub.o)
                0x0000000008004986                temp_stub_init
 .text.temp_stub_get_raw_temperature
                0x0000000008004a02       0x3c /Users/Luppy/mynewt/stm32bluepill-mynewt-sensor/bin/targets/gd32vf103c-start_my_sensor/app/libs/temp_stub/libs_temp_stub.a(temp_stub.o)
                0x0000000008004a02                temp_stub_get_raw_temperature
 .text.temp_stub_sensor_read
                0x0000000008004a3e       0x7a /Users/Luppy/mynewt/stm32bluepill-mynewt-sensor/bin/targets/gd32vf103c-start_my_sensor/app/libs/temp_stub/libs_temp_stub.a(temp_stub.o)
 .text.temp_stub_config
                0x0000000008004ab8       0x2a /Users/Luppy/mynewt/stm32bluepill-mynewt-sensor/bin/targets/gd32vf103c-start_my_sensor/app/libs/temp_stub/libs_temp_stub.a(temp_stub.o)
                0x0000000008004ab8                temp_stub_config
 .text.oc_buffer_tx
                0x0000000008004ae2       0x2e /Users/Luppy/mynewt/stm32bluepill-mynewt-sensor/bin/targets/gd32vf103c-start_my_sensor/app/net/oic/net_oic.a(oc_buffer.o)
 .text.oc_buffer_rx
                0x0000000008004b10       0x28 /Users/Luppy/mynewt/stm32bluepill-mynewt-sensor/bin/targets/gd32vf103c-start_my_sensor/app/net/oic/net_oic.a(oc_buffer.o)
 .text.oc_buffer_init
                0x0000000008004b38       0x36 /Users/Luppy/mynewt/stm32bluepill-mynewt-sensor/bin/targets/gd32vf103c-start_my_sensor/app/net/oic/net_oic.a(oc_buffer.o)
                0x0000000008004b38                oc_buffer_init
 .text.oc_ri_mem_init
                0x0000000008004b6e       0x32 /Users/Luppy/mynewt/stm32bluepill-mynewt-sensor/bin/targets/gd32vf103c-start_my_sensor/app/net/oic/net_oic.a(oc_ri.o)
                0x0000000008004b6e                oc_ri_mem_init
 .text.oc_evq_set
                0x0000000008004ba0        0x6 /Users/Luppy/mynewt/stm32bluepill-mynewt-sensor/bin/targets/gd32vf103c-start_my_sensor/app/net/oic/net_oic.a(adaptor.o)
                0x0000000008004ba0                oc_evq_set
 .text.oc_send_buffer
                0x0000000008004ba6       0x2a /Users/Luppy/mynewt/stm32bluepill-mynewt-sensor/bin/targets/gd32vf103c-start_my_sensor/app/net/oic/net_oic.a(adaptor.o)
                0x0000000008004ba6                oc_send_buffer
 .text.oc_send_multicast_message
                0x0000000008004bd0       0x6c /Users/Luppy/mynewt/stm32bluepill-mynewt-sensor/bin/targets/gd32vf103c-start_my_sensor/app/net/oic/net_oic.a(adaptor.o)
                0x0000000008004bd0                oc_send_multicast_message
 .text.oc_init  0x0000000008004c3c       0x2c /Users/Luppy/mynewt/stm32bluepill-mynewt-sensor/bin/targets/gd32vf103c-start_my_sensor/app/net/oic/net_oic.a(adaptor.o)
                0x0000000008004c3c                oc_init
 .text.oc_register_gatt
                0x0000000008004c68        0x2 /Users/Luppy/mynewt/stm32bluepill-mynewt-sensor/bin/targets/gd32vf103c-start_my_sensor/app/net/oic/net_oic.a(ble_adaptor.o)
                0x0000000008004c68                oc_register_gatt
 .text.oc_register_ip4
                0x0000000008004c6a        0x2 /Users/Luppy/mynewt/stm32bluepill-mynewt-sensor/bin/targets/gd32vf103c-start_my_sensor/app/net/oic/net_oic.a(ip4_adaptor.o)
                0x0000000008004c6a                oc_register_ip4
 .text.oc_register_ip6
                0x0000000008004c6c        0x2 /Users/Luppy/mynewt/stm32bluepill-mynewt-sensor/bin/targets/gd32vf103c-start_my_sensor/app/net/oic/net_oic.a(ip_adaptor.o)
                0x0000000008004c6c                oc_register_ip6
 .text.oc_register_lora
                0x0000000008004c6e        0x2 /Users/Luppy/mynewt/stm32bluepill-mynewt-sensor/bin/targets/gd32vf103c-start_my_sensor/app/net/oic/net_oic.a(lora_adaptor.o)
                0x0000000008004c6e                oc_register_lora
 .text.oc_register_serial
                0x0000000008004c70        0x2 /Users/Luppy/mynewt/stm32bluepill-mynewt-sensor/bin/targets/gd32vf103c-start_my_sensor/app/net/oic/net_oic.a(serial_adaptor.o)
                0x0000000008004c70                oc_register_serial
 .text.oc_rep_init
                0x0000000008004c72       0x2a /Users/Luppy/mynewt/stm32bluepill-mynewt-sensor/bin/targets/gd32vf103c-start_my_sensor/app/net/oic/net_oic.a(oc_rep.o)
                0x0000000008004c72                oc_rep_init
 .text.flash_map_read_mfg
                0x0000000008004c9c       0x90 /Users/Luppy/mynewt/stm32bluepill-mynewt-sensor/bin/targets/gd32vf103c-start_my_sensor/app/sys/flash_map/sys_flash_map.a(flash_map.o)
 .text.flash_area_open
                0x0000000008004d2c       0x3e /Users/Luppy/mynewt/stm32bluepill-mynewt-sensor/bin/targets/gd32vf103c-start_my_sensor/app/sys/flash_map/sys_flash_map.a(flash_map.o)
                0x0000000008004d2c                flash_area_open
 .text.flash_area_read
                0x0000000008004d6a       0x2a /Users/Luppy/mynewt/stm32bluepill-mynewt-sensor/bin/targets/gd32vf103c-start_my_sensor/app/sys/flash_map/sys_flash_map.a(flash_map.o)
                0x0000000008004d6a                flash_area_read
 .text.flash_map_init
                0x0000000008004d94       0x82 /Users/Luppy/mynewt/stm32bluepill-mynewt-sensor/bin/targets/gd32vf103c-start_my_sensor/app/sys/flash_map/sys_flash_map.a(flash_map.o)
                0x0000000008004d94                flash_map_init
 .text.modlog_init
                0x0000000008004e16        0x2 /Users/Luppy/mynewt/stm32bluepill-mynewt-sensor/bin/targets/gd32vf103c-start_my_sensor/app/sys/log/modlog/sys_log_modlog.a(modlog.o)
                0x0000000008004e16                modlog_init
 .text.mfg_seek_next_aux
                0x0000000008004e18       0xaa /Users/Luppy/mynewt/stm32bluepill-mynewt-sensor/bin/targets/gd32vf103c-start_my_sensor/app/sys/mfg/sys_mfg.a(mfg.o)
 .text.mfg_read_mmr
                0x0000000008004ec2       0x70 /Users/Luppy/mynewt/stm32bluepill-mynewt-sensor/bin/targets/gd32vf103c-start_my_sensor/app/sys/mfg/sys_mfg.a(mfg.o)
 .text.mfg_read_next_mmr
                0x0000000008004f32       0x66 /Users/Luppy/mynewt/stm32bluepill-mynewt-sensor/bin/targets/gd32vf103c-start_my_sensor/app/sys/mfg/sys_mfg.a(mfg.o)
 .text.mfg_open_flash_area
                0x0000000008004f98       0x44 /Users/Luppy/mynewt/stm32bluepill-mynewt-sensor/bin/targets/gd32vf103c-start_my_sensor/app/sys/mfg/sys_mfg.a(mfg.o)
 .text.mfg_read_tlv_body
                0x0000000008004fdc       0x4c /Users/Luppy/mynewt/stm32bluepill-mynewt-sensor/bin/targets/gd32vf103c-start_my_sensor/app/sys/mfg/sys_mfg.a(mfg.o)
 .text.mfg_seek_next
                0x0000000008005028       0x1c /Users/Luppy/mynewt/stm32bluepill-mynewt-sensor/bin/targets/gd32vf103c-start_my_sensor/app/sys/mfg/sys_mfg.a(mfg.o)
                0x0000000008005028                mfg_seek_next
 .text.mfg_seek_next_with_type
                0x0000000008005044       0x26 /Users/Luppy/mynewt/stm32bluepill-mynewt-sensor/bin/targets/gd32vf103c-start_my_sensor/app/sys/mfg/sys_mfg.a(mfg.o)
                0x0000000008005044                mfg_seek_next_with_type
 .text.mfg_read_tlv_flash_area
                0x000000000800506a       0x10 /Users/Luppy/mynewt/stm32bluepill-mynewt-sensor/bin/targets/gd32vf103c-start_my_sensor/app/sys/mfg/sys_mfg.a(mfg.o)
                0x000000000800506a                mfg_read_tlv_flash_area
 .text.mfg_read_tlv_mmr_ref
                0x000000000800507a       0x10 /Users/Luppy/mynewt/stm32bluepill-mynewt-sensor/bin/targets/gd32vf103c-start_my_sensor/app/sys/mfg/sys_mfg.a(mfg.o)
                0x000000000800507a                mfg_read_tlv_mmr_ref
 .text.mfg_init
                0x000000000800508a       0x3a /Users/Luppy/mynewt/stm32bluepill-mynewt-sensor/bin/targets/gd32vf103c-start_my_sensor/app/sys/mfg/sys_mfg.a(mfg.o)
                0x000000000800508a                mfg_init
 .text.mfg_open
                0x00000000080050c4       0x1c /Users/Luppy/mynewt/stm32bluepill-mynewt-sensor/bin/targets/gd32vf103c-start_my_sensor/app/sys/mfg/sys_mfg.a(mfg.o)
                0x00000000080050c4                mfg_open
 .text.mfg_read_mmr_refs
                0x00000000080050e0       0x3e /Users/Luppy/mynewt/stm32bluepill-mynewt-sensor/bin/targets/gd32vf103c-start_my_sensor/app/sys/mfg/sys_mfg.a(mfg.o)
 .text.__wrap_coap_receive
                0x000000000800511e       0x18 /Users/Luppy/mynewt/stm32bluepill-mynewt-sensor/bin/targets/gd32vf103c-start_my_sensor/app/apps/my_sensor_app/apps_my_sensor_app.a(support.o)
                0x000000000800511e                __wrap_coap_receive
 .text.hal_flash_check_addr
                0x0000000008005136       0x1a /Users/Luppy/mynewt/stm32bluepill-mynewt-sensor/bin/targets/gd32vf103c-start_my_sensor/app/hw/hal/hw_hal.a(hal_flash.o)
 .text.hal_flash_init
                0x0000000008005150       0x34 /Users/Luppy/mynewt/stm32bluepill-mynewt-sensor/bin/targets/gd32vf103c-start_my_sensor/app/hw/hal/hw_hal.a(hal_flash.o)
                0x0000000008005150                hal_flash_init
 .text.hal_flash_read
                0x0000000008005184       0x5c /Users/Luppy/mynewt/stm32bluepill-mynewt-sensor/bin/targets/gd32vf103c-start_my_sensor/app/hw/hal/hw_hal.a(hal_flash.o)
                0x0000000008005184                hal_flash_read
 .text.os_sem_init
                0x00000000080051e0       0x12 /Users/Luppy/mynewt/stm32bluepill-mynewt-sensor/bin/targets/gd32vf103c-start_my_sensor/app/kernel/os/kernel_os.a(os_sem.o)
                0x00000000080051e0                os_sem_init
 .text.__udivdi3
                0x00000000080051f2      0x398 /Users/Luppy/mynewt/stm32bluepill-mynewt-sensor/xPacks/riscv-none-embed-gcc/8.2.0-3.1/bin/../lib/gcc/riscv-none-embed/8.2.0/rv32imac/ilp32/libgcc.a(_udivdi3.o)
                0x00000000080051f2                __udivdi3
 .text.__umoddi3
                0x000000000800558a      0x38e /Users/Luppy/mynewt/stm32bluepill-mynewt-sensor/xPacks/riscv-none-embed-gcc/8.2.0-3.1/bin/../lib/gcc/riscv-none-embed/8.2.0/rv32imac/ilp32/libgcc.a(_umoddi3.o)
                0x000000000800558a                __umoddi3
 *(.gnu.linkonce.t.*)

.fini
 *(SORT_NONE(.fini))
                [!provide]                        PROVIDE (__etext = .)
                [!provide]                        PROVIDE (_etext = .)
                [!provide]                        PROVIDE (etext = .)

.rodata         0x0000000008005918      0x338
 *(.rdata)
 *(.rodata .rodata.*)
 .rodata.__assert_func.str1.4
                0x0000000008005918       0x27 /Users/Luppy/mynewt/stm32bluepill-mynewt-sensor/bin/targets/gd32vf103c-start_my_sensor/app/kernel/os/kernel_os.a(os_fault.o)
 *fill*         0x000000000800593f        0x1 
 .rodata.console_printf.str1.4
                0x0000000008005940        0x7 /Users/Luppy/mynewt/stm32bluepill-mynewt-sensor/bin/targets/gd32vf103c-start_my_sensor/app/libs/semihosting_console/libs_semihosting_console.a(console_fmt.o)
 *fill*         0x0000000008005947        0x1 
 .rodata.os_init.str1.4
                0x0000000008005948        0x5 /Users/Luppy/mynewt/stm32bluepill-mynewt-sensor/bin/targets/gd32vf103c-start_my_sensor/app/kernel/os/kernel_os.a(os.o)
 *fill*         0x000000000800594d        0x3 
 .rodata.os_init_idle_task.str1.4
                0x0000000008005950        0x5 /Users/Luppy/mynewt/stm32bluepill-mynewt-sensor/bin/targets/gd32vf103c-start_my_sensor/app/kernel/os/kernel_os.a(os.o)
 *fill*         0x0000000008005955        0x3 
 .rodata.os_msys_init.str1.4
                0x0000000008005958        0x7 /Users/Luppy/mynewt/stm32bluepill-mynewt-sensor/bin/targets/gd32vf103c-start_my_sensor/app/kernel/os/kernel_os.a(os_msys.o)
 *fill*         0x000000000800595f        0x1 
 .rodata.COAP_HOST
                0x0000000008005960        0xf /Users/Luppy/mynewt/stm32bluepill-mynewt-sensor/bin/targets/gd32vf103c-start_my_sensor/app/libs/sensor_network/libs_sensor_network.a(sensor_network.o)
 *fill*         0x000000000800596f        0x1 
 .rodata.COLLECTOR_NODE_HW_ID
                0x0000000008005970        0xc /Users/Luppy/mynewt/stm32bluepill-mynewt-sensor/bin/targets/gd32vf103c-start_my_sensor/app/libs/sensor_network/libs_sensor_network.a(sensor_network.o)
 .rodata.SENSOR_NODE_HW_IDS
                0x000000000800597c       0x3c /Users/Luppy/mynewt/stm32bluepill-mynewt-sensor/bin/targets/gd32vf103c-start_my_sensor/app/libs/sensor_network/libs_sensor_network.a(sensor_network.o)
 .rodata.get_hardware_id.str1.4
                0x00000000080059b8        0x8 /Users/Luppy/mynewt/stm32bluepill-mynewt-sensor/bin/targets/gd32vf103c-start_my_sensor/app/libs/sensor_network/libs_sensor_network.a(sensor_network.o)
                                          0xa (size before relaxing)
 .rodata.sensor_network_init.str1.4
                0x00000000080059c0       0x40 /Users/Luppy/mynewt/stm32bluepill-mynewt-sensor/bin/targets/gd32vf103c-start_my_sensor/app/libs/sensor_network/libs_sensor_network.a(sensor_network.o)
 .rodata.sensor_network_register_transport.str1.4
                0x0000000008005a00       0x11 /Users/Luppy/mynewt/stm32bluepill-mynewt-sensor/bin/targets/gd32vf103c-start_my_sensor/app/libs/sensor_network/libs_sensor_network.a(sensor_network.o)
 *fill*         0x0000000008005a11        0x7 
 .rodata.sensor_node_addresses
                0x0000000008005a18       0x28 /Users/Luppy/mynewt/stm32bluepill-mynewt-sensor/bin/targets/gd32vf103c-start_my_sensor/app/libs/sensor_network/libs_sensor_network.a(sensor_network.o)
 .rodata.start_transport_callback.str1.4
                0x0000000008005a40        0xb /Users/Luppy/mynewt/stm32bluepill-mynewt-sensor/bin/targets/gd32vf103c-start_my_sensor/app/libs/sensor_network/libs_sensor_network.a(sensor_network.o)
 *fill*         0x0000000008005a4b        0x1 
 .rodata.str1.4
                0x0000000008005a4c        0x8 /Users/Luppy/mynewt/stm32bluepill-mynewt-sensor/bin/targets/gd32vf103c-start_my_sensor/app/libs/sensor_network/libs_sensor_network.a(sensor_network.o)
 .rodata.gd32vf103_tmr_devs
                0x0000000008005a54        0xc /Users/Luppy/mynewt/stm32bluepill-mynewt-sensor/bin/targets/gd32vf103c-start_my_sensor/app/hw/mcu/gigadevice/gd32vf103/hw_mcu_gigadevice_gd32vf103.a(hal_timer.o)
 .rodata.sensor_mgr_init.str1.4
                0x0000000008005a60       0x12 /Users/Luppy/mynewt/stm32bluepill-mynewt-sensor/bin/targets/gd32vf103c-start_my_sensor/app/hw/sensor/hw_sensor.a(sensor.o)
 *fill*         0x0000000008005a72        0x2 
 .rodata.config_device.str1.4
                0x0000000008005a74        0xc /Users/Luppy/mynewt/stm32bluepill-mynewt-sensor/bin/targets/gd32vf103c-start_my_sensor/app/libs/temp_stub/libs_temp_stub.a(creator.o)
 .rodata.temp_stub_create.str1.4
                0x0000000008005a80        0xf /Users/Luppy/mynewt/stm32bluepill-mynewt-sensor/bin/targets/gd32vf103c-start_my_sensor/app/libs/temp_stub/libs_temp_stub.a(creator.o)
 *fill*         0x0000000008005a8f        0x1 
 .rodata.g_temp_stub_sensor_driver
                0x0000000008005a90       0x28 /Users/Luppy/mynewt/stm32bluepill-mynewt-sensor/bin/targets/gd32vf103c-start_my_sensor/app/libs/temp_stub/libs_temp_stub.a(temp_stub.o)
 .rodata.temp_stub_get_raw_temperature.str1.4
                0x0000000008005ab8       0x16 /Users/Luppy/mynewt/stm32bluepill-mynewt-sensor/bin/targets/gd32vf103c-start_my_sensor/app/libs/temp_stub/libs_temp_stub.a(temp_stub.o)
 *fill*         0x0000000008005ace        0x2 
 .rodata.oc_ri_mem_init.str1.4
                0x0000000008005ad0        0xa /Users/Luppy/mynewt/stm32bluepill-mynewt-sensor/bin/targets/gd32vf103c-start_my_sensor/app/net/oic/net_oic.a(oc_ri.o)
 *fill*         0x0000000008005ada        0x2 
 .rodata.oc_rep_init.str1.4
                0x0000000008005adc        0x9 /Users/Luppy/mynewt/stm32bluepill-mynewt-sensor/bin/targets/gd32vf103c-start_my_sensor/app/net/oic/net_oic.a(oc_rep.o)
 *fill*         0x0000000008005ae5        0x3 
 .rodata.sysflash_map_dflt
                0x0000000008005ae8       0x48 /Users/Luppy/mynewt/stm32bluepill-mynewt-sensor/bin/targets/gd32vf103c-start_my_sensor/generated/bin/gd32vf103c-start_my_sensor-sysinit-app.a(gd32vf103c-start_my_sensor-sysflash.o)
                0x0000000008005ae8                sysflash_map_dflt
 .rodata.__wrap_coap_receive.str1.4
                0x0000000008005b30       0x20 /Users/Luppy/mynewt/stm32bluepill-mynewt-sensor/bin/targets/gd32vf103c-start_my_sensor/app/apps/my_sensor_app/apps_my_sensor_app.a(support.o)
                                         0x1e (size before relaxing)
 .rodata.__clz_tab
                0x0000000008005b50      0x100 /Users/Luppy/mynewt/stm32bluepill-mynewt-sensor/xPacks/riscv-none-embed-gcc/8.2.0-3.1/bin/../lib/gcc/riscv-none-embed/8.2.0/rv32imac/ilp32/libgcc.a(_clz.o)
                0x0000000008005b50                __clz_tab
 *(.gnu.linkonce.r.*)

.sdata2.stdout  0x0000000008005c50        0x4
 .sdata2.stdout
                0x0000000008005c50        0x4 /Users/Luppy/mynewt/stm32bluepill-mynewt-sensor/bin/targets/gd32vf103c-start_my_sensor/app/libc/baselibc/libc_baselibc.a(mynewt.o)
                0x0000000008005c50                stdout

.sdata2.MemFile_methods
                0x0000000008005c54        0x8
 .sdata2.MemFile_methods
                0x0000000008005c54        0x8 /Users/Luppy/mynewt/stm32bluepill-mynewt-sensor/bin/targets/gd32vf103c-start_my_sensor/app/libc/baselibc/libc_baselibc.a(memfile.o)
                0x0000000008005c54                MemFile_methods

.sdata2.sensor_network_shortname
                0x0000000008005c5c        0x8
 .sdata2.sensor_network_shortname
                0x0000000008005c5c        0x8 /Users/Luppy/mynewt/stm32bluepill-mynewt-sensor/bin/targets/gd32vf103c-start_my_sensor/app/libs/sensor_network/libs_sensor_network.a(sensor_network.o)

.rela.dyn       0x0000000008005c64        0x0
 .rela.init     0x0000000008005c64        0x0 /Users/Luppy/mynewt/stm32bluepill-mynewt-sensor/bin/targets/gd32vf103c-start_my_sensor/app/hw/mcu/gigadevice/gd32vf103/hw_mcu_gigadevice_gd32vf103.a(start.o)
 .rela.text.console_pkg_init
                0x0000000008005c64        0x0 /Users/Luppy/mynewt/stm32bluepill-mynewt-sensor/bin/targets/gd32vf103c-start_my_sensor/app/hw/mcu/gigadevice/gd32vf103/hw_mcu_gigadevice_gd32vf103.a(start.o)
 .rela.text.console_printf
                0x0000000008005c64        0x0 /Users/Luppy/mynewt/stm32bluepill-mynewt-sensor/bin/targets/gd32vf103c-start_my_sensor/app/hw/mcu/gigadevice/gd32vf103/hw_mcu_gigadevice_gd32vf103.a(start.o)
 .rela.text.console_out_nolock
                0x0000000008005c64        0x0 /Users/Luppy/mynewt/stm32bluepill-mynewt-sensor/bin/targets/gd32vf103c-start_my_sensor/app/hw/mcu/gigadevice/gd32vf103/hw_mcu_gigadevice_gd32vf103.a(start.o)
 .rela.text.sysinit_start
                0x0000000008005c64        0x0 /Users/Luppy/mynewt/stm32bluepill-mynewt-sensor/bin/targets/gd32vf103c-start_my_sensor/app/hw/mcu/gigadevice/gd32vf103/hw_mcu_gigadevice_gd32vf103.a(start.o)
 .rela.text.sysinit_end
                0x0000000008005c64        0x0 /Users/Luppy/mynewt/stm32bluepill-mynewt-sensor/bin/targets/gd32vf103c-start_my_sensor/app/hw/mcu/gigadevice/gd32vf103/hw_mcu_gigadevice_gd32vf103.a(start.o)
 .rela.text.os_idle_task
                0x0000000008005c64        0x0 /Users/Luppy/mynewt/stm32bluepill-mynewt-sensor/bin/targets/gd32vf103c-start_my_sensor/app/hw/mcu/gigadevice/gd32vf103/hw_mcu_gigadevice_gd32vf103.a(start.o)
 .rela.text.os_started
                0x0000000008005c64        0x0 /Users/Luppy/mynewt/stm32bluepill-mynewt-sensor/bin/targets/gd32vf103c-start_my_sensor/app/hw/mcu/gigadevice/gd32vf103/hw_mcu_gigadevice_gd32vf103.a(start.o)
 .rela.text.os_init_idle_task
                0x0000000008005c64        0x0 /Users/Luppy/mynewt/stm32bluepill-mynewt-sensor/bin/targets/gd32vf103c-start_my_sensor/app/hw/mcu/gigadevice/gd32vf103/hw_mcu_gigadevice_gd32vf103.a(start.o)
 .rela.text.os_init
                0x0000000008005c64        0x0 /Users/Luppy/mynewt/stm32bluepill-mynewt-sensor/bin/targets/gd32vf103c-start_my_sensor/app/hw/mcu/gigadevice/gd32vf103/hw_mcu_gigadevice_gd32vf103.a(start.o)
 .rela.text.os_pkg_init
                0x0000000008005c64        0x0 /Users/Luppy/mynewt/stm32bluepill-mynewt-sensor/bin/targets/gd32vf103c-start_my_sensor/app/hw/mcu/gigadevice/gd32vf103/hw_mcu_gigadevice_gd32vf103.a(start.o)
 .rela.text.os_callout_stop
                0x0000000008005c64        0x0 /Users/Luppy/mynewt/stm32bluepill-mynewt-sensor/bin/targets/gd32vf103c-start_my_sensor/app/hw/mcu/gigadevice/gd32vf103/hw_mcu_gigadevice_gd32vf103.a(start.o)
 .rela.text.os_callout_reset
                0x0000000008005c64        0x0 /Users/Luppy/mynewt/stm32bluepill-mynewt-sensor/bin/targets/gd32vf103c-start_my_sensor/app/hw/mcu/gigadevice/gd32vf103/hw_mcu_gigadevice_gd32vf103.a(start.o)
 .rela.text.os_callout_tick
                0x0000000008005c64        0x0 /Users/Luppy/mynewt/stm32bluepill-mynewt-sensor/bin/targets/gd32vf103c-start_my_sensor/app/hw/mcu/gigadevice/gd32vf103/hw_mcu_gigadevice_gd32vf103.a(start.o)
 .rela.text.os_callout_wakeup_ticks
                0x0000000008005c64        0x0 /Users/Luppy/mynewt/stm32bluepill-mynewt-sensor/bin/targets/gd32vf103c-start_my_sensor/app/hw/mcu/gigadevice/gd32vf103/hw_mcu_gigadevice_gd32vf103.a(start.o)
 .rela.text.os_dev_create
                0x0000000008005c64        0x0 /Users/Luppy/mynewt/stm32bluepill-mynewt-sensor/bin/targets/gd32vf103c-start_my_sensor/app/hw/mcu/gigadevice/gd32vf103/hw_mcu_gigadevice_gd32vf103.a(start.o)
 .rela.text.os_mempool_init_internal
                0x0000000008005c64        0x0 /Users/Luppy/mynewt/stm32bluepill-mynewt-sensor/bin/targets/gd32vf103c-start_my_sensor/app/hw/mcu/gigadevice/gd32vf103/hw_mcu_gigadevice_gd32vf103.a(start.o)
 .rela.text.os_mempool_module_init
                0x0000000008005c64        0x0 /Users/Luppy/mynewt/stm32bluepill-mynewt-sensor/bin/targets/gd32vf103c-start_my_sensor/app/hw/mcu/gigadevice/gd32vf103/hw_mcu_gigadevice_gd32vf103.a(start.o)
 .rela.text.os_mutex_release
                0x0000000008005c64        0x0 /Users/Luppy/mynewt/stm32bluepill-mynewt-sensor/bin/targets/gd32vf103c-start_my_sensor/app/hw/mcu/gigadevice/gd32vf103/hw_mcu_gigadevice_gd32vf103.a(start.o)
 .rela.text.os_mutex_pend
                0x0000000008005c64        0x0 /Users/Luppy/mynewt/stm32bluepill-mynewt-sensor/bin/targets/gd32vf103c-start_my_sensor/app/hw/mcu/gigadevice/gd32vf103/hw_mcu_gigadevice_gd32vf103.a(start.o)
 .rela.text.os_sanity_check_list_lock
                0x0000000008005c64        0x0 /Users/Luppy/mynewt/stm32bluepill-mynewt-sensor/bin/targets/gd32vf103c-start_my_sensor/app/hw/mcu/gigadevice/gd32vf103/hw_mcu_gigadevice_gd32vf103.a(start.o)
 .rela.text.os_sanity_check_list_unlock
                0x0000000008005c64        0x0 /Users/Luppy/mynewt/stm32bluepill-mynewt-sensor/bin/targets/gd32vf103c-start_my_sensor/app/hw/mcu/gigadevice/gd32vf103/hw_mcu_gigadevice_gd32vf103.a(start.o)
 .rela.text.os_sanity_init
                0x0000000008005c64        0x0 /Users/Luppy/mynewt/stm32bluepill-mynewt-sensor/bin/targets/gd32vf103c-start_my_sensor/app/hw/mcu/gigadevice/gd32vf103/hw_mcu_gigadevice_gd32vf103.a(start.o)
 .rela.text.os_sched_ctx_sw_hook
                0x0000000008005c64        0x0 /Users/Luppy/mynewt/stm32bluepill-mynewt-sensor/bin/targets/gd32vf103c-start_my_sensor/app/hw/mcu/gigadevice/gd32vf103/hw_mcu_gigadevice_gd32vf103.a(start.o)
 .rela.text.os_sched_get_current_task
                0x0000000008005c64        0x0 /Users/Luppy/mynewt/stm32bluepill-mynewt-sensor/bin/targets/gd32vf103c-start_my_sensor/app/hw/mcu/gigadevice/gd32vf103/hw_mcu_gigadevice_gd32vf103.a(start.o)
 .rela.text.os_sched_set_current_task
                0x0000000008005c64        0x0 /Users/Luppy/mynewt/stm32bluepill-mynewt-sensor/bin/targets/gd32vf103c-start_my_sensor/app/hw/mcu/gigadevice/gd32vf103/hw_mcu_gigadevice_gd32vf103.a(start.o)
 .rela.text.os_task_init
                0x0000000008005c64        0x0 /Users/Luppy/mynewt/stm32bluepill-mynewt-sensor/bin/targets/gd32vf103c-start_my_sensor/app/hw/mcu/gigadevice/gd32vf103/hw_mcu_gigadevice_gd32vf103.a(start.o)
 .rela.text.os_time_tick
                0x0000000008005c64        0x0 /Users/Luppy/mynewt/stm32bluepill-mynewt-sensor/bin/targets/gd32vf103c-start_my_sensor/app/hw/mcu/gigadevice/gd32vf103/hw_mcu_gigadevice_gd32vf103.a(start.o)
 .rela.text.os_time_get
                0x0000000008005c64        0x0 /Users/Luppy/mynewt/stm32bluepill-mynewt-sensor/bin/targets/gd32vf103c-start_my_sensor/app/hw/mcu/gigadevice/gd32vf103/hw_mcu_gigadevice_gd32vf103.a(start.o)
 .rela.text.os_time_advance
                0x0000000008005c64        0x0 /Users/Luppy/mynewt/stm32bluepill-mynewt-sensor/bin/targets/gd32vf103c-start_my_sensor/app/hw/mcu/gigadevice/gd32vf103/hw_mcu_gigadevice_gd32vf103.a(start.o)
 .rela.text.os_arch_start
                0x0000000008005c64        0x0 /Users/Luppy/mynewt/stm32bluepill-mynewt-sensor/bin/targets/gd32vf103c-start_my_sensor/app/hw/mcu/gigadevice/gd32vf103/hw_mcu_gigadevice_gd32vf103.a(start.o)
 .rela.text.os_arch_os_init
                0x0000000008005c64        0x0 /Users/Luppy/mynewt/stm32bluepill-mynewt-sensor/bin/targets/gd32vf103c-start_my_sensor/app/hw/mcu/gigadevice/gd32vf103/hw_mcu_gigadevice_gd32vf103.a(start.o)
 .rela.text.sensor_mgr_remove
                0x0000000008005c64        0x0 /Users/Luppy/mynewt/stm32bluepill-mynewt-sensor/bin/targets/gd32vf103c-start_my_sensor/app/hw/mcu/gigadevice/gd32vf103/hw_mcu_gigadevice_gd32vf103.a(start.o)
 .rela.text.sensor_mgr_insert
                0x0000000008005c64        0x0 /Users/Luppy/mynewt/stm32bluepill-mynewt-sensor/bin/targets/gd32vf103c-start_my_sensor/app/hw/mcu/gigadevice/gd32vf103/hw_mcu_gigadevice_gd32vf103.a(start.o)
 .rela.text.sensor_mgr_evq_set
                0x0000000008005c64        0x0 /Users/Luppy/mynewt/stm32bluepill-mynewt-sensor/bin/targets/gd32vf103c-start_my_sensor/app/hw/mcu/gigadevice/gd32vf103/hw_mcu_gigadevice_gd32vf103.a(start.o)
 .rela.text.sensor_base_ts_update_event
                0x0000000008005c64        0x0 /Users/Luppy/mynewt/stm32bluepill-mynewt-sensor/bin/targets/gd32vf103c-start_my_sensor/app/hw/mcu/gigadevice/gd32vf103/hw_mcu_gigadevice_gd32vf103.a(start.o)
 .rela.text.sensor_up_timestamp
                0x0000000008005c64        0x0 /Users/Luppy/mynewt/stm32bluepill-mynewt-sensor/bin/targets/gd32vf103c-start_my_sensor/app/hw/mcu/gigadevice/gd32vf103/hw_mcu_gigadevice_gd32vf103.a(start.o)
 .rela.text.sensor_mgr_lock
                0x0000000008005c64        0x0 /Users/Luppy/mynewt/stm32bluepill-mynewt-sensor/bin/targets/gd32vf103c-start_my_sensor/app/hw/mcu/gigadevice/gd32vf103/hw_mcu_gigadevice_gd32vf103.a(start.o)
 .rela.text.sensor_mgr_unlock
                0x0000000008005c64        0x0 /Users/Luppy/mynewt/stm32bluepill-mynewt-sensor/bin/targets/gd32vf103c-start_my_sensor/app/hw/mcu/gigadevice/gd32vf103/hw_mcu_gigadevice_gd32vf103.a(start.o)
 .rela.text.sensor_mgr_evq_get
                0x0000000008005c64        0x0 /Users/Luppy/mynewt/stm32bluepill-mynewt-sensor/bin/targets/gd32vf103c-start_my_sensor/app/hw/mcu/gigadevice/gd32vf103/hw_mcu_gigadevice_gd32vf103.a(start.o)
 .rela.text.sensor_mgr_init
                0x0000000008005c64        0x0 /Users/Luppy/mynewt/stm32bluepill-mynewt-sensor/bin/targets/gd32vf103c-start_my_sensor/app/hw/mcu/gigadevice/gd32vf103/hw_mcu_gigadevice_gd32vf103.a(start.o)
 .rela.text.sensor_find_min_nextrun_sensor
                0x0000000008005c64        0x0 /Users/Luppy/mynewt/stm32bluepill-mynewt-sensor/bin/targets/gd32vf103c-start_my_sensor/app/hw/mcu/gigadevice/gd32vf103/hw_mcu_gigadevice_gd32vf103.a(start.o)
 .rela.text.sensor_mgr_wakeup_event
                0x0000000008005c64        0x0 /Users/Luppy/mynewt/stm32bluepill-mynewt-sensor/bin/targets/gd32vf103c-start_my_sensor/app/hw/mcu/gigadevice/gd32vf103/hw_mcu_gigadevice_gd32vf103.a(start.o)
 .rela.text.oc_send_buffer
                0x0000000008005c64        0x0 /Users/Luppy/mynewt/stm32bluepill-mynewt-sensor/bin/targets/gd32vf103c-start_my_sensor/app/hw/mcu/gigadevice/gd32vf103/hw_mcu_gigadevice_gd32vf103.a(start.o)
 .rela.text.oc_send_multicast_message
                0x0000000008005c64        0x0 /Users/Luppy/mynewt/stm32bluepill-mynewt-sensor/bin/targets/gd32vf103c-start_my_sensor/app/hw/mcu/gigadevice/gd32vf103/hw_mcu_gigadevice_gd32vf103.a(start.o)
 .rela.text.oc_init
                0x0000000008005c64        0x0 /Users/Luppy/mynewt/stm32bluepill-mynewt-sensor/bin/targets/gd32vf103c-start_my_sensor/app/hw/mcu/gigadevice/gd32vf103/hw_mcu_gigadevice_gd32vf103.a(start.o)
 .rela.text.flash_area_open
                0x0000000008005c64        0x0 /Users/Luppy/mynewt/stm32bluepill-mynewt-sensor/bin/targets/gd32vf103c-start_my_sensor/app/hw/mcu/gigadevice/gd32vf103/hw_mcu_gigadevice_gd32vf103.a(start.o)
 .rela.text.flash_map_init
                0x0000000008005c64        0x0 /Users/Luppy/mynewt/stm32bluepill-mynewt-sensor/bin/targets/gd32vf103c-start_my_sensor/app/hw/mcu/gigadevice/gd32vf103/hw_mcu_gigadevice_gd32vf103.a(start.o)
 .rela.text.mfg_init
                0x0000000008005c64        0x0 /Users/Luppy/mynewt/stm32bluepill-mynewt-sensor/bin/targets/gd32vf103c-start_my_sensor/app/hw/mcu/gigadevice/gd32vf103/hw_mcu_gigadevice_gd32vf103.a(start.o)