Archive member included to satisfy reference by file (symbol)

/Users/Luppy/PineTime/pinetime-rust-mynewt/bin/targets/nrf52_boot/app/hw/bsp/nrf52/hw_bsp_nrf52.a(gcc_startup_nrf52.o)
                              (Reset_Handler)
/Users/Luppy/PineTime/pinetime-rust-mynewt/bin/targets/nrf52_boot/app/hw/bsp/nrf52/hw_bsp_nrf52.a(sbrk.o)
                              /Users/Luppy/PineTime/pinetime-rust-mynewt/bin/targets/nrf52_boot/app/hw/bsp/nrf52/hw_bsp_nrf52.a(gcc_startup_nrf52.o) (_sbrkInit)
/Users/Luppy/PineTime/pinetime-rust-mynewt/bin/targets/nrf52_boot/app/hw/mcu/nordic/nrf52xxx/hw_mcu_nordic_nrf52xxx.a(hal_system.o)
                              /Users/Luppy/PineTime/pinetime-rust-mynewt/bin/targets/nrf52_boot/app/hw/bsp/nrf52/hw_bsp_nrf52.a(gcc_startup_nrf52.o) (hal_system_init)
/Users/Luppy/PineTime/pinetime-rust-mynewt/bin/targets/nrf52_boot/app/hw/mcu/nordic/nrf52xxx/hw_mcu_nordic_nrf52xxx.a(system_nrf52.o)
                              /Users/Luppy/PineTime/pinetime-rust-mynewt/bin/targets/nrf52_boot/app/hw/bsp/nrf52/hw_bsp_nrf52.a(gcc_startup_nrf52.o) (SystemInit)
/Users/Luppy/PineTime/pinetime-rust-mynewt/bin/targets/nrf52_boot/app/libc/baselibc/libc_baselibc.a(start.o)
                              /Users/Luppy/PineTime/pinetime-rust-mynewt/bin/targets/nrf52_boot/app/hw/bsp/nrf52/hw_bsp_nrf52.a(gcc_startup_nrf52.o) (_start)
/Users/Luppy/PineTime/pinetime-rust-mynewt/bin/targets/nrf52_boot/app/boot/mynewt/boot_mynewt.a(main.o)
                              /Users/Luppy/PineTime/pinetime-rust-mynewt/bin/targets/nrf52_boot/app/libc/baselibc/libc_baselibc.a(start.o) (main)
/Users/Luppy/PineTime/pinetime-rust-mynewt/bin/targets/nrf52_boot/app/boot/mynewt/boot_mynewt.a(display_image.o)
                              /Users/Luppy/PineTime/pinetime-rust-mynewt/bin/targets/nrf52_boot/app/boot/mynewt/boot_mynewt.a(main.o) (display_image)
/Users/Luppy/PineTime/pinetime-rust-mynewt/bin/targets/nrf52_boot/app/hw/bsp/nrf52/hw_bsp_nrf52.a(hal_bsp.o)
                              /Users/Luppy/PineTime/pinetime-rust-mynewt/bin/targets/nrf52_boot/app/boot/mynewt/boot_mynewt.a(main.o) (hal_bsp_init)
/Users/Luppy/PineTime/pinetime-rust-mynewt/bin/targets/nrf52_boot/app/hw/cmsis-core/hw_cmsis-core.a(cmsis_nvic.o)
                              /Users/Luppy/PineTime/pinetime-rust-mynewt/bin/targets/nrf52_boot/app/hw/mcu/nordic/nrf52xxx/hw_mcu_nordic_nrf52xxx.a(system_nrf52.o) (NVIC_Relocate)
/Users/Luppy/PineTime/pinetime-rust-mynewt/bin/targets/nrf52_boot/app/hw/drivers/flash/spiflash/hw_drivers_flash_spiflash.a(spiflash.o)
                              /Users/Luppy/PineTime/pinetime-rust-mynewt/bin/targets/nrf52_boot/app/hw/bsp/nrf52/hw_bsp_nrf52.a(hal_bsp.o) (spiflash_dev)
/Users/Luppy/PineTime/pinetime-rust-mynewt/bin/targets/nrf52_boot/app/hw/hal/hw_hal.a(hal_common.o)
                              /Users/Luppy/PineTime/pinetime-rust-mynewt/bin/targets/nrf52_boot/app/libc/baselibc/libc_baselibc.a(start.o) (_exit)
/Users/Luppy/PineTime/pinetime-rust-mynewt/bin/targets/nrf52_boot/app/hw/hal/hw_hal.a(hal_flash.o)
                              /Users/Luppy/PineTime/pinetime-rust-mynewt/bin/targets/nrf52_boot/app/boot/mynewt/boot_mynewt.a(display_image.o) (hal_flash_read)
/Users/Luppy/PineTime/pinetime-rust-mynewt/bin/targets/nrf52_boot/app/hw/mcu/nordic/nrf52xxx/hw_mcu_nordic_nrf52xxx.a(hal_flash.o)
                              /Users/Luppy/PineTime/pinetime-rust-mynewt/bin/targets/nrf52_boot/app/hw/bsp/nrf52/hw_bsp_nrf52.a(hal_bsp.o) (nrf52k_flash_dev)
/Users/Luppy/PineTime/pinetime-rust-mynewt/bin/targets/nrf52_boot/app/hw/mcu/nordic/nrf52xxx/hw_mcu_nordic_nrf52xxx.a(hal_gpio.o)
                              /Users/Luppy/PineTime/pinetime-rust-mynewt/bin/targets/nrf52_boot/app/boot/mynewt/boot_mynewt.a(main.o) (hal_gpio_init_in)
/Users/Luppy/PineTime/pinetime-rust-mynewt/bin/targets/nrf52_boot/app/hw/mcu/nordic/nrf52xxx/hw_mcu_nordic_nrf52xxx.a(hal_reset_cause.o)
                              /Users/Luppy/PineTime/pinetime-rust-mynewt/bin/targets/nrf52_boot/app/hw/hal/hw_hal.a(hal_common.o) (hal_reset_cause)
/Users/Luppy/PineTime/pinetime-rust-mynewt/bin/targets/nrf52_boot/app/hw/mcu/nordic/nrf52xxx/hw_mcu_nordic_nrf52xxx.a(hal_spi.o)
                              /Users/Luppy/PineTime/pinetime-rust-mynewt/bin/targets/nrf52_boot/app/hw/drivers/flash/spiflash/hw_drivers_flash_spiflash.a(spiflash.o) (hal_spi_config)
/Users/Luppy/PineTime/pinetime-rust-mynewt/bin/targets/nrf52_boot/app/hw/mcu/nordic/nrf52xxx/hw_mcu_nordic_nrf52xxx.a(hal_system_start.o)
                              /Users/Luppy/PineTime/pinetime-rust-mynewt/bin/targets/nrf52_boot/app/boot/mynewt/boot_mynewt.a(main.o) (hal_system_start)
/Users/Luppy/PineTime/pinetime-rust-mynewt/bin/targets/nrf52_boot/app/hw/mcu/nordic/nrf52xxx/hw_mcu_nordic_nrf52xxx.a(hal_watchdog.o)
                              /Users/Luppy/PineTime/pinetime-rust-mynewt/bin/targets/nrf52_boot/app/boot/mynewt/boot_mynewt.a(main.o) (hal_watchdog_init)
[...]
Memory Configuration

Name             Origin             Length             Attributes
FLASH            0x0000000000000000 0x0000000000006000 xr
RAM              0x0000000020000000 0x0000000000010000 xrw
*default*        0x0000000000000000 0xffffffffffffffff

Linker script and memory map

START GROUP
LOAD /Users/Luppy/PineTime/pinetime-rust-mynewt/bin/targets/nrf52_boot/app/boot/bootutil/boot_bootutil.a
LOAD /Users/Luppy/PineTime/pinetime-rust-mynewt/bin/targets/nrf52_boot/app/boot/mynewt/boot_mynewt.a
LOAD /Users/Luppy/PineTime/pinetime-rust-mynewt/bin/targets/nrf52_boot/app/boot/mynewt/flash_map_backend/boot_mynewt_flash_map_backend.a
LOAD /Users/Luppy/PineTime/pinetime-rust-mynewt/bin/targets/nrf52_boot/app/crypto/mbedtls/crypto_mbedtls.a
LOAD /Users/Luppy/PineTime/pinetime-rust-mynewt/bin/targets/nrf52_boot/app/hw/bsp/nrf52/hw_bsp_nrf52.a
LOAD /Users/Luppy/PineTime/pinetime-rust-mynewt/bin/targets/nrf52_boot/app/hw/cmsis-core/hw_cmsis-core.a
LOAD /Users/Luppy/PineTime/pinetime-rust-mynewt/bin/targets/nrf52_boot/app/hw/drivers/flash/spiflash/hw_drivers_flash_spiflash.a
LOAD /Users/Luppy/PineTime/pinetime-rust-mynewt/bin/targets/nrf52_boot/app/hw/hal/hw_hal.a
LOAD /Users/Luppy/PineTime/pinetime-rust-mynewt/bin/targets/nrf52_boot/app/hw/mcu/nordic/hw_mcu_nordic.a
LOAD /Users/Luppy/PineTime/pinetime-rust-mynewt/bin/targets/nrf52_boot/app/hw/mcu/nordic/nrf52xxx/hw_mcu_nordic_nrf52xxx.a
LOAD /Users/Luppy/PineTime/pinetime-rust-mynewt/bin/targets/nrf52_boot/app/kernel/os/kernel_os.a
LOAD /Users/Luppy/PineTime/pinetime-rust-mynewt/bin/targets/nrf52_boot/app/libc/baselibc/libc_baselibc.a
LOAD /Users/Luppy/PineTime/pinetime-rust-mynewt/bin/targets/nrf52_boot/app/libs/semihosting_console/libs_semihosting_console.a
LOAD /Users/Luppy/PineTime/pinetime-rust-mynewt/bin/targets/nrf52_boot/app/sys/flash_map/sys_flash_map.a
LOAD /Users/Luppy/PineTime/pinetime-rust-mynewt/bin/targets/nrf52_boot/app/sys/log/modlog/sys_log_modlog.a
LOAD /Users/Luppy/PineTime/pinetime-rust-mynewt/bin/targets/nrf52_boot/app/sys/log/stub/sys_log_stub.a
LOAD /Users/Luppy/PineTime/pinetime-rust-mynewt/bin/targets/nrf52_boot/app/sys/mfg/sys_mfg.a
LOAD /Users/Luppy/PineTime/pinetime-rust-mynewt/bin/targets/nrf52_boot/app/sys/sysdown/sys_sysdown.a
LOAD /Users/Luppy/PineTime/pinetime-rust-mynewt/bin/targets/nrf52_boot/app/sys/sysinit/sys_sysinit.a
LOAD /Users/Luppy/PineTime/pinetime-rust-mynewt/bin/targets/nrf52_boot/app/util/mem/util_mem.a
LOAD /Users/Luppy/PineTime/pinetime-rust-mynewt/bin/targets/nrf52_boot/app/util/rwlock/util_rwlock.a
LOAD /Users/Luppy/PineTime/pinetime-rust-mynewt/bin/targets/nrf52_boot/generated/bin/nrf52_boot-sysinit-app.a
END GROUP
LOAD /usr/local/Cellar/arm-none-eabi-gcc/7-2018-q2-update/gcc/bin/../lib/gcc/arm-none-eabi/7.3.1/thumb/v7e-m/libgcc.a
START GROUP
LOAD /usr/local/Cellar/arm-none-eabi-gcc/7-2018-q2-update/gcc/bin/../lib/gcc/arm-none-eabi/7.3.1/thumb/v7e-m/libgcc.a
LOAD /usr/local/Cellar/arm-none-eabi-gcc/7-2018-q2-update/gcc/bin/../lib/gcc/arm-none-eabi/7.3.1/../../../../arm-none-eabi/lib/thumb/v7e-m/libg.a
LOAD /usr/local/Cellar/arm-none-eabi-gcc/7-2018-q2-update/gcc/bin/../lib/gcc/arm-none-eabi/7.3.1/../../../../arm-none-eabi/lib/thumb/v7e-m/libc.a
END GROUP
START GROUP
LOAD /usr/local/Cellar/arm-none-eabi-gcc/7-2018-q2-update/gcc/bin/../lib/gcc/arm-none-eabi/7.3.1/thumb/v7e-m/libgcc.a
LOAD /usr/local/Cellar/arm-none-eabi-gcc/7-2018-q2-update/gcc/bin/../lib/gcc/arm-none-eabi/7.3.1/../../../../arm-none-eabi/lib/thumb/v7e-m/libc.a
LOAD /usr/local/Cellar/arm-none-eabi-gcc/7-2018-q2-update/gcc/bin/../lib/gcc/arm-none-eabi/7.3.1/../../../../arm-none-eabi/lib/thumb/v7e-m/libnosys.a
END GROUP
                0x0000000000000000                _imghdr_size = 0x0

.imghdr         0x0000000000000000        0x0
                0x0000000000000000                . = (. + _imghdr_size)
                0x0000000000000000                __text = .

.text           0x0000000000000000     0x5804
                0x0000000000000000                __isr_vector_start = .
 *(.isr_vector)
 .isr_vector    0x0000000000000000       0xd8 /Users/Luppy/PineTime/pinetime-rust-mynewt/bin/targets/nrf52_boot/app/hw/bsp/nrf52/hw_bsp_nrf52.a(gcc_startup_nrf52.o)
                0x0000000000000000                __isr_vector
                0x00000000000000d8                __isr_vector_end = .
 *(.text*)
 .text          0x00000000000000d8       0x70 /Users/Luppy/PineTime/pinetime-rust-mynewt/bin/targets/nrf52_boot/app/hw/bsp/nrf52/hw_bsp_nrf52.a(gcc_startup_nrf52.o)
                0x00000000000000d8                Reset_Handler
                0x0000000000000134                NMI_Handler
                0x0000000000000136                HardFault_Handler
                0x0000000000000138                MemoryManagement_Handler
                0x000000000000013a                BusFault_Handler
                0x000000000000013c                UsageFault_Handler
                0x0000000000000144                POWER_CLOCK_IRQHandler
                0x0000000000000144                RADIO_IRQHandler
                0x0000000000000144                PDM_IRQHandler
                0x0000000000000144                TEMP_IRQHandler
                0x0000000000000144                QDEC_IRQHandler
                0x0000000000000144                TIMER3_IRQHandler
                0x0000000000000144                SPIM0_SPIS0_TWIM0_TWIS0_SPI0_TWI0_IRQHandler
                0x0000000000000144                UARTE0_UART0_IRQHandler
                0x0000000000000144                TIMER4_IRQHandler
                0x0000000000000144                I2S_IRQHandler
                0x0000000000000144                SWI4_EGU4_IRQHandler
                0x0000000000000144                TIMER0_IRQHandler
                0x0000000000000144                TIMER1_IRQHandler
                0x0000000000000144                PWM2_IRQHandler
                0x0000000000000144                ECB_IRQHandler
                0x0000000000000144                SPIM1_SPIS1_TWIM1_TWIS1_SPI1_TWI1_IRQHandler
                0x0000000000000144                Default_Handler
                0x0000000000000144                SAADC_IRQHandler
                0x0000000000000144                CCM_AAR_IRQHandler
                0x0000000000000144                WDT_IRQHandler
                0x0000000000000144                SWI5_EGU5_IRQHandler
                0x0000000000000144                RNG_IRQHandler
                0x0000000000000144                RTC2_IRQHandler
                0x0000000000000144                PWM0_IRQHandler
                0x0000000000000144                SWI3_EGU3_IRQHandler
                0x0000000000000144                RTC1_IRQHandler
                0x0000000000000144                SWI1_EGU1_IRQHandler
                0x0000000000000144                SPIM2_SPIS2_SPI2_IRQHandler
                0x0000000000000144                NFCT_IRQHandler
                0x0000000000000144                MWU_IRQHandler
                0x0000000000000144                TIMER2_IRQHandler
                0x0000000000000144                COMP_LPCOMP_IRQHandler
                0x0000000000000144                RTC0_IRQHandler
                0x0000000000000144                SWI0_EGU0_IRQHandler
                0x0000000000000144                SWI2_EGU2_IRQHandler
                0x0000000000000144                GPIOTE_IRQHandler
                0x0000000000000144                PWM1_IRQHandler
 .text._sbrkInit
                0x0000000000000148       0x10 /Users/Luppy/PineTime/pinetime-rust-mynewt/bin/targets/nrf52_boot/app/hw/bsp/nrf52/hw_bsp_nrf52.a(sbrk.o)
                0x0000000000000148                _sbrkInit
 .text.hal_system_init
                0x0000000000000158        0xc /Users/Luppy/PineTime/pinetime-rust-mynewt/bin/targets/nrf52_boot/app/hw/mcu/nordic/nrf52xxx/hw_mcu_nordic_nrf52xxx.a(hal_system.o)
                0x0000000000000158                hal_system_init
 .text.hal_debugger_connected
                0x0000000000000164       0x10 /Users/Luppy/PineTime/pinetime-rust-mynewt/bin/targets/nrf52_boot/app/hw/mcu/nordic/nrf52xxx/hw_mcu_nordic_nrf52xxx.a(hal_system.o)
                0x0000000000000164                hal_debugger_connected
 .text.hal_system_reset
                0x0000000000000174       0x2c /Users/Luppy/PineTime/pinetime-rust-mynewt/bin/targets/nrf52_boot/app/hw/mcu/nordic/nrf52xxx/hw_mcu_nordic_nrf52xxx.a(hal_system.o)
                0x0000000000000174                hal_system_reset
 .text.hal_system_clock_start
                0x00000000000001a0       0x4c /Users/Luppy/PineTime/pinetime-rust-mynewt/bin/targets/nrf52_boot/app/hw/mcu/nordic/nrf52xxx/hw_mcu_nordic_nrf52xxx.a(hal_system.o)
                0x00000000000001a0                hal_system_clock_start
 .text.errata_16
                0x00000000000001ec       0x3c /Users/Luppy/PineTime/pinetime-rust-mynewt/bin/targets/nrf52_boot/app/hw/mcu/nordic/nrf52xxx/hw_mcu_nordic_nrf52xxx.a(system_nrf52.o)
 .text.errata_31
                0x0000000000000228       0x4c /Users/Luppy/PineTime/pinetime-rust-mynewt/bin/targets/nrf52_boot/app/hw/mcu/nordic/nrf52xxx/hw_mcu_nordic_nrf52xxx.a(system_nrf52.o)
 .text.errata_32
                0x0000000000000274       0x3c /Users/Luppy/PineTime/pinetime-rust-mynewt/bin/targets/nrf52_boot/app/hw/mcu/nordic/nrf52xxx/hw_mcu_nordic_nrf52xxx.a(system_nrf52.o)
 .text.errata_36
                0x00000000000002b0       0x4c /Users/Luppy/PineTime/pinetime-rust-mynewt/bin/targets/nrf52_boot/app/hw/mcu/nordic/nrf52xxx/hw_mcu_nordic_nrf52xxx.a(system_nrf52.o)
 .text.errata_37
                0x00000000000002fc       0x3c /Users/Luppy/PineTime/pinetime-rust-mynewt/bin/targets/nrf52_boot/app/hw/mcu/nordic/nrf52xxx/hw_mcu_nordic_nrf52xxx.a(system_nrf52.o)
 .text.errata_57
                0x0000000000000338       0x3c /Users/Luppy/PineTime/pinetime-rust-mynewt/bin/targets/nrf52_boot/app/hw/mcu/nordic/nrf52xxx/hw_mcu_nordic_nrf52xxx.a(system_nrf52.o)
 .text.errata_66
                0x0000000000000374       0x3c /Users/Luppy/PineTime/pinetime-rust-mynewt/bin/targets/nrf52_boot/app/hw/mcu/nordic/nrf52xxx/hw_mcu_nordic_nrf52xxx.a(system_nrf52.o)
 .text.errata_108
                0x00000000000003b0       0x4c /Users/Luppy/PineTime/pinetime-rust-mynewt/bin/targets/nrf52_boot/app/hw/mcu/nordic/nrf52xxx/hw_mcu_nordic_nrf52xxx.a(system_nrf52.o)
 .text.SystemCoreClockUpdate
                0x00000000000003fc       0x10 /Users/Luppy/PineTime/pinetime-rust-mynewt/bin/targets/nrf52_boot/app/hw/mcu/nordic/nrf52xxx/hw_mcu_nordic_nrf52xxx.a(system_nrf52.o)
                0x00000000000003fc                SystemCoreClockUpdate
 .text.SystemInit
                0x000000000000040c      0x1c0 /Users/Luppy/PineTime/pinetime-rust-mynewt/bin/targets/nrf52_boot/app/hw/mcu/nordic/nrf52xxx/hw_mcu_nordic_nrf52xxx.a(system_nrf52.o)
                0x000000000000040c                SystemInit
 .text._start   0x00000000000005cc        0xe /Users/Luppy/PineTime/pinetime-rust-mynewt/bin/targets/nrf52_boot/app/libc/baselibc/libc_baselibc.a(start.o)
                0x00000000000005cc                _start
 .text._init    0x00000000000005da        0x2 /Users/Luppy/PineTime/pinetime-rust-mynewt/bin/targets/nrf52_boot/app/libc/baselibc/libc_baselibc.a(start.o)
                0x00000000000005da                _init
 .text.flash_device_base
                0x00000000000005dc        0x6 /Users/Luppy/PineTime/pinetime-rust-mynewt/bin/targets/nrf52_boot/app/boot/mynewt/boot_mynewt.a(main.o)
                0x00000000000005dc                flash_device_base
 *fill*         0x00000000000005e2        0x2 
 .text.main     0x00000000000005e4       0xe4 /Users/Luppy/PineTime/pinetime-rust-mynewt/bin/targets/nrf52_boot/app/boot/mynewt/boot_mynewt.a(main.o)
                0x00000000000005e4                main
 .text.hard_reset
                0x00000000000006c8       0x1e /Users/Luppy/PineTime/pinetime-rust-mynewt/bin/targets/nrf52_boot/app/boot/mynewt/boot_mynewt.a(display_image.o)
 *fill*         0x00000000000006e6        0x2 
 .text.delay_ms
                0x00000000000006e8       0x18 /Users/Luppy/PineTime/pinetime-rust-mynewt/bin/targets/nrf52_boot/app/boot/mynewt/boot_mynewt.a(display_image.o)
 .text.transmit_spi
                0x0000000000000700       0x3a /Users/Luppy/PineTime/pinetime-rust-mynewt/bin/targets/nrf52_boot/app/boot/mynewt/boot_mynewt.a(display_image.o)
 .text.write_data
                0x000000000000073a       0x1a /Users/Luppy/PineTime/pinetime-rust-mynewt/bin/targets/nrf52_boot/app/boot/mynewt/boot_mynewt.a(display_image.o)
 .text.write_command
                0x0000000000000754       0x4e /Users/Luppy/PineTime/pinetime-rust-mynewt/bin/targets/nrf52_boot/app/boot/mynewt/boot_mynewt.a(display_image.o)
 *fill*         0x00000000000007a2        0x2 
 .text.init_display
                0x00000000000007a4      0x14c /Users/Luppy/PineTime/pinetime-rust-mynewt/bin/targets/nrf52_boot/app/boot/mynewt/boot_mynewt.a(display_image.o)
 .text.set_orientation
                0x00000000000008f0       0x28 /Users/Luppy/PineTime/pinetime-rust-mynewt/bin/targets/nrf52_boot/app/boot/mynewt/boot_mynewt.a(display_image.o)
 .text.set_window
                0x0000000000000918       0xd0 /Users/Luppy/PineTime/pinetime-rust-mynewt/bin/targets/nrf52_boot/app/boot/mynewt/boot_mynewt.a(display_image.o)
 .text.display_image
                0x00000000000009e8       0xe4 /Users/Luppy/PineTime/pinetime-rust-mynewt/bin/targets/nrf52_boot/app/boot/mynewt/boot_mynewt.a(display_image.o)
                0x00000000000009e8                display_image
 .text.hal_bsp_flash_dev
                0x0000000000000acc       0x14 /Users/Luppy/PineTime/pinetime-rust-mynewt/bin/targets/nrf52_boot/app/hw/bsp/nrf52/hw_bsp_nrf52.a(hal_bsp.o)
                0x0000000000000acc                hal_bsp_flash_dev
 .text.hal_bsp_init
                0x0000000000000ae0        0xc /Users/Luppy/PineTime/pinetime-rust-mynewt/bin/targets/nrf52_boot/app/hw/bsp/nrf52/hw_bsp_nrf52.a(hal_bsp.o)
                0x0000000000000ae0                hal_bsp_init
 .text.NVIC_Relocate
                0x0000000000000aec       0x34 /Users/Luppy/PineTime/pinetime-rust-mynewt/bin/targets/nrf52_boot/app/hw/cmsis-core/hw_cmsis-core.a(cmsis_nvic.o)
                0x0000000000000aec                NVIC_Relocate
 .text.hal_spiflash_sector_info
                0x0000000000000b20       0x14 /Users/Luppy/PineTime/pinetime-rust-mynewt/bin/targets/nrf52_boot/app/hw/drivers/flash/spiflash/hw_drivers_flash_spiflash.a(spiflash.o)
 .text.spiflash_release_power_down_generic
                0x0000000000000b34       0x2e /Users/Luppy/PineTime/pinetime-rust-mynewt/bin/targets/nrf52_boot/app/hw/drivers/flash/spiflash/hw_drivers_flash_spiflash.a(spiflash.o)
 .text.spiflash_delay_us
                0x0000000000000b62        0x8 /Users/Luppy/PineTime/pinetime-rust-mynewt/bin/targets/nrf52_boot/app/hw/drivers/flash/spiflash/hw_drivers_flash_spiflash.a(spiflash.o)
 .text.spiflash_read_jedec_id
                0x0000000000000b6a       0x5a /Users/Luppy/PineTime/pinetime-rust-mynewt/bin/targets/nrf52_boot/app/hw/drivers/flash/spiflash/hw_drivers_flash_spiflash.a(spiflash.o)
                0x0000000000000b6a                spiflash_read_jedec_id
 .text.spiflash_read_status
                0x0000000000000bc4       0x2a /Users/Luppy/PineTime/pinetime-rust-mynewt/bin/targets/nrf52_boot/app/hw/drivers/flash/spiflash/hw_drivers_flash_spiflash.a(spiflash.o)
                0x0000000000000bc4                spiflash_read_status
 .text.spiflash_device_ready
                0x0000000000000bee       0x16 /Users/Luppy/PineTime/pinetime-rust-mynewt/bin/targets/nrf52_boot/app/hw/drivers/flash/spiflash/hw_drivers_flash_spiflash.a(spiflash.o)
                0x0000000000000bee                spiflash_device_ready
 .text.spiflash_wait_ready_till
                0x0000000000000c04       0x50 /Users/Luppy/PineTime/pinetime-rust-mynewt/bin/targets/nrf52_boot/app/hw/drivers/flash/spiflash/hw_drivers_flash_spiflash.a(spiflash.o)
 .text.spiflash_wait_ready
                0x0000000000000c54       0x16 /Users/Luppy/PineTime/pinetime-rust-mynewt/bin/targets/nrf52_boot/app/hw/drivers/flash/spiflash/hw_drivers_flash_spiflash.a(spiflash.o)
                0x0000000000000c54                spiflash_wait_ready
 .text.hal_spiflash_read
                0x0000000000000c6a       0x6a /Users/Luppy/PineTime/pinetime-rust-mynewt/bin/targets/nrf52_boot/app/hw/drivers/flash/spiflash/hw_drivers_flash_spiflash.a(spiflash.o)
 .text.spiflash_write_enable
                0x0000000000000cd4       0x20 /Users/Luppy/PineTime/pinetime-rust-mynewt/bin/targets/nrf52_boot/app/hw/drivers/flash/spiflash/hw_drivers_flash_spiflash.a(spiflash.o)
                0x0000000000000cd4                spiflash_write_enable
 .text.hal_spiflash_write
                0x0000000000000cf4       0xc8 /Users/Luppy/PineTime/pinetime-rust-mynewt/bin/targets/nrf52_boot/app/hw/drivers/flash/spiflash/hw_drivers_flash_spiflash.a(spiflash.o)
 .text.spiflash_execute_erase
                0x0000000000000dbc       0x78 /Users/Luppy/PineTime/pinetime-rust-mynewt/bin/targets/nrf52_boot/app/hw/drivers/flash/spiflash/hw_drivers_flash_spiflash.a(spiflash.o)
 .text.spiflash_erase_cmd
                0x0000000000000e34       0x2c /Users/Luppy/PineTime/pinetime-rust-mynewt/bin/targets/nrf52_boot/app/hw/drivers/flash/spiflash/hw_drivers_flash_spiflash.a(spiflash.o)
 .text.spiflash_sector_erase
                0x0000000000000e60        0xe /Users/Luppy/PineTime/pinetime-rust-mynewt/bin/targets/nrf52_boot/app/hw/drivers/flash/spiflash/hw_drivers_flash_spiflash.a(spiflash.o)
                0x0000000000000e60                spiflash_sector_erase
 .text.hal_spiflash_erase_sector
                0x0000000000000e6e        0x8 /Users/Luppy/PineTime/pinetime-rust-mynewt/bin/targets/nrf52_boot/app/hw/drivers/flash/spiflash/hw_drivers_flash_spiflash.a(spiflash.o)
 .text.spiflash_block_32k_erase
                0x0000000000000e76       0x10 /Users/Luppy/PineTime/pinetime-rust-mynewt/bin/targets/nrf52_boot/app/hw/drivers/flash/spiflash/hw_drivers_flash_spiflash.a(spiflash.o)
                0x0000000000000e76                spiflash_block_32k_erase
 .text.spiflash_block_64k_erase
                0x0000000000000e86       0x10 /Users/Luppy/PineTime/pinetime-rust-mynewt/bin/targets/nrf52_boot/app/hw/drivers/flash/spiflash/hw_drivers_flash_spiflash.a(spiflash.o)
                0x0000000000000e86                spiflash_block_64k_erase
 .text.spiflash_chip_erase
                0x0000000000000e96       0x1c /Users/Luppy/PineTime/pinetime-rust-mynewt/bin/targets/nrf52_boot/app/hw/drivers/flash/spiflash/hw_drivers_flash_spiflash.a(spiflash.o)
                0x0000000000000e96                spiflash_chip_erase
 .text.spiflash_erase
                0x0000000000000eb2       0x8e /Users/Luppy/PineTime/pinetime-rust-mynewt/bin/targets/nrf52_boot/app/hw/drivers/flash/spiflash/hw_drivers_flash_spiflash.a(spiflash.o)
                0x0000000000000eb2                spiflash_erase
 .text.hal_spiflash_erase
                0x0000000000000f40        0x8 /Users/Luppy/PineTime/pinetime-rust-mynewt/bin/targets/nrf52_boot/app/hw/drivers/flash/spiflash/hw_drivers_flash_spiflash.a(spiflash.o)
 .text.spiflash_identify
                0x0000000000000f48       0x64 /Users/Luppy/PineTime/pinetime-rust-mynewt/bin/targets/nrf52_boot/app/hw/drivers/flash/spiflash/hw_drivers_flash_spiflash.a(spiflash.o)
                0x0000000000000f48                spiflash_identify
 .text.hal_spiflash_init
                0x0000000000000fac       0x3e /Users/Luppy/PineTime/pinetime-rust-mynewt/bin/targets/nrf52_boot/app/hw/drivers/flash/spiflash/hw_drivers_flash_spiflash.a(spiflash.o)
 .text._exit    0x0000000000000fea        0x6 /Users/Luppy/PineTime/pinetime-rust-mynewt/bin/targets/nrf52_boot/app/hw/hal/hw_hal.a(hal_common.o)
                0x0000000000000fea                _exit
 .text.hal_flash_check_addr
                0x0000000000000ff0       0x1e /Users/Luppy/PineTime/pinetime-rust-mynewt/bin/targets/nrf52_boot/app/hw/hal/hw_hal.a(hal_flash.o)
 .text.hal_flash_init
                0x000000000000100e       0x28 /Users/Luppy/PineTime/pinetime-rust-mynewt/bin/targets/nrf52_boot/app/hw/hal/hw_hal.a(hal_flash.o)
                0x000000000000100e                hal_flash_init
 .text.hal_flash_align
                0x0000000000001036       0x10 /Users/Luppy/PineTime/pinetime-rust-mynewt/bin/targets/nrf52_boot/app/hw/hal/hw_hal.a(hal_flash.o)
                0x0000000000001036                hal_flash_align
 .text.hal_flash_erased_val
                0x0000000000001046       0x10 /Users/Luppy/PineTime/pinetime-rust-mynewt/bin/targets/nrf52_boot/app/hw/hal/hw_hal.a(hal_flash.o)
                0x0000000000001046                hal_flash_erased_val
 .text.hal_flash_read
                0x0000000000001056       0x54 /Users/Luppy/PineTime/pinetime-rust-mynewt/bin/targets/nrf52_boot/app/hw/hal/hw_hal.a(hal_flash.o)
                0x0000000000001056                hal_flash_read
 *fill*         0x00000000000010aa        0x2 
 .text.hal_flash_write
                0x00000000000010ac       0x74 /Users/Luppy/PineTime/pinetime-rust-mynewt/bin/targets/nrf52_boot/app/hw/hal/hw_hal.a(hal_flash.o)
                0x00000000000010ac                hal_flash_write
 .text.hal_flash_erase
                0x0000000000001120       0xd0 /Users/Luppy/PineTime/pinetime-rust-mynewt/bin/targets/nrf52_boot/app/hw/hal/hw_hal.a(hal_flash.o)
                0x0000000000001120                hal_flash_erase
 .text.hal_flash_is_erased
                0x00000000000011f0       0x30 /Users/Luppy/PineTime/pinetime-rust-mynewt/bin/targets/nrf52_boot/app/hw/hal/hw_hal.a(hal_flash.o)
                0x00000000000011f0                hal_flash_is_erased
 .text.hal_flash_isempty
                0x0000000000001220       0x62 /Users/Luppy/PineTime/pinetime-rust-mynewt/bin/targets/nrf52_boot/app/hw/hal/hw_hal.a(hal_flash.o)
                0x0000000000001220                hal_flash_isempty
 *fill*         0x0000000000001282        0x2 
 .text.nrf52k_flash_wait_ready
                0x0000000000001284       0x28 /Users/Luppy/PineTime/pinetime-rust-mynewt/bin/targets/nrf52_boot/app/hw/mcu/nordic/nrf52xxx/hw_mcu_nordic_nrf52xxx.a(hal_flash.o)
 .text.nrf52k_flash_erase_sector
                0x00000000000012ac       0x54 /Users/Luppy/PineTime/pinetime-rust-mynewt/bin/targets/nrf52_boot/app/hw/mcu/nordic/nrf52xxx/hw_mcu_nordic_nrf52xxx.a(hal_flash.o)
 .text.nrf52k_flash_init
                0x0000000000001300        0x4 /Users/Luppy/PineTime/pinetime-rust-mynewt/bin/targets/nrf52_boot/app/hw/mcu/nordic/nrf52xxx/hw_mcu_nordic_nrf52xxx.a(hal_flash.o)
 .text.nrf52k_flash_sector_info
                0x0000000000001304       0x20 /Users/Luppy/PineTime/pinetime-rust-mynewt/bin/targets/nrf52_boot/app/hw/mcu/nordic/nrf52xxx/hw_mcu_nordic_nrf52xxx.a(hal_flash.o)
 .text.nrf52k_flash_write
                0x0000000000001324       0xd0 /Users/Luppy/PineTime/pinetime-rust-mynewt/bin/targets/nrf52_boot/app/hw/mcu/nordic/nrf52xxx/hw_mcu_nordic_nrf52xxx.a(hal_flash.o)
 .text.nrf52k_flash_read
                0x00000000000013f4        0xe /Users/Luppy/PineTime/pinetime-rust-mynewt/bin/targets/nrf52_boot/app/hw/mcu/nordic/nrf52xxx/hw_mcu_nordic_nrf52xxx.a(hal_flash.o)
 .text.hal_gpio_init_in
                0x0000000000001402       0x2c /Users/Luppy/PineTime/pinetime-rust-mynewt/bin/targets/nrf52_boot/app/hw/mcu/nordic/nrf52xxx/hw_mcu_nordic_nrf52xxx.a(hal_gpio.o)
                0x0000000000001402                hal_gpio_init_in
 .text.hal_gpio_init_out
                0x000000000000142e       0x38 /Users/Luppy/PineTime/pinetime-rust-mynewt/bin/targets/nrf52_boot/app/hw/mcu/nordic/nrf52xxx/hw_mcu_nordic_nrf52xxx.a(hal_gpio.o)
                0x000000000000142e                hal_gpio_init_out
 .text.hal_gpio_write
                0x0000000000001466       0x22 /Users/Luppy/PineTime/pinetime-rust-mynewt/bin/targets/nrf52_boot/app/hw/mcu/nordic/nrf52xxx/hw_mcu_nordic_nrf52xxx.a(hal_gpio.o)
                0x0000000000001466                hal_gpio_write
 .text.hal_gpio_read
                0x0000000000001488       0x34 /Users/Luppy/PineTime/pinetime-rust-mynewt/bin/targets/nrf52_boot/app/hw/mcu/nordic/nrf52xxx/hw_mcu_nordic_nrf52xxx.a(hal_gpio.o)
                0x0000000000001488                hal_gpio_read
 .text.nrf52_irqm_handler
                0x00000000000014bc       0x6e /Users/Luppy/PineTime/pinetime-rust-mynewt/bin/targets/nrf52_boot/app/hw/mcu/nordic/nrf52xxx/hw_mcu_nordic_nrf52xxx.a(hal_spi.o)
 *fill*         0x000000000000152a        0x2 
 .text.nrf52_spi0_irq_handler
                0x000000000000152c       0x18 /Users/Luppy/PineTime/pinetime-rust-mynewt/bin/targets/nrf52_boot/app/hw/mcu/nordic/nrf52xxx/hw_mcu_nordic_nrf52xxx.a(hal_spi.o)
                0x000000000000152c                nrf52_spi0_irq_handler
 .text.hal_spi_stop_transfer
                0x0000000000001544       0x14 /Users/Luppy/PineTime/pinetime-rust-mynewt/bin/targets/nrf52_boot/app/hw/mcu/nordic/nrf52xxx/hw_mcu_nordic_nrf52xxx.a(hal_spi.o)
 .text.hal_spi_config_slave
                0x0000000000001558       0x4a /Users/Luppy/PineTime/pinetime-rust-mynewt/bin/targets/nrf52_boot/app/hw/mcu/nordic/nrf52xxx/hw_mcu_nordic_nrf52xxx.a(hal_spi.o)
 *fill*         0x00000000000015a2        0x2 
 .text.hal_spi_init_master
                0x00000000000015a4       0xb8 /Users/Luppy/PineTime/pinetime-rust-mynewt/bin/targets/nrf52_boot/app/hw/mcu/nordic/nrf52xxx/hw_mcu_nordic_nrf52xxx.a(hal_spi.o)
 .text.hal_spi_config_master
                0x000000000000165c       0xde /Users/Luppy/PineTime/pinetime-rust-mynewt/bin/targets/nrf52_boot/app/hw/mcu/nordic/nrf52xxx/hw_mcu_nordic_nrf52xxx.a(hal_spi.o)
 *fill*         0x000000000000173a        0x2 
 .text.hal_spi_config
                0x000000000000173c       0x38 /Users/Luppy/PineTime/pinetime-rust-mynewt/bin/targets/nrf52_boot/app/hw/mcu/nordic/nrf52xxx/hw_mcu_nordic_nrf52xxx.a(hal_spi.o)
                0x000000000000173c                hal_spi_config
 .text.hal_spi_enable
                0x0000000000001774       0x4c /Users/Luppy/PineTime/pinetime-rust-mynewt/bin/targets/nrf52_boot/app/hw/mcu/nordic/nrf52xxx/hw_mcu_nordic_nrf52xxx.a(hal_spi.o)
                0x0000000000001774                hal_spi_enable
 .text.hal_spi_disable
                0x00000000000017c0       0x68 /Users/Luppy/PineTime/pinetime-rust-mynewt/bin/targets/nrf52_boot/app/hw/mcu/nordic/nrf52xxx/hw_mcu_nordic_nrf52xxx.a(hal_spi.o)
                0x00000000000017c0                hal_spi_disable
 .text.hal_spi_init
                0x0000000000001828       0x60 /Users/Luppy/PineTime/pinetime-rust-mynewt/bin/targets/nrf52_boot/app/hw/mcu/nordic/nrf52xxx/hw_mcu_nordic_nrf52xxx.a(hal_spi.o)
                0x0000000000001828                hal_spi_init
 .text.hal_spi_tx_val
                0x0000000000001888       0x48 /Users/Luppy/PineTime/pinetime-rust-mynewt/bin/targets/nrf52_boot/app/hw/mcu/nordic/nrf52xxx/hw_mcu_nordic_nrf52xxx.a(hal_spi.o)
                0x0000000000001888                hal_spi_tx_val
 .text.hal_spi_set_txrx_cb
                0x00000000000018d0       0x2c /Users/Luppy/PineTime/pinetime-rust-mynewt/bin/targets/nrf52_boot/app/hw/mcu/nordic/nrf52xxx/hw_mcu_nordic_nrf52xxx.a(hal_spi.o)
                0x00000000000018d0                hal_spi_set_txrx_cb
 .text.hal_spi_txrx
                0x00000000000018fc       0xac /Users/Luppy/PineTime/pinetime-rust-mynewt/bin/targets/nrf52_boot/app/hw/mcu/nordic/nrf52xxx/hw_mcu_nordic_nrf52xxx.a(hal_spi.o)
                0x00000000000018fc                hal_spi_txrx
 .text.hal_system_start
                0x00000000000019a8        0xa /Users/Luppy/PineTime/pinetime-rust-mynewt/bin/targets/nrf52_boot/app/hw/mcu/nordic/nrf52xxx/hw_mcu_nordic_nrf52xxx.a(hal_system_start.o)
                0x00000000000019a8                hal_system_start
 .text.nrf52_hal_wdt_default_handler
                0x00000000000019b2        0xe /Users/Luppy/PineTime/pinetime-rust-mynewt/bin/targets/nrf52_boot/app/hw/mcu/nordic/nrf52xxx/hw_mcu_nordic_nrf52xxx.a(hal_watchdog.o)
 .text.nrf52_wdt_irq_handler
                0x00000000000019c0       0x20 /Users/Luppy/PineTime/pinetime-rust-mynewt/bin/targets/nrf52_boot/app/hw/mcu/nordic/nrf52xxx/hw_mcu_nordic_nrf52xxx.a(hal_watchdog.o)
 .text.hal_watchdog_init
                0x00000000000019e0       0x78 /Users/Luppy/PineTime/pinetime-rust-mynewt/bin/targets/nrf52_boot/app/hw/mcu/nordic/nrf52xxx/hw_mcu_nordic_nrf52xxx.a(hal_watchdog.o)
                0x00000000000019e0                hal_watchdog_init
 .text.nrf52_periph_create_timers
                0x0000000000001a58       0x34 /Users/Luppy/PineTime/pinetime-rust-mynewt/bin/targets/nrf52_boot/app/hw/mcu/nordic/nrf52xxx/hw_mcu_nordic_nrf52xxx.a(nrf52_periph.o)
 .text.nrf52_periph_create_spi
                0x0000000000001a8c       0x20 /Users/Luppy/PineTime/pinetime-rust-mynewt/bin/targets/nrf52_boot/app/hw/mcu/nordic/nrf52xxx/hw_mcu_nordic_nrf52xxx.a(nrf52_periph.o)
 .text.nrf52_periph_create
                0x0000000000001aac        0xc /Users/Luppy/PineTime/pinetime-rust-mynewt/bin/targets/nrf52_boot/app/hw/mcu/nordic/nrf52xxx/hw_mcu_nordic_nrf52xxx.a(nrf52_periph.o)
                0x0000000000001aac                nrf52_periph_create
 .text.nrf_read_timer_cntr
                0x0000000000001ab8        0xa /Users/Luppy/PineTime/pinetime-rust-mynewt/bin/targets/nrf52_boot/app/hw/mcu/nordic/nrf52xxx/hw_mcu_nordic_nrf52xxx.a(hal_timer.o)
 *fill*         0x0000000000001ac2        0x2 
 .text.nrf_timer_set_ocmp
                0x0000000000001ac4       0xb4 /Users/Luppy/PineTime/pinetime-rust-mynewt/bin/targets/nrf52_boot/app/hw/mcu/nordic/nrf52xxx/hw_mcu_nordic_nrf52xxx.a(hal_timer.o)
 .text.nrf_timer_disable_ocmp
                0x0000000000001b78        0xa /Users/Luppy/PineTime/pinetime-rust-mynewt/bin/targets/nrf52_boot/app/hw/mcu/nordic/nrf52xxx/hw_mcu_nordic_nrf52xxx.a(hal_timer.o)
 .text.nrf_rtc_disable_ocmp
                0x0000000000001b82        0xa /Users/Luppy/PineTime/pinetime-rust-mynewt/bin/targets/nrf52_boot/app/hw/mcu/nordic/nrf52xxx/hw_mcu_nordic_nrf52xxx.a(hal_timer.o)
 .text.hal_timer_read_bsptimer
                0x0000000000001b8c       0x54 /Users/Luppy/PineTime/pinetime-rust-mynewt/bin/targets/nrf52_boot/app/hw/mcu/nordic/nrf52xxx/hw_mcu_nordic_nrf52xxx.a(hal_timer.o)
 .text.hal_timer_chk_queue
                0x0000000000001be0       0x76 /Users/Luppy/PineTime/pinetime-rust-mynewt/bin/targets/nrf52_boot/app/hw/mcu/nordic/nrf52xxx/hw_mcu_nordic_nrf52xxx.a(hal_timer.o)
 .text.hal_timer_irq_handler
                0x0000000000001c56       0x2c /Users/Luppy/PineTime/pinetime-rust-mynewt/bin/targets/nrf52_boot/app/hw/mcu/nordic/nrf52xxx/hw_mcu_nordic_nrf52xxx.a(hal_timer.o)
 *fill*         0x0000000000001c82        0x2 
 .text.nrf52_timer0_irq_handler
                0x0000000000001c84       0x10 /Users/Luppy/PineTime/pinetime-rust-mynewt/bin/targets/nrf52_boot/app/hw/mcu/nordic/nrf52xxx/hw_mcu_nordic_nrf52xxx.a(hal_timer.o)
                0x0000000000001c84                nrf52_timer0_irq_handler
 .text.hal_timer_init
                0x0000000000001c94       0x60 /Users/Luppy/PineTime/pinetime-rust-mynewt/bin/targets/nrf52_boot/app/hw/mcu/nordic/nrf52xxx/hw_mcu_nordic_nrf52xxx.a(hal_timer.o)
                0x0000000000001c94                hal_timer_init
 .text.hal_timer_config
                0x0000000000001cf4       0xf8 /Users/Luppy/PineTime/pinetime-rust-mynewt/bin/targets/nrf52_boot/app/hw/mcu/nordic/nrf52xxx/hw_mcu_nordic_nrf52xxx.a(hal_timer.o)
                0x0000000000001cf4                hal_timer_config
 .text.hal_timer_read
                0x0000000000001dec       0x30 /Users/Luppy/PineTime/pinetime-rust-mynewt/bin/targets/nrf52_boot/app/hw/mcu/nordic/nrf52xxx/hw_mcu_nordic_nrf52xxx.a(hal_timer.o)
                0x0000000000001dec                hal_timer_read
 .text.__assert_func
                0x0000000000001e1c       0x4c /Users/Luppy/PineTime/pinetime-rust-mynewt/bin/targets/nrf52_boot/app/kernel/os/kernel_os.a(os_fault.o)
                0x0000000000001e1c                __assert_func
 .text.os_default_irq
                0x0000000000001e68       0x98 /Users/Luppy/PineTime/pinetime-rust-mynewt/bin/targets/nrf52_boot/app/kernel/os/kernel_os.a(os_fault.o)
                0x0000000000001e68                os_default_irq
 .text.os_cputime_init
                0x0000000000001f00        0xc /Users/Luppy/PineTime/pinetime-rust-mynewt/bin/targets/nrf52_boot/app/kernel/os/kernel_os.a(os_cputime.o)
                0x0000000000001f00                os_cputime_init
 .text.os_cputime_get32
                0x0000000000001f0c        0xa /Users/Luppy/PineTime/pinetime-rust-mynewt/bin/targets/nrf52_boot/app/kernel/os/kernel_os.a(os_cputime.o)
                0x0000000000001f0c                os_cputime_get32
 .text.os_cputime_delay_ticks
                0x0000000000001f16       0x16 /Users/Luppy/PineTime/pinetime-rust-mynewt/bin/targets/nrf52_boot/app/kernel/os/kernel_os.a(os_cputime.o)
                0x0000000000001f16                os_cputime_delay_ticks
 .text.os_cputime_delay_usecs
                0x0000000000001f2c        0x8 /Users/Luppy/PineTime/pinetime-rust-mynewt/bin/targets/nrf52_boot/app/kernel/os/kernel_os.a(os_cputime.o)
                0x0000000000001f2c                os_cputime_delay_usecs
 .text.os_dev_initialize
                0x0000000000001f34       0x26 /Users/Luppy/PineTime/pinetime-rust-mynewt/bin/targets/nrf52_boot/app/kernel/os/kernel_os.a(os_dev.o)
 *fill*         0x0000000000001f5a        0x2 
 .text.os_dev_initialize_all
                0x0000000000001f5c       0x2c /Users/Luppy/PineTime/pinetime-rust-mynewt/bin/targets/nrf52_boot/app/kernel/os/kernel_os.a(os_dev.o)
                0x0000000000001f5c                os_dev_initialize_all
 .text.os_time_get
                0x0000000000001f88        0xc /Users/Luppy/PineTime/pinetime-rust-mynewt/bin/targets/nrf52_boot/app/kernel/os/kernel_os.a(os_time.o)
                0x0000000000001f88                os_time_get
 .text.os_time_advance
                0x0000000000001f94       0x10 /Users/Luppy/PineTime/pinetime-rust-mynewt/bin/targets/nrf52_boot/app/kernel/os/kernel_os.a(os_time.o)
                0x0000000000001f94                os_time_advance
 .text.os_time_delay
                0x0000000000001fa4        0x2 /Users/Luppy/PineTime/pinetime-rust-mynewt/bin/targets/nrf52_boot/app/kernel/os/kernel_os.a(os_time.o)
                0x0000000000001fa4                os_time_delay
 .text.timer_handler
                0x0000000000001fa6        0xa /Users/Luppy/PineTime/pinetime-rust-mynewt/bin/targets/nrf52_boot/app/kernel/os/kernel_os.a(os_arch_arm.o)
                0x0000000000001fa6                timer_handler
 .text.os_arch_save_sr
                0x0000000000001fb0        0xc /Users/Luppy/PineTime/pinetime-rust-mynewt/bin/targets/nrf52_boot/app/kernel/os/kernel_os.a(os_arch_arm.o)
                0x0000000000001fb0                os_arch_save_sr
 .text.os_arch_restore_sr
                0x0000000000001fbc        0x6 /Users/Luppy/PineTime/pinetime-rust-mynewt/bin/targets/nrf52_boot/app/kernel/os/kernel_os.a(os_arch_arm.o)
                0x0000000000001fbc                os_arch_restore_sr
 .text.os_pkg_init
                0x0000000000001fc2       0x22 /Users/Luppy/PineTime/pinetime-rust-mynewt/bin/targets/nrf52_boot/app/kernel/os/kernel_os.a(os.o)
                0x0000000000001fc2                os_pkg_init
 .text.os_eventq_init
                0x0000000000001fe4       0x10 /Users/Luppy/PineTime/pinetime-rust-mynewt/bin/targets/nrf52_boot/app/kernel/os/kernel_os.a(os_eventq.o)
                0x0000000000001fe4                os_eventq_init
 .text.os_mempool_init_internal
                0x0000000000001ff4       0x78 /Users/Luppy/PineTime/pinetime-rust-mynewt/bin/targets/nrf52_boot/app/kernel/os/kernel_os.a(os_mempool.o)
 .text.os_mempool_init
                0x000000000000206c       0x14 /Users/Luppy/PineTime/pinetime-rust-mynewt/bin/targets/nrf52_boot/app/kernel/os/kernel_os.a(os_mempool.o)
                0x000000000000206c                os_mempool_init
 .text.os_memblock_get
                0x0000000000002080       0x32 /Users/Luppy/PineTime/pinetime-rust-mynewt/bin/targets/nrf52_boot/app/kernel/os/kernel_os.a(os_mempool.o)
                0x0000000000002080                os_memblock_get
 .text.os_memblock_put_from_cb
                0x00000000000020b2       0x1e /Users/Luppy/PineTime/pinetime-rust-mynewt/bin/targets/nrf52_boot/app/kernel/os/kernel_os.a(os_mempool.o)
                0x00000000000020b2                os_memblock_put_from_cb
 .text.os_memblock_put
                0x00000000000020d0       0x26 /Users/Luppy/PineTime/pinetime-rust-mynewt/bin/targets/nrf52_boot/app/kernel/os/kernel_os.a(os_mempool.o)
                0x00000000000020d0                os_memblock_put
 *fill*         0x00000000000020f6        0x2 
 .text.os_mempool_module_init
                0x00000000000020f8       0x10 /Users/Luppy/PineTime/pinetime-rust-mynewt/bin/targets/nrf52_boot/app/kernel/os/kernel_os.a(os_mempool.o)
                0x00000000000020f8                os_mempool_module_init
 .text.os_msys_find_biggest_pool
                0x0000000000002108       0x10 /Users/Luppy/PineTime/pinetime-rust-mynewt/bin/targets/nrf52_boot/app/kernel/os/kernel_os.a(os_msys.o)
 .text.os_msys_find_pool
                0x0000000000002118       0x2c /Users/Luppy/PineTime/pinetime-rust-mynewt/bin/targets/nrf52_boot/app/kernel/os/kernel_os.a(os_msys.o)
 .text.os_msys_register
                0x0000000000002144       0x4c /Users/Luppy/PineTime/pinetime-rust-mynewt/bin/targets/nrf52_boot/app/kernel/os/kernel_os.a(os_msys.o)
                0x0000000000002144                os_msys_register
 .text.os_msys_init_once
                0x0000000000002190       0x44 /Users/Luppy/PineTime/pinetime-rust-mynewt/bin/targets/nrf52_boot/app/kernel/os/kernel_os.a(os_msys.o)
 .text.os_msys_reset
                0x00000000000021d4       0x10 /Users/Luppy/PineTime/pinetime-rust-mynewt/bin/targets/nrf52_boot/app/kernel/os/kernel_os.a(os_msys.o)
                0x00000000000021d4                os_msys_reset
 .text.os_msys_get_pkthdr
                0x00000000000021e4       0x28 /Users/Luppy/PineTime/pinetime-rust-mynewt/bin/targets/nrf52_boot/app/kernel/os/kernel_os.a(os_msys.o)
                0x00000000000021e4                os_msys_get_pkthdr
 .text.os_msys_init
                0x000000000000220c       0x34 /Users/Luppy/PineTime/pinetime-rust-mynewt/bin/targets/nrf52_boot/app/kernel/os/kernel_os.a(os_msys.o)
                0x000000000000220c                os_msys_init
 .text          0x0000000000002240       0xc8 /Users/Luppy/PineTime/pinetime-rust-mynewt/bin/targets/nrf52_boot/app/kernel/os/kernel_os.a(HAL_CM4.o)
                0x0000000000002240                os_set_env
                0x0000000000002254                os_arch_init_task_stack
                0x000000000000225a                SVC_Handler
                0x00000000000022a0                PendSV_Handler
                0x00000000000022ca                SysTick_Handler
                0x00000000000022d6                os_default_irq_asm
 .text.os_mbuf_pool_init
                0x0000000000002308        0xa /Users/Luppy/PineTime/pinetime-rust-mynewt/bin/targets/nrf52_boot/app/kernel/os/kernel_os.a(os_mbuf.o)
                0x0000000000002308                os_mbuf_pool_init
 .text.os_mbuf_get
                0x0000000000002312       0x32 /Users/Luppy/PineTime/pinetime-rust-mynewt/bin/targets/nrf52_boot/app/kernel/os/kernel_os.a(os_mbuf.o)
                0x0000000000002312                os_mbuf_get
 .text.os_mbuf_get_pkthdr
                0x0000000000002344       0x36 /Users/Luppy/PineTime/pinetime-rust-mynewt/bin/targets/nrf52_boot/app/kernel/os/kernel_os.a(os_mbuf.o)
                0x0000000000002344                os_mbuf_get_pkthdr
 .text.os_mbuf_free
                0x000000000000237a       0x14 /Users/Luppy/PineTime/pinetime-rust-mynewt/bin/targets/nrf52_boot/app/kernel/os/kernel_os.a(os_mbuf.o)
                0x000000000000237a                os_mbuf_free
 .text.os_mbuf_free_chain
                0x000000000000238e       0x24 /Users/Luppy/PineTime/pinetime-rust-mynewt/bin/targets/nrf52_boot/app/kernel/os/kernel_os.a(os_mbuf.o)
                0x000000000000238e                os_mbuf_free_chain
 .text.os_mbuf_len
                0x00000000000023b2       0x14 /Users/Luppy/PineTime/pinetime-rust-mynewt/bin/targets/nrf52_boot/app/kernel/os/kernel_os.a(os_mbuf.o)
                0x00000000000023b2                os_mbuf_len
 .text.os_mbuf_append
                0x00000000000023c6       0xa8 /Users/Luppy/PineTime/pinetime-rust-mynewt/bin/targets/nrf52_boot/app/kernel/os/kernel_os.a(os_mbuf.o)
                0x00000000000023c6                os_mbuf_append
 .text.os_mutex_init
                0x000000000000246e       0x14 /Users/Luppy/PineTime/pinetime-rust-mynewt/bin/targets/nrf52_boot/app/kernel/os/kernel_os.a(os_mutex.o)
                0x000000000000246e                os_mutex_init
 .text.memcmp   0x0000000000002482       0x48 /Users/Luppy/PineTime/pinetime-rust-mynewt/bin/targets/nrf52_boot/app/libc/baselibc/libc_baselibc.a(memcmp.o)
                0x0000000000002482                memcmp
 .text.memcpy   0x00000000000024ca       0x1a /Users/Luppy/PineTime/pinetime-rust-mynewt/bin/targets/nrf52_boot/app/libc/baselibc/libc_baselibc.a(memcpy.o)
                0x00000000000024ca                memcpy
 .text.memset   0x00000000000024e4       0x38 /Users/Luppy/PineTime/pinetime-rust-mynewt/bin/targets/nrf52_boot/app/libc/baselibc/libc_baselibc.a(memset.o)
                0x00000000000024e4                memset
 .text.console_write
                0x000000000000251c       0x1e /Users/Luppy/PineTime/pinetime-rust-mynewt/bin/targets/nrf52_boot/app/libs/semihosting_console/libs_semihosting_console.a(console.o)
                0x000000000000251c                console_write
 .text.console_blocking_mode
                0x000000000000253a        0x8 /Users/Luppy/PineTime/pinetime-rust-mynewt/bin/targets/nrf52_boot/app/libs/semihosting_console/libs_semihosting_console.a(console.o)
                0x000000000000253a                console_blocking_mode
 *fill*         0x0000000000002542        0x2 
 .text.console_pkg_init
                0x0000000000002544       0x38 /Users/Luppy/PineTime/pinetime-rust-mynewt/bin/targets/nrf52_boot/app/libs/semihosting_console/libs_semihosting_console.a(console.o)
                0x0000000000002544                console_pkg_init
 .text.console_printf
                0x000000000000257c       0x48 /Users/Luppy/PineTime/pinetime-rust-mynewt/bin/targets/nrf52_boot/app/libs/semihosting_console/libs_semihosting_console.a(console_fmt.o)
                0x000000000000257c                console_printf
 .text.__semihost
                0x00000000000025c4       0x24 /Users/Luppy/PineTime/pinetime-rust-mynewt/bin/targets/nrf52_boot/app/libs/semihosting_console/libs_semihosting_console.a(semihosting_console.o)
 .text.debugger_connected
                0x00000000000025e8       0x10 /Users/Luppy/PineTime/pinetime-rust-mynewt/bin/targets/nrf52_boot/app/libs/semihosting_console/libs_semihosting_console.a(semihosting_console.o)
 .text.semihost_write
                0x00000000000025f8       0x2e /Users/Luppy/PineTime/pinetime-rust-mynewt/bin/targets/nrf52_boot/app/libs/semihosting_console/libs_semihosting_console.a(semihosting_console.o)
 *fill*         0x0000000000002626        0x2 
 .text.console_flush
                0x0000000000002628       0x48 /Users/Luppy/PineTime/pinetime-rust-mynewt/bin/targets/nrf52_boot/app/libs/semihosting_console/libs_semihosting_console.a(semihosting_console.o)
                0x0000000000002628                console_flush
 .text.disable_buffer
                0x0000000000002670        0x8 /Users/Luppy/PineTime/pinetime-rust-mynewt/bin/targets/nrf52_boot/app/libs/semihosting_console/libs_semihosting_console.a(semihosting_console.o)
                0x0000000000002670                disable_buffer
 .text.console_buffer
                0x0000000000002678       0x54 /Users/Luppy/PineTime/pinetime-rust-mynewt/bin/targets/nrf52_boot/app/libs/semihosting_console/libs_semihosting_console.a(semihosting_console.o)
                0x0000000000002678                console_buffer
 .text.semihosting_console_write_ch
                0x00000000000026cc       0x1c /Users/Luppy/PineTime/pinetime-rust-mynewt/bin/targets/nrf52_boot/app/libs/semihosting_console/libs_semihosting_console.a(semihosting_console.o)
 .text.console_out_nolock
                0x00000000000026e8       0x3c /Users/Luppy/PineTime/pinetime-rust-mynewt/bin/targets/nrf52_boot/app/libs/semihosting_console/libs_semihosting_console.a(semihosting_console.o)
                0x00000000000026e8                console_out_nolock
 .text.semihosting_console_init
                0x0000000000002724        0x4 /Users/Luppy/PineTime/pinetime-rust-mynewt/bin/targets/nrf52_boot/app/libs/semihosting_console/libs_semihosting_console.a(semihosting_console.o)
                0x0000000000002724                semihosting_console_init
 .text.console_get_ticks
                0x0000000000002728        0xc /Users/Luppy/PineTime/pinetime-rust-mynewt/bin/targets/nrf52_boot/app/libs/semihosting_console/libs_semihosting_console.a(ticks.o)
                0x0000000000002728                console_get_ticks
 .text.sysinit_dflt_panic_cb
                0x0000000000002734        0x6 /Users/Luppy/PineTime/pinetime-rust-mynewt/bin/targets/nrf52_boot/app/sys/sysinit/sys_sysinit.a(sysinit.o)
 *fill*         0x000000000000273a        0x2 
 .text.sysinit_start
                0x000000000000273c        0xc /Users/Luppy/PineTime/pinetime-rust-mynewt/bin/targets/nrf52_boot/app/sys/sysinit/sys_sysinit.a(sysinit.o)
                0x000000000000273c                sysinit_start
 .text.sysinit_end
                0x0000000000002748        0xc /Users/Luppy/PineTime/pinetime-rust-mynewt/bin/targets/nrf52_boot/app/sys/sysinit/sys_sysinit.a(sysinit.o)
                0x0000000000002748                sysinit_end
 .text.mem_init_mbuf_pool
                0x0000000000002754       0x30 /Users/Luppy/PineTime/pinetime-rust-mynewt/bin/targets/nrf52_boot/app/util/mem/util_mem.a(mem.o)
                0x0000000000002754                mem_init_mbuf_pool
 .text.sysinit_app
                0x0000000000002784       0x18 /Users/Luppy/PineTime/pinetime-rust-mynewt/bin/targets/nrf52_boot/generated/bin/nrf52_boot-sysinit-app.a(nrf52_boot-sysinit-app.o)
                0x0000000000002784                sysinit_app
 .text.boot_is_header_valid
                0x000000000000279c       0x40 /Users/Luppy/PineTime/pinetime-rust-mynewt/bin/targets/nrf52_boot/app/boot/bootutil/boot_bootutil.a(loader.o)
 .text.boot_write_sz
                0x00000000000027dc       0x1c /Users/Luppy/PineTime/pinetime-rust-mynewt/bin/targets/nrf52_boot/app/boot/bootutil/boot_bootutil.a(loader.o)
 .text.boot_read_image_size
                0x00000000000027f8       0x9c /Users/Luppy/PineTime/pinetime-rust-mynewt/bin/targets/nrf52_boot/app/boot/bootutil/boot_bootutil.a(loader.o)
 .text.boot_check_header_erased
                0x0000000000002894       0x54 /Users/Luppy/PineTime/pinetime-rust-mynewt/bin/targets/nrf52_boot/app/boot/bootutil/boot_bootutil.a(loader.o)
 .text.boot_initialize_area
                0x00000000000028e8       0x48 /Users/Luppy/PineTime/pinetime-rust-mynewt/bin/targets/nrf52_boot/app/boot/bootutil/boot_bootutil.a(loader.o)
 .text.boot_read_sectors
                0x0000000000002930       0x3a /Users/Luppy/PineTime/pinetime-rust-mynewt/bin/targets/nrf52_boot/app/boot/bootutil/boot_bootutil.a(loader.o)
 *fill*         0x000000000000296a        0x2 
 .text.boot_image_check
                0x000000000000296c       0x34 /Users/Luppy/PineTime/pinetime-rust-mynewt/bin/targets/nrf52_boot/app/boot/bootutil/boot_bootutil.a(loader.o)
 .text.boot_validate_slot
                0x00000000000029a0       0x98 /Users/Luppy/PineTime/pinetime-rust-mynewt/bin/targets/nrf52_boot/app/boot/bootutil/boot_bootutil.a(loader.o)
 .text.boot_validated_swap_type
                0x0000000000002a38       0x38 /Users/Luppy/PineTime/pinetime-rust-mynewt/bin/targets/nrf52_boot/app/boot/bootutil/boot_bootutil.a(loader.o)
 .text.boot_read_image_headers
                0x0000000000002a70       0x36 /Users/Luppy/PineTime/pinetime-rust-mynewt/bin/targets/nrf52_boot/app/boot/bootutil/boot_bootutil.a(loader.o)
 .text.boot_status_reset
                0x0000000000002aa6       0x14 /Users/Luppy/PineTime/pinetime-rust-mynewt/bin/targets/nrf52_boot/app/boot/bootutil/boot_bootutil.a(loader.o)
                0x0000000000002aa6                boot_status_reset
 .text.boot_status_is_reset
                0x0000000000002aba       0x22 /Users/Luppy/PineTime/pinetime-rust-mynewt/bin/targets/nrf52_boot/app/boot/bootutil/boot_bootutil.a(loader.o)
                0x0000000000002aba                boot_status_is_reset
 .text.boot_swap_image
                0x0000000000002adc       0x9c /Users/Luppy/PineTime/pinetime-rust-mynewt/bin/targets/nrf52_boot/app/boot/bootutil/boot_bootutil.a(loader.o)
 .text.boot_complete_partial_swap
                0x0000000000002b78       0x84 /Users/Luppy/PineTime/pinetime-rust-mynewt/bin/targets/nrf52_boot/app/boot/bootutil/boot_bootutil.a(loader.o)
 .text.boot_perform_update
                0x0000000000002bfc       0x58 /Users/Luppy/PineTime/pinetime-rust-mynewt/bin/targets/nrf52_boot/app/boot/bootutil/boot_bootutil.a(loader.o)
 .text.boot_prepare_image_for_update
                0x0000000000002c54       0xe4 /Users/Luppy/PineTime/pinetime-rust-mynewt/bin/targets/nrf52_boot/app/boot/bootutil/boot_bootutil.a(loader.o)
 .text.boot_write_status
                0x0000000000002d38       0x68 /Users/Luppy/PineTime/pinetime-rust-mynewt/bin/targets/nrf52_boot/app/boot/bootutil/boot_bootutil.a(loader.o)
                0x0000000000002d38                boot_write_status
 .text.boot_erase_region
                0x0000000000002da0        0x8 /Users/Luppy/PineTime/pinetime-rust-mynewt/bin/targets/nrf52_boot/app/boot/bootutil/boot_bootutil.a(loader.o)
                0x0000000000002da0                boot_erase_region
 .text.boot_copy_region
                0x0000000000002da8       0x58 /Users/Luppy/PineTime/pinetime-rust-mynewt/bin/targets/nrf52_boot/app/boot/bootutil/boot_bootutil.a(loader.o)
                0x0000000000002da8                boot_copy_region
 .text.context_boot_go
                0x0000000000002e00      0x140 /Users/Luppy/PineTime/pinetime-rust-mynewt/bin/targets/nrf52_boot/app/boot/bootutil/boot_bootutil.a(loader.o)
                0x0000000000002e00                context_boot_go
 .text.boot_go  0x0000000000002f40       0x10 /Users/Luppy/PineTime/pinetime-rust-mynewt/bin/targets/nrf52_boot/app/boot/bootutil/boot_bootutil.a(loader.o)
                0x0000000000002f40                boot_go
 .text.swap_erase_trailer_sectors
                0x0000000000002f50       0x84 /Users/Luppy/PineTime/pinetime-rust-mynewt/bin/targets/nrf52_boot/app/boot/bootutil/boot_bootutil.a(swap_misc.o)
                0x0000000000002f50                swap_erase_trailer_sectors
 .text.swap_status_init
                0x0000000000002fd4       0x8a /Users/Luppy/PineTime/pinetime-rust-mynewt/bin/targets/nrf52_boot/app/boot/bootutil/boot_bootutil.a(swap_misc.o)
                0x0000000000002fd4                swap_status_init
 .text.swap_read_status
                0x000000000000305e       0x7c /Users/Luppy/PineTime/pinetime-rust-mynewt/bin/targets/nrf52_boot/app/boot/bootutil/boot_bootutil.a(swap_misc.o)
                0x000000000000305e                swap_read_status
 .text.swap_set_copy_done
                0x00000000000030da       0x1e /Users/Luppy/PineTime/pinetime-rust-mynewt/bin/targets/nrf52_boot/app/boot/bootutil/boot_bootutil.a(swap_misc.o)
                0x00000000000030da                swap_set_copy_done
 .text.swap_set_image_ok
                0x00000000000030f8       0x3a /Users/Luppy/PineTime/pinetime-rust-mynewt/bin/targets/nrf52_boot/app/boot/bootutil/boot_bootutil.a(swap_misc.o)
                0x00000000000030f8                swap_set_image_ok
 .text.boot_copy_sz
                0x0000000000003132       0x2e /Users/Luppy/PineTime/pinetime-rust-mynewt/bin/targets/nrf52_boot/app/boot/bootutil/boot_bootutil.a(swap_scratch.o)
 .text.boot_swap_sectors
                0x0000000000003160      0x332 /Users/Luppy/PineTime/pinetime-rust-mynewt/bin/targets/nrf52_boot/app/boot/bootutil/boot_bootutil.a(swap_scratch.o)
 .text.boot_read_image_header
                0x0000000000003492       0x34 /Users/Luppy/PineTime/pinetime-rust-mynewt/bin/targets/nrf52_boot/app/boot/bootutil/boot_bootutil.a(swap_scratch.o)
                0x0000000000003492                boot_read_image_header
 *fill*         0x00000000000034c6        0x2 
 .text.swap_read_status_bytes
                0x00000000000034c8       0xbc /Users/Luppy/PineTime/pinetime-rust-mynewt/bin/targets/nrf52_boot/app/boot/bootutil/boot_bootutil.a(swap_scratch.o)
                0x00000000000034c8                swap_read_status_bytes
 .text.boot_status_internal_off
                0x0000000000003584       0x1a /Users/Luppy/PineTime/pinetime-rust-mynewt/bin/targets/nrf52_boot/app/boot/bootutil/boot_bootutil.a(swap_scratch.o)
                0x0000000000003584                boot_status_internal_off
 *fill*         0x000000000000359e        0x2 
 .text.boot_slots_compatible
                0x00000000000035a0      0x100 /Users/Luppy/PineTime/pinetime-rust-mynewt/bin/targets/nrf52_boot/app/boot/bootutil/boot_bootutil.a(swap_scratch.o)
                0x00000000000035a0                boot_slots_compatible
 .text.swap_status_source
                0x00000000000036a0      0x13c /Users/Luppy/PineTime/pinetime-rust-mynewt/bin/targets/nrf52_boot/app/boot/bootutil/boot_bootutil.a(swap_scratch.o)
                0x00000000000036a0                swap_status_source
 .text.swap_run
                0x00000000000037dc       0x7e /Users/Luppy/PineTime/pinetime-rust-mynewt/bin/targets/nrf52_boot/app/boot/bootutil/boot_bootutil.a(swap_scratch.o)
                0x00000000000037dc                swap_run
 .text.boot_flag_decode
                0x000000000000385a        0xc /Users/Luppy/PineTime/pinetime-rust-mynewt/bin/targets/nrf52_boot/app/boot/bootutil/boot_bootutil.a(bootutil_misc.o)
 *fill*         0x0000000000003866        0x2 
 .text.boot_magic_decode
                0x0000000000003868       0x18 /Users/Luppy/PineTime/pinetime-rust-mynewt/bin/targets/nrf52_boot/app/boot/bootutil/boot_bootutil.a(bootutil_misc.o)
 .text.boot_find_status
                0x0000000000003880       0x60 /Users/Luppy/PineTime/pinetime-rust-mynewt/bin/targets/nrf52_boot/app/boot/bootutil/boot_bootutil.a(bootutil_misc.o)
 .text.boot_write_trailer
                0x00000000000038e0       0x6a /Users/Luppy/PineTime/pinetime-rust-mynewt/bin/targets/nrf52_boot/app/boot/bootutil/boot_bootutil.a(bootutil_misc.o)
 .text.boot_write_trailer_flag
                0x000000000000394a       0x16 /Users/Luppy/PineTime/pinetime-rust-mynewt/bin/targets/nrf52_boot/app/boot/bootutil/boot_bootutil.a(bootutil_misc.o)
 .text.boot_magic_compatible_check
                0x0000000000003960       0x20 /Users/Luppy/PineTime/pinetime-rust-mynewt/bin/targets/nrf52_boot/app/boot/bootutil/boot_bootutil.a(bootutil_misc.o)
                0x0000000000003960                boot_magic_compatible_check
 .text.boot_status_sz
                0x0000000000003980        0x8 /Users/Luppy/PineTime/pinetime-rust-mynewt/bin/targets/nrf52_boot/app/boot/bootutil/boot_bootutil.a(bootutil_misc.o)
                0x0000000000003980                boot_status_sz
 .text.boot_trailer_sz
                0x0000000000003988        0xa /Users/Luppy/PineTime/pinetime-rust-mynewt/bin/targets/nrf52_boot/app/boot/bootutil/boot_bootutil.a(bootutil_misc.o)
                0x0000000000003988                boot_trailer_sz
 .text.boot_status_entries
                0x0000000000003992       0x1e /Users/Luppy/PineTime/pinetime-rust-mynewt/bin/targets/nrf52_boot/app/boot/bootutil/boot_bootutil.a(bootutil_misc.o)
                0x0000000000003992                boot_status_entries
 .text.boot_status_off
                0x00000000000039b0       0x22 /Users/Luppy/PineTime/pinetime-rust-mynewt/bin/targets/nrf52_boot/app/boot/bootutil/boot_bootutil.a(bootutil_misc.o)
                0x00000000000039b0                boot_status_off
 .text.boot_swap_info_off
                0x00000000000039d2        0x6 /Users/Luppy/PineTime/pinetime-rust-mynewt/bin/targets/nrf52_boot/app/boot/bootutil/boot_bootutil.a(bootutil_misc.o)
                0x00000000000039d2                boot_swap_info_off
 .text.boot_read_swap_state
                0x00000000000039d8       0xc0 /Users/Luppy/PineTime/pinetime-rust-mynewt/bin/targets/nrf52_boot/app/boot/bootutil/boot_bootutil.a(bootutil_misc.o)
                0x00000000000039d8                boot_read_swap_state
 .text.boot_read_swap_state_by_id
                0x0000000000003a98       0x20 /Users/Luppy/PineTime/pinetime-rust-mynewt/bin/targets/nrf52_boot/app/boot/bootutil/boot_bootutil.a(bootutil_misc.o)
                0x0000000000003a98                boot_read_swap_state_by_id
 .text.boot_read_swap_size
                0x0000000000003ab8       0x30 /Users/Luppy/PineTime/pinetime-rust-mynewt/bin/targets/nrf52_boot/app/boot/bootutil/boot_bootutil.a(bootutil_misc.o)
                0x0000000000003ab8                boot_read_swap_size
 .text.boot_write_magic
                0x0000000000003ae8       0x20 /Users/Luppy/PineTime/pinetime-rust-mynewt/bin/targets/nrf52_boot/app/boot/bootutil/boot_bootutil.a(bootutil_misc.o)
                0x0000000000003ae8                boot_write_magic
 .text.boot_write_copy_done
                0x0000000000003b08        0xe /Users/Luppy/PineTime/pinetime-rust-mynewt/bin/targets/nrf52_boot/app/boot/bootutil/boot_bootutil.a(bootutil_misc.o)
                0x0000000000003b08                boot_write_copy_done
 .text.boot_write_image_ok
                0x0000000000003b16        0xe /Users/Luppy/PineTime/pinetime-rust-mynewt/bin/targets/nrf52_boot/app/boot/bootutil/boot_bootutil.a(bootutil_misc.o)
                0x0000000000003b16                boot_write_image_ok
 .text.boot_write_swap_info
                0x0000000000003b24       0x44 /Users/Luppy/PineTime/pinetime-rust-mynewt/bin/targets/nrf52_boot/app/boot/bootutil/boot_bootutil.a(bootutil_misc.o)
                0x0000000000003b24                boot_write_swap_info
 .text.boot_write_swap_size
                0x0000000000003b68       0x22 /Users/Luppy/PineTime/pinetime-rust-mynewt/bin/targets/nrf52_boot/app/boot/bootutil/boot_bootutil.a(bootutil_misc.o)
                0x0000000000003b68                boot_write_swap_size
 *fill*         0x0000000000003b8a        0x2 
 .text.boot_swap_type_multi
                0x0000000000003b8c       0xd8 /Users/Luppy/PineTime/pinetime-rust-mynewt/bin/targets/nrf52_boot/app/boot/bootutil/boot_bootutil.a(bootutil_misc.o)
                0x0000000000003b8c                boot_swap_type_multi
 .text.bootutil_img_hash
                0x0000000000003c64       0x7e /Users/Luppy/PineTime/pinetime-rust-mynewt/bin/targets/nrf52_boot/app/boot/bootutil/boot_bootutil.a(image_validate.o)
 .text.bootutil_img_validate
                0x0000000000003ce2       0xba /Users/Luppy/PineTime/pinetime-rust-mynewt/bin/targets/nrf52_boot/app/boot/bootutil/boot_bootutil.a(image_validate.o)
                0x0000000000003ce2                bootutil_img_validate
 .text.bootutil_tlv_iter_begin
                0x0000000000003d9c       0xca /Users/Luppy/PineTime/pinetime-rust-mynewt/bin/targets/nrf52_boot/app/boot/bootutil/boot_bootutil.a(tlv.o)
                0x0000000000003d9c                bootutil_tlv_iter_begin
 .text.bootutil_tlv_iter_next
                0x0000000000003e66       0xb8 /Users/Luppy/PineTime/pinetime-rust-mynewt/bin/targets/nrf52_boot/app/boot/bootutil/boot_bootutil.a(tlv.o)
                0x0000000000003e66                bootutil_tlv_iter_next
 .text.flash_area_id_from_multi_image_slot
                0x0000000000003f1e       0x12 /Users/Luppy/PineTime/pinetime-rust-mynewt/bin/targets/nrf52_boot/app/boot/mynewt/flash_map_backend/boot_mynewt_flash_map_backend.a(flash_map_extended.o)
                0x0000000000003f1e                flash_area_id_from_multi_image_slot
 .text.mbedtls_sha256_init
                0x0000000000003f30        0xc /Users/Luppy/PineTime/pinetime-rust-mynewt/bin/targets/nrf52_boot/app/crypto/mbedtls/crypto_mbedtls.a(sha256.o)
                0x0000000000003f30                mbedtls_sha256_init
 .text.mbedtls_sha256_starts_ret
                0x0000000000003f3c       0xa4 /Users/Luppy/PineTime/pinetime-rust-mynewt/bin/targets/nrf52_boot/app/crypto/mbedtls/crypto_mbedtls.a(sha256.o)
                0x0000000000003f3c                mbedtls_sha256_starts_ret
 .text.mbedtls_internal_sha256_process
                0x0000000000003fe0      0x128 /Users/Luppy/PineTime/pinetime-rust-mynewt/bin/targets/nrf52_boot/app/crypto/mbedtls/crypto_mbedtls.a(sha256.o)
                0x0000000000003fe0                mbedtls_internal_sha256_process
 .text.mbedtls_sha256_update_ret
                0x0000000000004108       0x86 /Users/Luppy/PineTime/pinetime-rust-mynewt/bin/targets/nrf52_boot/app/crypto/mbedtls/crypto_mbedtls.a(sha256.o)
                0x0000000000004108                mbedtls_sha256_update_ret
 .text.mbedtls_sha256_finish_ret
                0x000000000000418e      0x13e /Users/Luppy/PineTime/pinetime-rust-mynewt/bin/targets/nrf52_boot/app/crypto/mbedtls/crypto_mbedtls.a(sha256.o)
                0x000000000000418e                mbedtls_sha256_finish_ret
 .text.fwrite   0x00000000000042cc       0x1e /Users/Luppy/PineTime/pinetime-rust-mynewt/bin/targets/nrf52_boot/app/libc/baselibc/libc_baselibc.a(inline.o)
                0x00000000000042cc                fwrite
 *fill*         0x00000000000042ea        0x2 
 .text.puts     0x00000000000042ec       0x34 /Users/Luppy/PineTime/pinetime-rust-mynewt/bin/targets/nrf52_boot/app/libc/baselibc/libc_baselibc.a(inline.o)
                0x00000000000042ec                puts
 .text.stdin_read
                0x0000000000004320        0x4 /Users/Luppy/PineTime/pinetime-rust-mynewt/bin/targets/nrf52_boot/app/libc/baselibc/libc_baselibc.a(mynewt.o)
 .text.stdout_write
                0x0000000000004324       0x10 /Users/Luppy/PineTime/pinetime-rust-mynewt/bin/targets/nrf52_boot/app/libc/baselibc/libc_baselibc.a(mynewt.o)
 .text.strlen   0x0000000000004334       0x10 /Users/Luppy/PineTime/pinetime-rust-mynewt/bin/targets/nrf52_boot/app/libc/baselibc/libc_baselibc.a(strlen.o)
                0x0000000000004334                strlen
 .text.ui2a     0x0000000000004344       0xc0 /Users/Luppy/PineTime/pinetime-rust-mynewt/bin/targets/nrf52_boot/app/libc/baselibc/libc_baselibc.a(tinyprintf.o)
 .text.i2a      0x0000000000004404       0x20 /Users/Luppy/PineTime/pinetime-rust-mynewt/bin/targets/nrf52_boot/app/libc/baselibc/libc_baselibc.a(tinyprintf.o)
 .text.a2d      0x0000000000004424       0x30 /Users/Luppy/PineTime/pinetime-rust-mynewt/bin/targets/nrf52_boot/app/libc/baselibc/libc_baselibc.a(tinyprintf.o)
 .text.a2i      0x0000000000004454       0x36 /Users/Luppy/PineTime/pinetime-rust-mynewt/bin/targets/nrf52_boot/app/libc/baselibc/libc_baselibc.a(tinyprintf.o)
 .text.putf     0x000000000000448a       0x2a /Users/Luppy/PineTime/pinetime-rust-mynewt/bin/targets/nrf52_boot/app/libc/baselibc/libc_baselibc.a(tinyprintf.o)
 .text.putchw   0x00000000000044b4      0x11c /Users/Luppy/PineTime/pinetime-rust-mynewt/bin/targets/nrf52_boot/app/libc/baselibc/libc_baselibc.a(tinyprintf.o)
 .text.intarg   0x00000000000045d0       0x64 /Users/Luppy/PineTime/pinetime-rust-mynewt/bin/targets/nrf52_boot/app/libc/baselibc/libc_baselibc.a(tinyprintf.o)
 .text.tfp_format
                0x0000000000004634      0x25c /Users/Luppy/PineTime/pinetime-rust-mynewt/bin/targets/nrf52_boot/app/libc/baselibc/libc_baselibc.a(tinyprintf.o)
                0x0000000000004634                tfp_format
 .text.vfprintf
                0x0000000000004890        0x8 /Users/Luppy/PineTime/pinetime-rust-mynewt/bin/targets/nrf52_boot/app/libc/baselibc/libc_baselibc.a(tinyprintf.o)
                0x0000000000004890                vfprintf
 .text.printf   0x0000000000004898       0x24 /Users/Luppy/PineTime/pinetime-rust-mynewt/bin/targets/nrf52_boot/app/libc/baselibc/libc_baselibc.a(tinyprintf.o)
                0x0000000000004898                printf
 .text.vprintf  0x00000000000048bc       0x14 /Users/Luppy/PineTime/pinetime-rust-mynewt/bin/targets/nrf52_boot/app/libc/baselibc/libc_baselibc.a(vprintf.o)
                0x00000000000048bc                vprintf
 .text.flash_map_read_mfg
                0x00000000000048d0       0x78 /Users/Luppy/PineTime/pinetime-rust-mynewt/bin/targets/nrf52_boot/app/sys/flash_map/sys_flash_map.a(flash_map.o)
 .text.flash_area_open
                0x0000000000004948       0x40 /Users/Luppy/PineTime/pinetime-rust-mynewt/bin/targets/nrf52_boot/app/sys/flash_map/sys_flash_map.a(flash_map.o)
                0x0000000000004948                flash_area_open
 .text.flash_area_to_sectors
                0x0000000000004988       0x7c /Users/Luppy/PineTime/pinetime-rust-mynewt/bin/targets/nrf52_boot/app/sys/flash_map/sys_flash_map.a(flash_map.o)
                0x0000000000004988                flash_area_to_sectors
 .text.flash_area_read
                0x0000000000004a04       0x26 /Users/Luppy/PineTime/pinetime-rust-mynewt/bin/targets/nrf52_boot/app/sys/flash_map/sys_flash_map.a(flash_map.o)
                0x0000000000004a04                flash_area_read
 .text.flash_area_write
                0x0000000000004a2a       0x26 /Users/Luppy/PineTime/pinetime-rust-mynewt/bin/targets/nrf52_boot/app/sys/flash_map/sys_flash_map.a(flash_map.o)
                0x0000000000004a2a                flash_area_write
 .text.flash_area_erase
                0x0000000000004a50       0x26 /Users/Luppy/PineTime/pinetime-rust-mynewt/bin/targets/nrf52_boot/app/sys/flash_map/sys_flash_map.a(flash_map.o)
                0x0000000000004a50                flash_area_erase
 .text.flash_area_align
                0x0000000000004a76        0xa /Users/Luppy/PineTime/pinetime-rust-mynewt/bin/targets/nrf52_boot/app/sys/flash_map/sys_flash_map.a(flash_map.o)
                0x0000000000004a76                flash_area_align
 .text.flash_area_erased_val
                0x0000000000004a80        0xa /Users/Luppy/PineTime/pinetime-rust-mynewt/bin/targets/nrf52_boot/app/sys/flash_map/sys_flash_map.a(flash_map.o)
                0x0000000000004a80                flash_area_erased_val
 .text.flash_area_read_is_empty
                0x0000000000004a8a        0xe /Users/Luppy/PineTime/pinetime-rust-mynewt/bin/targets/nrf52_boot/app/sys/flash_map/sys_flash_map.a(flash_map.o)
                0x0000000000004a8a                flash_area_read_is_empty
 .text.flash_map_init
                0x0000000000004a98       0x5c /Users/Luppy/PineTime/pinetime-rust-mynewt/bin/targets/nrf52_boot/app/sys/flash_map/sys_flash_map.a(flash_map.o)
                0x0000000000004a98                flash_map_init
 .text.modlog_init
                0x0000000000004af4        0x2 /Users/Luppy/PineTime/pinetime-rust-mynewt/bin/targets/nrf52_boot/app/sys/log/modlog/sys_log_modlog.a(modlog.o)
                0x0000000000004af4                modlog_init
 *fill*         0x0000000000004af6        0x2 
 .text.mfg_seek_next_aux
                0x0000000000004af8       0x94 /Users/Luppy/PineTime/pinetime-rust-mynewt/bin/targets/nrf52_boot/app/sys/mfg/sys_mfg.a(mfg.o)
 .text.mfg_read_mmr
                0x0000000000004b8c       0x70 /Users/Luppy/PineTime/pinetime-rust-mynewt/bin/targets/nrf52_boot/app/sys/mfg/sys_mfg.a(mfg.o)
 .text.mfg_read_next_mmr
                0x0000000000004bfc       0x54 /Users/Luppy/PineTime/pinetime-rust-mynewt/bin/targets/nrf52_boot/app/sys/mfg/sys_mfg.a(mfg.o)
 .text.mfg_open_flash_area
                0x0000000000004c50       0x3c /Users/Luppy/PineTime/pinetime-rust-mynewt/bin/targets/nrf52_boot/app/sys/mfg/sys_mfg.a(mfg.o)
 .text.mfg_read_tlv_body
                0x0000000000004c8c       0x44 /Users/Luppy/PineTime/pinetime-rust-mynewt/bin/targets/nrf52_boot/app/sys/mfg/sys_mfg.a(mfg.o)
 .text.mfg_seek_next
                0x0000000000004cd0       0x12 /Users/Luppy/PineTime/pinetime-rust-mynewt/bin/targets/nrf52_boot/app/sys/mfg/sys_mfg.a(mfg.o)
                0x0000000000004cd0                mfg_seek_next
 .text.mfg_seek_next_with_type
                0x0000000000004ce2       0x1a /Users/Luppy/PineTime/pinetime-rust-mynewt/bin/targets/nrf52_boot/app/sys/mfg/sys_mfg.a(mfg.o)
                0x0000000000004ce2                mfg_seek_next_with_type
 .text.mfg_read_tlv_flash_area
                0x0000000000004cfc        0xa /Users/Luppy/PineTime/pinetime-rust-mynewt/bin/targets/nrf52_boot/app/sys/mfg/sys_mfg.a(mfg.o)
                0x0000000000004cfc                mfg_read_tlv_flash_area
 .text.mfg_read_tlv_mmr_ref
                0x0000000000004d06        0xa /Users/Luppy/PineTime/pinetime-rust-mynewt/bin/targets/nrf52_boot/app/sys/mfg/sys_mfg.a(mfg.o)
                0x0000000000004d06                mfg_read_tlv_mmr_ref
 .text.mfg_init
                0x0000000000004d10       0x24 /Users/Luppy/PineTime/pinetime-rust-mynewt/bin/targets/nrf52_boot/app/sys/mfg/sys_mfg.a(mfg.o)
                0x0000000000004d10                mfg_init
 .text.mfg_open
                0x0000000000004d34       0x10 /Users/Luppy/PineTime/pinetime-rust-mynewt/bin/targets/nrf52_boot/app/sys/mfg/sys_mfg.a(mfg.o)
                0x0000000000004d34                mfg_open
 .text.mfg_read_mmr_refs
                0x0000000000004d44       0x4e /Users/Luppy/PineTime/pinetime-rust-mynewt/bin/targets/nrf52_boot/app/sys/mfg/sys_mfg.a(mfg.o)
 *fill*         0x0000000000004d92        0x2 
 .text          0x0000000000004d94       0x30 /usr/local/Cellar/arm-none-eabi-gcc/7-2018-q2-update/gcc/bin/../lib/gcc/arm-none-eabi/7.3.1/thumb/v7e-m/libgcc.a(_aeabi_uldivmod.o)
                0x0000000000004d94                __aeabi_uldivmod
 .text          0x0000000000004dc4      0x2cc /usr/local/Cellar/arm-none-eabi-gcc/7-2018-q2-update/gcc/bin/../lib/gcc/arm-none-eabi/7.3.1/thumb/v7e-m/libgcc.a(_udivmoddi4.o)
                0x0000000000004dc4                __udivmoddi4
 .text          0x0000000000005090        0x4 /usr/local/Cellar/arm-none-eabi-gcc/7-2018-q2-update/gcc/bin/../lib/gcc/arm-none-eabi/7.3.1/thumb/v7e-m/libgcc.a(_dvmd_tls.o)
                0x0000000000005090                __aeabi_ldiv0
                0x0000000000005090                __aeabi_idiv0
 *(.init)
 *(.fini)
 *crtbegin.o(.ctors)
 *crtbegin?.o(.ctors)
 *(EXCLUDE_FILE(*crtend.o *crtend?.o) .ctors)
 *(SORT_BY_NAME(.ctors.*))
 *(.ctors)
 *crtbegin.o(.dtors)
 *crtbegin?.o(.dtors)
 *(EXCLUDE_FILE(*crtend.o *crtend?.o) .dtors)
 *(SORT_BY_NAME(.dtors.*))
 *(.dtors)
 *(.rodata*)
 .rodata.main.str1.4
                0x0000000000005094       0x30 /Users/Luppy/PineTime/pinetime-rust-mynewt/bin/targets/nrf52_boot/app/boot/mynewt/boot_mynewt.a(main.o)
 .rodata.COLMOD_PARA.7856
                0x00000000000050c4        0x1 /Users/Luppy/PineTime/pinetime-rust-mynewt/bin/targets/nrf52_boot/app/boot/mynewt/boot_mynewt.a(display_image.o)
 *fill*         0x00000000000050c5        0x3 
 .rodata.FRMCTR1_PARA.7844
                0x00000000000050c8        0x3 /Users/Luppy/PineTime/pinetime-rust-mynewt/bin/targets/nrf52_boot/app/boot/mynewt/boot_mynewt.a(display_image.o)
 *fill*         0x00000000000050cb        0x1 
 .rodata.FRMCTR2_PARA.7845
                0x00000000000050cc        0x3 /Users/Luppy/PineTime/pinetime-rust-mynewt/bin/targets/nrf52_boot/app/boot/mynewt/boot_mynewt.a(display_image.o)
 *fill*         0x00000000000050cf        0x1 
 .rodata.FRMCTR3_PARA.7846
                0x00000000000050d0        0x6 /Users/Luppy/PineTime/pinetime-rust-mynewt/bin/targets/nrf52_boot/app/boot/mynewt/boot_mynewt.a(display_image.o)
 *fill*         0x00000000000050d6        0x2 
 .rodata.INVCTR_PARA.7847
                0x00000000000050d8        0x1 /Users/Luppy/PineTime/pinetime-rust-mynewt/bin/targets/nrf52_boot/app/boot/mynewt/boot_mynewt.a(display_image.o)
 *fill*         0x00000000000050d9        0x3 
 .rodata.MADCTL1_PARA.7854
                0x00000000000050dc        0x1 /Users/Luppy/PineTime/pinetime-rust-mynewt/bin/targets/nrf52_boot/app/boot/mynewt/boot_mynewt.a(display_image.o)
 *fill*         0x00000000000050dd        0x3 
 .rodata.PWCTR1_PARA.7848
                0x00000000000050e0        0x3 /Users/Luppy/PineTime/pinetime-rust-mynewt/bin/targets/nrf52_boot/app/boot/mynewt/boot_mynewt.a(display_image.o)
 *fill*         0x00000000000050e3        0x1 
 .rodata.PWCTR2_PARA.7849
                0x00000000000050e4        0x1 /Users/Luppy/PineTime/pinetime-rust-mynewt/bin/targets/nrf52_boot/app/boot/mynewt/boot_mynewt.a(display_image.o)
 *fill*         0x00000000000050e5        0x3 
 .rodata.PWCTR3_PARA.7850
                0x00000000000050e8        0x2 /Users/Luppy/PineTime/pinetime-rust-mynewt/bin/targets/nrf52_boot/app/boot/mynewt/boot_mynewt.a(display_image.o)
 *fill*         0x00000000000050ea        0x2 
 .rodata.PWCTR4_PARA.7851
                0x00000000000050ec        0x2 /Users/Luppy/PineTime/pinetime-rust-mynewt/bin/targets/nrf52_boot/app/boot/mynewt/boot_mynewt.a(display_image.o)
 *fill*         0x00000000000050ee        0x2 
 .rodata.PWCTR5_PARA.7852
                0x00000000000050f0        0x2 /Users/Luppy/PineTime/pinetime-rust-mynewt/bin/targets/nrf52_boot/app/boot/mynewt/boot_mynewt.a(display_image.o)
 *fill*         0x00000000000050f2        0x2 
 .rodata.VMCTR1_PARA.7853
                0x00000000000050f4        0x1 /Users/Luppy/PineTime/pinetime-rust-mynewt/bin/targets/nrf52_boot/app/boot/mynewt/boot_mynewt.a(display_image.o)
 *fill*         0x00000000000050f5        0x3 
 .rodata.display_image.str1.4
                0x00000000000050f8       0x29 /Users/Luppy/PineTime/pinetime-rust-mynewt/bin/targets/nrf52_boot/app/boot/mynewt/boot_mynewt.a(display_image.o)
 *fill*         0x0000000000005121        0x3 
 .rodata.flash_devs
                0x0000000000005124        0x8 /Users/Luppy/PineTime/pinetime-rust-mynewt/bin/targets/nrf52_boot/app/hw/bsp/nrf52/hw_bsp_nrf52.a(hal_bsp.o)
 .rodata.spiflash_characteristics
                0x000000000000512c       0x30 /Users/Luppy/PineTime/pinetime-rust-mynewt/bin/targets/nrf52_boot/app/hw/drivers/flash/spiflash/hw_drivers_flash_spiflash.a(spiflash.o)
 .rodata.spiflash_flash_funcs
                0x000000000000515c       0x1c /Users/Luppy/PineTime/pinetime-rust-mynewt/bin/targets/nrf52_boot/app/hw/drivers/flash/spiflash/hw_drivers_flash_spiflash.a(spiflash.o)
 .rodata.nrf52k_flash_dev
                0x0000000000005178       0x18 /Users/Luppy/PineTime/pinetime-rust-mynewt/bin/targets/nrf52_boot/app/hw/mcu/nordic/nrf52xxx/hw_mcu_nordic_nrf52xxx.a(hal_flash.o)
                0x0000000000005178                nrf52k_flash_dev
 .rodata.nrf52k_flash_funcs
                0x0000000000005190       0x1c /Users/Luppy/PineTime/pinetime-rust-mynewt/bin/targets/nrf52_boot/app/hw/mcu/nordic/nrf52xxx/hw_mcu_nordic_nrf52xxx.a(hal_flash.o)
 .rodata.nrf52_hal_spis
                0x00000000000051ac        0xc /Users/Luppy/PineTime/pinetime-rust-mynewt/bin/targets/nrf52_boot/app/hw/mcu/nordic/nrf52xxx/hw_mcu_nordic_nrf52xxx.a(hal_spi.o)
 .rodata.os_bsp_spi0m_cfg
                0x00000000000051b8        0x4 /Users/Luppy/PineTime/pinetime-rust-mynewt/bin/targets/nrf52_boot/app/hw/mcu/nordic/nrf52xxx/hw_mcu_nordic_nrf52xxx.a(nrf52_periph.o)
 .rodata.nrf52_hal_timers
                0x00000000000051bc       0x18 /Users/Luppy/PineTime/pinetime-rust-mynewt/bin/targets/nrf52_boot/app/hw/mcu/nordic/nrf52xxx/hw_mcu_nordic_nrf52xxx.a(hal_timer.o)
 .rodata.__assert_func.str1.4
                0x00000000000051d4       0x27 /Users/Luppy/PineTime/pinetime-rust-mynewt/bin/targets/nrf52_boot/app/kernel/os/kernel_os.a(os_fault.o)
 *fill*         0x00000000000051fb        0x1 
 .rodata.os_default_irq.str1.4
                0x00000000000051fc      0x148 /Users/Luppy/PineTime/pinetime-rust-mynewt/bin/targets/nrf52_boot/app/kernel/os/kernel_os.a(os_fault.o)
 .rodata.os_msys_init.str1.4
                0x0000000000005344        0x7 /Users/Luppy/PineTime/pinetime-rust-mynewt/bin/targets/nrf52_boot/app/kernel/os/kernel_os.a(os_msys.o)
 *fill*         0x000000000000534b        0x1 
 .rodata.console_printf.str1.4
                0x000000000000534c        0x7 /Users/Luppy/PineTime/pinetime-rust-mynewt/bin/targets/nrf52_boot/app/libs/semihosting_console/libs_semihosting_console.a(console_fmt.o)
 *fill*         0x0000000000005353        0x1 
 .rodata.boot_complete_partial_swap.str1.4
                0x0000000000005354        0xd /Users/Luppy/PineTime/pinetime-rust-mynewt/bin/targets/nrf52_boot/app/boot/bootutil/boot_bootutil.a(loader.o)
 *fill*         0x0000000000005361        0x3 
 .rodata.boot_prepare_image_for_update.str1.4
                0x0000000000005364       0xa0 /Users/Luppy/PineTime/pinetime-rust-mynewt/bin/targets/nrf52_boot/app/boot/bootutil/boot_bootutil.a(loader.o)
 .rodata.boot_validate_slot.str1.4
                0x0000000000005404       0x3e /Users/Luppy/PineTime/pinetime-rust-mynewt/bin/targets/nrf52_boot/app/boot/bootutil/boot_bootutil.a(loader.o)
 *fill*         0x0000000000005442        0x2 
 .rodata.context_boot_go.str1.4
                0x0000000000005444       0x27 /Users/Luppy/PineTime/pinetime-rust-mynewt/bin/targets/nrf52_boot/app/boot/bootutil/boot_bootutil.a(loader.o)
 *fill*         0x000000000000546b        0x1 
 .rodata.boot_slots_compatible.str1.4
                0x000000000000546c       0xd3 /Users/Luppy/PineTime/pinetime-rust-mynewt/bin/targets/nrf52_boot/app/boot/bootutil/boot_bootutil.a(swap_scratch.o)
 *fill*         0x000000000000553f        0x1 
 .rodata.boot_status_tables
                0x0000000000005540       0x10 /Users/Luppy/PineTime/pinetime-rust-mynewt/bin/targets/nrf52_boot/app/boot/bootutil/boot_bootutil.a(swap_scratch.o)
 .rodata.swap_read_status_bytes.str1.4
                0x0000000000005550       0x24 /Users/Luppy/PineTime/pinetime-rust-mynewt/bin/targets/nrf52_boot/app/boot/bootutil/boot_bootutil.a(swap_scratch.o)
 .rodata.swap_status_source.str1.4
                0x0000000000005574       0xd4 /Users/Luppy/PineTime/pinetime-rust-mynewt/bin/targets/nrf52_boot/app/boot/bootutil/boot_bootutil.a(swap_scratch.o)
 .rodata        0x0000000000005648        0x2 /Users/Luppy/PineTime/pinetime-rust-mynewt/bin/targets/nrf52_boot/app/boot/bootutil/boot_bootutil.a(bootutil_misc.o)
 *fill*         0x000000000000564a        0x2 
 .rodata.boot_img_magic
                0x000000000000564c       0x10 /Users/Luppy/PineTime/pinetime-rust-mynewt/bin/targets/nrf52_boot/app/boot/bootutil/boot_bootutil.a(bootutil_misc.o)
                0x000000000000564c                boot_img_magic
 .rodata.boot_swap_tables
                0x000000000000565c       0x12 /Users/Luppy/PineTime/pinetime-rust-mynewt/bin/targets/nrf52_boot/app/boot/bootutil/boot_bootutil.a(bootutil_misc.o)
 *fill*         0x000000000000566e        0x2 
 .rodata.boot_swap_type_multi.str1.4
                0x0000000000005670       0x46 /Users/Luppy/PineTime/pinetime-rust-mynewt/bin/targets/nrf52_boot/app/boot/bootutil/boot_bootutil.a(bootutil_misc.o)
                                         0x5a (size before relaxing)
 *fill*         0x00000000000056b6        0x2 
 .rodata.K      0x00000000000056b8      0x100 /Users/Luppy/PineTime/pinetime-rust-mynewt/bin/targets/nrf52_boot/app/crypto/mbedtls/crypto_mbedtls.a(sha256.o)
 .rodata.puts.str1.4
                0x00000000000057b8       0x48 /Users/Luppy/PineTime/pinetime-rust-mynewt/bin/targets/nrf52_boot/app/libc/baselibc/libc_baselibc.a(inline.o)
                                          0x2 (size before relaxing)
 .rodata.stdout
                0x00000000000057b8        0x4 /Users/Luppy/PineTime/pinetime-rust-mynewt/bin/targets/nrf52_boot/app/libc/baselibc/libc_baselibc.a(mynewt.o)
                0x00000000000057b8                stdout
 .rodata.sysflash_map_dflt
                0x00000000000057bc       0x48 /Users/Luppy/PineTime/pinetime-rust-mynewt/bin/targets/nrf52_boot/generated/bin/nrf52_boot-sysinit-app.a(nrf52_boot-sysflash.o)
                0x00000000000057bc                sysflash_map_dflt
 *(.eh_frame*)
                0x0000000000005804                . = ALIGN (0x4)

.glue_7         0x0000000000005804        0x0
 .glue_7        0x0000000000005804        0x0 linker stubs

.glue_7t        0x0000000000005804        0x0
 .glue_7t       0x0000000000005804        0x0 linker stubs

.vfp11_veneer   0x0000000000005804        0x0
 .vfp11_veneer  0x0000000000005804        0x0 linker stubs

.v4_bx          0x0000000000005804        0x0
 .v4_bx         0x0000000000005804        0x0 linker stubs

.iplt           0x0000000000005804        0x0
 .iplt          0x0000000000005804        0x0 /Users/Luppy/PineTime/pinetime-rust-mynewt/bin/targets/nrf52_boot/app/hw/bsp/nrf52/hw_bsp_nrf52.a(gcc_startup_nrf52.o)

.ARM.extab      0x0000000000005804        0x0
 *(.ARM.extab* .gnu.linkonce.armextab.*)
                0x0000000000005804                . = ALIGN (0x4)
                0x0000000000005804                __exidx_start = .

.ARM.exidx      0x0000000000005804       0x18
 *(.ARM.exidx* .gnu.linkonce.armexidx.*)
 .ARM.exidx     0x0000000000005804        0x8 /Users/Luppy/PineTime/pinetime-rust-mynewt/bin/targets/nrf52_boot/app/hw/bsp/nrf52/hw_bsp_nrf52.a(gcc_startup_nrf52.o)
 .ARM.exidx     0x000000000000580c       0x10 /Users/Luppy/PineTime/pinetime-rust-mynewt/bin/targets/nrf52_boot/app/kernel/os/kernel_os.a(HAL_CM4.o)
                                         0x30 (size before relaxing)
 .ARM.exidx     0x000000000000581c        0x0 /usr/local/Cellar/arm-none-eabi-gcc/7-2018-q2-update/gcc/bin/../lib/gcc/arm-none-eabi/7.3.1/thumb/v7e-m/libgcc.a(_udivmoddi4.o)
                                          0x8 (size before relaxing)
                0x000000000000581c                . = ALIGN (0x4)
                0x000000000000581c                __exidx_end = .
                0x000000000000581c                __etext = .

.rel.dyn        0x000000000000581c        0x0
 .rel.iplt      0x000000000000581c        0x0 /Users/Luppy/PineTime/pinetime-rust-mynewt/bin/targets/nrf52_boot/app/hw/bsp/nrf52/hw_bsp_nrf52.a(gcc_startup_nrf52.o)

.vector_relocation
                0x0000000020000000       0xd8
                0x0000000020000000                . = ALIGN (0x4)
                0x0000000020000000                __vector_tbl_reloc__ = .
                0x00000000200000d8                . = (. + (__isr_vector_end - __isr_vector_start))
 *fill*         0x0000000020000000       0xd8 
                0x00000000200000d8                . = ALIGN (0x4)

.rtt            0x00000000200000d8        0x0
                0x00000000200000d8                . = ALIGN (0x4)
 *(.rtt)
                0x00000000200000d8                . = ALIGN (0x4)

.data           0x00000000200000d8       0x84 load address 0x000000000000581c
                0x00000000200000d8                __data_start__ = .
 *(vtable)
 *(.data*)
 .data          0x00000000200000d8        0xc /Users/Luppy/PineTime/pinetime-rust-mynewt/bin/targets/nrf52_boot/app/hw/bsp/nrf52/hw_bsp_nrf52.a(sbrk.o)
 .data.SystemCoreClock
                0x00000000200000e4        0x4 /Users/Luppy/PineTime/pinetime-rust-mynewt/bin/targets/nrf52_boot/app/hw/mcu/nordic/nrf52xxx/hw_mcu_nordic_nrf52xxx.a(system_nrf52.o)
                0x00000000200000e4                SystemCoreClock
 .data.spiflash_dev
                0x00000000200000e8       0x40 /Users/Luppy/PineTime/pinetime-rust-mynewt/bin/targets/nrf52_boot/app/hw/drivers/flash/spiflash/hw_drivers_flash_spiflash.a(spiflash.o)
                0x00000000200000e8                spiflash_dev
 .data.supported_chips
                0x0000000020000128       0x10 /Users/Luppy/PineTime/pinetime-rust-mynewt/bin/targets/nrf52_boot/app/hw/drivers/flash/spiflash/hw_drivers_flash_spiflash.a(spiflash.o)
 .data.g_msys_pool_list
                0x0000000020000138        0x8 /Users/Luppy/PineTime/pinetime-rust-mynewt/bin/targets/nrf52_boot/app/kernel/os/kernel_os.a(os_msys.o)
 .data.g_os_run_list
                0x0000000020000140        0x8 /Users/Luppy/PineTime/pinetime-rust-mynewt/bin/targets/nrf52_boot/app/kernel/os/kernel_os.a(os_sched.o)
                0x0000000020000140                g_os_run_list
 .data          0x0000000020000148        0x0 /Users/Luppy/PineTime/pinetime-rust-mynewt/bin/targets/nrf52_boot/app/kernel/os/kernel_os.a(HAL_CM4.o)
                0x0000000020000148                __aeabi_unwind_cpp_pr0
 .data.log_enabled
                0x0000000020000148        0x1 /Users/Luppy/PineTime/pinetime-rust-mynewt/bin/targets/nrf52_boot/app/libs/semihosting_console/libs_semihosting_console.a(semihosting_console.o)
 *fill*         0x0000000020000149        0x3 
 .data.sysinit_panic_cb
                0x000000002000014c        0x4 /Users/Luppy/PineTime/pinetime-rust-mynewt/bin/targets/nrf52_boot/app/sys/sysinit/sys_sysinit.a(sysinit.o)
                0x000000002000014c                sysinit_panic_cb
 .data._stdin   0x0000000020000150        0x4 /Users/Luppy/PineTime/pinetime-rust-mynewt/bin/targets/nrf52_boot/app/libc/baselibc/libc_baselibc.a(mynewt.o)
 .data._stdin_methods
                0x0000000020000154        0x8 /Users/Luppy/PineTime/pinetime-rust-mynewt/bin/targets/nrf52_boot/app/libc/baselibc/libc_baselibc.a(mynewt.o)
                0x000000002000015c                . = ALIGN (0x4)
                [!provide]                        PROVIDE (__preinit_array_start = .)
 *(.preinit_array)
                [!provide]                        PROVIDE (__preinit_array_end = .)
                0x000000002000015c                . = ALIGN (0x4)
                [!provide]                        PROVIDE (__init_array_start = .)
 *(SORT_BY_NAME(.init_array.*))
 *(.init_array)
                [!provide]                        PROVIDE (__init_array_end = .)
                0x000000002000015c                . = ALIGN (0x4)
                [!provide]                        PROVIDE (__fini_array_start = .)
 *(SORT_BY_NAME(.fini_array.*))
 *(.fini_array)
                [!provide]                        PROVIDE (__fini_array_end = .)
 *(.jcr)
                0x000000002000015c                . = ALIGN (0x4)
                0x000000002000015c                __data_end__ = .

.igot.plt       0x000000002000015c        0x0 load address 0x00000000000058a0
 .igot.plt      0x000000002000015c        0x0 /Users/Luppy/PineTime/pinetime-rust-mynewt/bin/targets/nrf52_boot/app/hw/bsp/nrf52/hw_bsp_nrf52.a(gcc_startup_nrf52.o)

.bssnz          0x000000002000015c        0x0 load address 0x00000000000058a0
                0x000000002000015c                . = ALIGN (0x4)
                0x000000002000015c                __bssnz_start__ = .
 *(.bss.core.nz*)
                0x000000002000015c                . = ALIGN (0x4)
                0x000000002000015c                __bssnz_end__ = .

.bss            0x000000002000015c     0x62c8 load address 0x00000000000058a0
                0x000000002000015c                . = ALIGN (0x4)
                0x000000002000015c                __bss_start__ = .
 *(.bss*)
 .bss.flash_buffer
                0x000000002000015c      0x100 /Users/Luppy/PineTime/pinetime-rust-mynewt/bin/targets/nrf52_boot/app/boot/mynewt/boot_mynewt.a(display_image.o)
 .bss.protected_flash
                0x000000002000025c        0x1 /Users/Luppy/PineTime/pinetime-rust-mynewt/bin/targets/nrf52_boot/app/hw/hal/hw_hal.a(hal_flash.o)
 *fill*         0x000000002000025d        0x3 
 .bss.g_os_dev_list
                0x0000000020000260        0x8 /Users/Luppy/PineTime/pinetime-rust-mynewt/bin/targets/nrf52_boot/app/kernel/os/kernel_os.a(os_dev.o)
 .bss.os_flags  0x0000000020000268        0x4 /Users/Luppy/PineTime/pinetime-rust-mynewt/bin/targets/nrf52_boot/app/kernel/os/kernel_os.a(os_arch_arm.o)
                0x0000000020000268                os_flags
 .bss.os_msys_1_data
                0x000000002000026c     0x4900 /Users/Luppy/PineTime/pinetime-rust-mynewt/bin/targets/nrf52_boot/app/kernel/os/kernel_os.a(os_msys.o)
 .bss.os_msys_1_mbuf_pool
                0x0000000020004b6c        0xc /Users/Luppy/PineTime/pinetime-rust-mynewt/bin/targets/nrf52_boot/app/kernel/os/kernel_os.a(os_msys.o)
 .bss.os_msys_1_mempool
                0x0000000020004b78       0x1c /Users/Luppy/PineTime/pinetime-rust-mynewt/bin/targets/nrf52_boot/app/kernel/os/kernel_os.a(os_msys.o)
 .bss.avail_queue
                0x0000000020004b94       0x10 /Users/Luppy/PineTime/pinetime-rust-mynewt/bin/targets/nrf52_boot/app/libs/semihosting_console/libs_semihosting_console.a(console.o)
 .bss.console_write_lock
                0x0000000020004ba4        0xc /Users/Luppy/PineTime/pinetime-rust-mynewt/bin/targets/nrf52_boot/app/libs/semihosting_console/libs_semihosting_console.a(console.o)
 .bss.semihost_mbuf
                0x0000000020004bb0        0x4 /Users/Luppy/PineTime/pinetime-rust-mynewt/bin/targets/nrf52_boot/app/libs/semihosting_console/libs_semihosting_console.a(semihosting_console.o)
 .bss.do_ticks  0x0000000020004bb4        0x1 /Users/Luppy/PineTime/pinetime-rust-mynewt/bin/targets/nrf52_boot/app/libs/semihosting_console/libs_semihosting_console.a(ticks.o)
 *fill*         0x0000000020004bb5        0x3 
 .bss.boot_data
                0x0000000020004bb8       0x6c /Users/Luppy/PineTime/pinetime-rust-mynewt/bin/targets/nrf52_boot/app/boot/bootutil/boot_bootutil.a(loader.o)
 .bss.buf.4971  0x0000000020004c24      0x400 /Users/Luppy/PineTime/pinetime-rust-mynewt/bin/targets/nrf52_boot/app/boot/bootutil/boot_bootutil.a(loader.o)
 .bss.primary_slot_sectors.5011
                0x0000000020005024      0x600 /Users/Luppy/PineTime/pinetime-rust-mynewt/bin/targets/nrf52_boot/app/boot/bootutil/boot_bootutil.a(loader.o)
 .bss.scratch_sectors.5013
                0x0000000020005624      0x600 /Users/Luppy/PineTime/pinetime-rust-mynewt/bin/targets/nrf52_boot/app/boot/bootutil/boot_bootutil.a(loader.o)
 .bss.secondary_slot_sectors.5012
                0x0000000020005c24      0x600 /Users/Luppy/PineTime/pinetime-rust-mynewt/bin/targets/nrf52_boot/app/boot/bootutil/boot_bootutil.a(loader.o)
 .bss.tmpbuf.4904
                0x0000000020006224      0x100 /Users/Luppy/PineTime/pinetime-rust-mynewt/bin/targets/nrf52_boot/app/boot/bootutil/boot_bootutil.a(loader.o)
 .bss.mfg_areas.7780
                0x0000000020006324       0x78 /Users/Luppy/PineTime/pinetime-rust-mynewt/bin/targets/nrf52_boot/app/sys/flash_map/sys_flash_map.a(flash_map.o)
 .bss.mfg_initialized
                0x000000002000639c        0x1 /Users/Luppy/PineTime/pinetime-rust-mynewt/bin/targets/nrf52_boot/app/sys/mfg/sys_mfg.a(mfg.o)
 *fill*         0x000000002000639d        0x3 
 .bss.mfg_mmrs  0x00000000200063a0       0x18 /Users/Luppy/PineTime/pinetime-rust-mynewt/bin/targets/nrf52_boot/app/sys/mfg/sys_mfg.a(mfg.o)
 .bss.mfg_num_mmrs
                0x00000000200063b8        0x4 /Users/Luppy/PineTime/pinetime-rust-mynewt/bin/targets/nrf52_boot/app/sys/mfg/sys_mfg.a(mfg.o)
 *(COMMON)
 COMMON         0x00000000200063bc       0x28 /Users/Luppy/PineTime/pinetime-rust-mynewt/bin/targets/nrf52_boot/app/hw/mcu/nordic/nrf52xxx/hw_mcu_nordic_nrf52xxx.a(hal_spi.o)
                0x00000000200063bc                nrf52_hal_spi0
 COMMON         0x00000000200063e4       0x1c /Users/Luppy/PineTime/pinetime-rust-mynewt/bin/targets/nrf52_boot/app/hw/mcu/nordic/nrf52xxx/hw_mcu_nordic_nrf52xxx.a(hal_timer.o)
                0x00000000200063e4                nrf52_hal_timer0
 COMMON         0x0000000020006400        0x4 /Users/Luppy/PineTime/pinetime-rust-mynewt/bin/targets/nrf52_boot/app/kernel/os/kernel_os.a(os_time.o)
                0x0000000020006400                g_os_time
 COMMON         0x0000000020006404        0x8 /Users/Luppy/PineTime/pinetime-rust-mynewt/bin/targets/nrf52_boot/app/kernel/os/kernel_os.a(os_mempool.o)
                0x0000000020006404                g_os_mempool_list
 COMMON         0x000000002000640c        0x8 /Users/Luppy/PineTime/pinetime-rust-mynewt/bin/targets/nrf52_boot/app/kernel/os/kernel_os.a(os_sched.o)
                0x000000002000640c                g_current_task
                0x0000000020006410                g_os_last_ctx_sw_time
 COMMON         0x0000000020006414        0x6 /Users/Luppy/PineTime/pinetime-rust-mynewt/bin/targets/nrf52_boot/app/libs/semihosting_console/libs_semihosting_console.a(console.o)
                0x0000000020006414                console_is_midline
                0x0000000020006418                g_console_input_ignore
                0x0000000020006419                g_silence_console
 COMMON         0x000000002000641a        0x1 /Users/Luppy/PineTime/pinetime-rust-mynewt/bin/targets/nrf52_boot/app/sys/sysinit/sys_sysinit.a(sysinit.o)
                0x000000002000641a                sysinit_active
 *fill*         0x000000002000641b        0x1 
 COMMON         0x000000002000641c        0x8 /Users/Luppy/PineTime/pinetime-rust-mynewt/bin/targets/nrf52_boot/app/sys/flash_map/sys_flash_map.a(flash_map.o)
                0x000000002000641c                flash_map
                0x0000000020006420                flash_map_entries
                0x0000000020006424                . = ALIGN (0x4)
                0x0000000020006424                __bss_end__ = .
                0x0000000020006428                . = ALIGN (0x8)
                0x0000000020006428                __HeapBase = .

.stack_dummy    0x0000000020006428      0x1b0 load address 0x00000000000058a0
 *(.stack*)
 .stack         0x0000000020006428      0x1b0 /Users/Luppy/PineTime/pinetime-rust-mynewt/bin/targets/nrf52_boot/app/hw/bsp/nrf52/hw_bsp_nrf52.a(gcc_startup_nrf52.o)
                0x0000000020000000                _ram_start = ORIGIN (RAM)
                0x0000000020010000                __StackTop = (ORIGIN (RAM) + LENGTH (RAM))
                0x000000002000fe50                __StackLimit = (__StackTop - SIZEOF (.stack_dummy))
                [!provide]                        PROVIDE (__stack = __StackTop)
                0x000000002000fe50                __HeapLimit = __StackLimit
                0x0000000000000001                ASSERT ((__HeapBase <= __HeapLimit), region RAM overflowed with stack)
OUTPUT(/Users/Luppy/PineTime/pinetime-rust-mynewt/bin/targets/nrf52_boot/app/boot/mynewt/mynewt.elf elf32-littlearm)

.heap           0x0000000000000000        0x0